WARNING: Logging before InitGoogleLogging() is written to STDERR
I20250924 20:34:49.532727 726478 Sta.cc:375] read verilog file syn/result/NPC-500MHz/NPC.netlist.fixed.v start
I20250924 20:34:49.532826 726478 VerilogParserRustC.cc:41] load verilog file syn/result/NPC-500MHz/NPC.netlist.fixed.v
r str syn/result/NPC-500MHz/NPC.netlist.fixed.v
I20250924 20:34:49.712903 726478 Sta.cc:379] read verilog end
I20250924 20:34:49.713030 726478 Sta.cc:298] load lib start
I20250924 20:34:49.717633 726482 LibParserRustC.cc:1269] load liberty file syn/scripts/../nangate45/lib/merged.lib
rust read lib file syn/scripts/../nangate45/lib/merged.lib
I20250924 20:34:50.425753 726482 LibParserRustC.cc:1278] load liberty file syn/scripts/../nangate45/lib/merged.lib success.
I20250924 20:34:50.426420 726478 Sta.cc:317] load lib end
I20250924 20:34:50.426470 726478 Sta.cc:405] link design NPC start
I20250924 20:34:50.438576 726517 LibParserRustC.cc:1289] link liberty file syn/scripts/../nangate45/lib/merged.lib start.
I20250924 20:34:51.014055 726517 LibParserRustC.cc:1295] link liberty file syn/scripts/../nangate45/lib/merged.lib success.
I20250924 20:34:52.199508 726478 Sta.cc:790] link design NPC end
I20250924 20:34:52.205971 726478 Sta.cc:172] read sdc syn/sdc/NPC.sdc start 
I20250924 20:34:52.206699 726478 CmdCreateClock.cc:116] create clock core_clock for pin/port: clock
I20250924 20:34:52.206728 726478 Sta.cc:185] read sdc end
I20250924 20:34:52.206753 726478 StaBuildGraph.cc:310] build graph start
I20250924 20:34:53.538313 726478 StaBuildGraph.cc:212] net core/isu/busy[0] has no driver.
I20250924 20:34:53.722260 726478 StaBuildGraph.cc:327] build graph end
I20250924 20:34:53.722294 726478 Sta.cc:2287] update timing start
I20250924 20:34:53.748414 726478 StaApplySdc.cc:694] apply sdc start
I20250924 20:34:53.748482 726478 StaApplySdc.cc:725] apply sdc end
I20250924 20:34:53.749366 726478 StaClockPropagation.cc:320] ideal clock propagation start
I20250924 20:34:53.749420 726478 StaClockPropagation.cc:203] clock propagate end to vertex clint/_1458_:CK
I20250924 20:34:53.766073 726478 StaClockPropagation.cc:416] ideal clock propagation end
I20250924 20:34:53.766098 726478 StaCheck.cc:129] found loop fwd start
I20250924 20:34:53.791486 726478 StaCheck.cc:148] found loop fwd end
I20250924 20:34:53.791501 726478 StaCheck.cc:150] found loop bwd start
I20250924 20:34:53.813269 726478 StaCheck.cc:172] found loop bwd end
I20250924 20:34:53.813292 726478 StaSlewPropagation.cc:266] slew propagation start
E20250924 20:34:53.815538 726571 Lib.cc:174] Warning: val outside table ranges:  val = 0; min_val = 0.00117378; max_val = 0.198535
E20250924 20:34:53.815591 726578 Lib.cc:174] Warning: val outside table ranges:  val = 0; min_val = 0.00117378; max_val = 0.198535
E20250924 20:34:53.815688 726597 Lib.cc:174] Warning: val outside table ranges:  val = 0; min_val = 0.00117378; max_val = 0.198535
E20250924 20:34:53.815554 726576 Lib.cc:174] Warning: val outside table ranges:  val = 0; min_val = 0.00117378; max_val = 0.198535
E20250924 20:34:53.815676 726571 Lib.cc:174] Warning: val outside table ranges:  val = 0; min_val = 0.00117378; max_val = 0.198535
E20250924 20:34:53.815791 726597 Lib.cc:174] Warning: val outside table ranges:  val = 0; min_val = 0.00117378; max_val = 0.198535
E20250924 20:34:53.815680 726578 Lib.cc:174] Warning: val outside table ranges:  val = 0; min_val = 0.00117378; max_val = 0.198535
E20250924 20:34:53.815788 726576 Lib.cc:174] Warning: val outside table ranges:  val = 0; min_val = 0.00117378; max_val = 0.198535
E20250924 20:34:53.815574 726570 Lib.cc:174] Warning: val outside table ranges:  val = 0; min_val = 0.00117378; max_val = 0.198535
E20250924 20:34:53.815580 726584 Lib.cc:174] Warning: val outside table ranges:  val = 0; min_val = 0.00117378; max_val = 0.198535
I20250924 20:34:54.207463 726478 StaSlewPropagation.cc:305] slew propagation end
I20250924 20:34:54.207522 726478 StaDelayPropagation.cc:268] delay propagation start
I20250924 20:34:54.450862 726478 StaDelayPropagation.cc:309] delay propagation end
I20250924 20:34:54.450930 726478 StaClockPropagation.cc:322] propagated(kNormal) clock propagation start
I20250924 20:34:54.450951 726478 StaClockPropagation.cc:418] propagated(kNormal) clock propagation end
I20250924 20:34:54.450965 726478 StaApplySdc.cc:694] apply sdc start
I20250924 20:34:54.450978 726478 StaApplySdc.cc:725] apply sdc end
I20250924 20:34:54.450991 726478 StaClockPropagation.cc:324] propagated(kGenerated) clock propagation start
I20250924 20:34:54.451002 726478 StaClockPropagation.cc:420] propagated(kGenerated) clock propagation end
I20250924 20:34:54.451014 726478 StaApplySdc.cc:694] apply sdc start
I20250924 20:34:54.451025 726478 StaApplySdc.cc:725] apply sdc end
I20250924 20:34:54.478782 726478 StaBuildPropTag.cc:325] build propagation tag start
I20250924 20:34:54.478837 726478 StaDataPropagation.cc:589] data fwd propagation start
I20250924 20:34:54.481952 726636 StaDataPropagation.cc:529] Thread 125427651593792 date fwd propagate found start vertex.reset
I20250924 20:34:54.481984 726635 StaDataPropagation.cc:529] Thread 125427643201088 date fwd propagate found start vertex.clint/_1501_:CK
I20250924 20:34:54.482057 726641 StaDataPropagation.cc:529] Thread 125427853018688 date fwd propagate found start vertex.clint/_1504_:CK
I20250924 20:34:54.482120 726654 StaDataPropagation.cc:529] Thread 125427743913536 date fwd propagate found start vertex.clint/_1512_:CK
I20250924 20:34:54.482177 726649 StaDataPropagation.cc:529] Thread 125427785877056 date fwd propagate found start vertex.clint/_1507_:CK
I20250924 20:34:54.482211 726662 StaDataPropagation.cc:529] Thread 125427676771904 date fwd propagate found start vertex.clint/_1523_:CK
I20250924 20:34:54.482231 726635 StaDataPropagation.cc:529] Thread 125427643201088 date fwd propagate found start vertex.clint/_1502_:CK
I20250924 20:34:54.482257 726641 StaDataPropagation.cc:529] Thread 125427853018688 date fwd propagate found start vertex.clint/_1506_:CK
I20250924 20:34:54.482288 726654 StaDataPropagation.cc:529] Thread 125427743913536 date fwd propagate found start vertex.clint/_1511_:CK
I20250924 20:34:54.482261 726664 StaDataPropagation.cc:529] Thread 125427626415680 date fwd propagate found start vertex.clint/_1541_:CK
I20250924 20:34:54.801959 726478 StaDataPropagation.cc:632] data fwd propagation end
I20250924 20:34:54.802037 726478 StaDataPropagation.cc:589] data fwd propagation start
I20250924 20:34:54.829128 726478 StaDataPropagation.cc:632] data fwd propagation end
I20250924 20:34:54.829221 726478 StaAnalyze.cc:539] analyze timing path start
E20250924 20:34:54.872431 726478 StaAnalyze.cc:324] The output port io_master_arvalid is not constrained
E20250924 20:34:54.872474 726478 StaAnalyze.cc:324] The output port io_master_arvalid is not constrained
E20250924 20:34:54.872490 726478 StaAnalyze.cc:324] The output port io_master_awvalid is not constrained
E20250924 20:34:54.872504 726478 StaAnalyze.cc:324] The output port io_master_awvalid is not constrained
E20250924 20:34:54.872519 726478 StaAnalyze.cc:324] The output port io_master_bready is not constrained
E20250924 20:34:54.872532 726478 StaAnalyze.cc:324] The output port io_master_bready is not constrained
E20250924 20:34:54.872547 726478 StaAnalyze.cc:324] The output port io_master_rready is not constrained
E20250924 20:34:54.872560 726478 StaAnalyze.cc:324] The output port io_master_rready is not constrained
E20250924 20:34:54.872575 726478 StaAnalyze.cc:324] The output port io_master_wlast is not constrained
E20250924 20:34:54.872588 726478 StaAnalyze.cc:324] The output port io_master_wlast is not constrained
I20250924 20:34:54.945768 726478 StaAnalyze.cc:577] analyze timing path end
I20250924 20:34:54.945799 726478 StaApplySdc.cc:694] apply sdc start
I20250924 20:34:54.945813 726478 StaApplySdc.cc:725] apply sdc end
I20250924 20:34:54.945822 726478 StaDataPropagation.cc:635] data bwd propagation start
I20250924 20:34:54.948215 726714 StaDataPropagation.cc:171] Thread 125427869804096 data bwd propagate found end vertex.clint/_1480_:D
I20250924 20:34:54.948223 726717 StaDataPropagation.cc:171] Thread 125427844625984 data bwd propagate found end vertex.clint/_1484_:D
I20250924 20:34:54.948242 726718 StaDataPropagation.cc:171] Thread 125427836233280 data bwd propagate found end vertex.clint/_1519_:D
I20250924 20:34:54.948277 726725 StaDataPropagation.cc:171] Thread 125427777484352 data bwd propagate found end vertex.clint/_1458_:D
I20250924 20:34:54.948262 726711 StaDataPropagation.cc:171] Thread 125427651593792 data bwd propagate found end vertex.clint/_1523_:D
I20250924 20:34:54.948222 726712 StaDataPropagation.cc:171] Thread 125427659986496 data bwd propagate found end vertex.clint/_1515_:D
I20250924 20:34:54.948253 726720 StaDataPropagation.cc:171] Thread 125427819447872 data bwd propagate found end vertex.clint/_1521_:D
I20250924 20:34:54.948225 726713 StaDataPropagation.cc:171] Thread 125427668379200 data bwd propagate found end vertex.clint/_1513_:D
I20250924 20:34:54.948253 726710 StaDataPropagation.cc:171] Thread 125427643201088 data bwd propagate found end vertex.clint/_1488_:D
I20250924 20:34:54.948235 726715 StaDataPropagation.cc:171] Thread 125427861411392 data bwd propagate found end vertex.clint/_1517_:D
I20250924 20:34:55.009799 726478 StaDataPropagation.cc:670] data bwd propagation end
I20250924 20:34:55.009879 726478 Sta.cc:2316] update timing end
I20250924 20:34:55.010849 726478 Sta.cc:2410] start write sta report.
I20250924 20:34:55.010872 726478 Sta.cc:2411] output sta report path: syn/result/NPC-500MHz
I20250924 20:34:55.016299 726478 StaReport.cc:188] report the clock group core_clock 3 timing paths.
I20250924 20:34:55.027120 726478 StaReport.cc:188] report the clock group core_clock 3 timing paths.
I20250924 20:34:55.034914 726478 StaReport.cc:188] report the clock group core_clock 1 timing paths.
I20250924 20:34:55.039382 726478 StaReport.cc:188] report the clock group core_clock 3 timing paths.
I20250924 20:34:55.044572 726478 StaReport.cc:188] report the clock group core_clock 3 timing paths.
I20250924 20:34:55.051729 726478 StaReport.cc:188] report the clock group core_clock 1 timing paths.
I20250924 20:34:55.051755 726478 Sta.cc:1390] 
+---------------+-------------+------------+------------+---------------+-------+-------+-----------+
| Endpoint      | Clock Group | Delay Type | Path Delay | Path Required | CPPR  | Slack | Freq(MHz) |
+---------------+-------------+------------+------------+---------------+-------+-------+-----------+
| core/_3013_:D | core_clock  | max        | 1.760f     | 1.961         | 0.000 | 0.201 | 555.842   |
| core/_3006_:D | core_clock  | max        | 1.760f     | 1.961         | 0.000 | 0.201 | 555.842   |
| core/_3010_:D | core_clock  | max        | 1.760f     | 1.961         | 0.000 | 0.201 | 555.842   |
| core/_2972_:D | core_clock  | min        | 0.081f     | 0.002         | 0.000 | 0.079 | NA        |
| core/_2972_:D | core_clock  | min        | 0.088r     | 0.006         | 0.000 | 0.082 | NA        |
| core/_2973_:D | core_clock  | min        | 0.124f     | 0.002         | 0.000 | 0.122 | NA        |
+---------------+-------------+------------+------------+---------------+-------+-------+-----------+
I20250924 20:34:55.051935 726478 Sta.cc:1391] 
+------------+------------+-------+
| Clock      | Delay Type | TNS   |
+------------+------------+-------+
| core_clock | max        | 0.000 |
| core_clock | min        | 0.000 |
+------------+------------+-------+
I20250924 20:34:55.544852 726478 NetlistWriter.cc:52] start write verilog file syn/result/NPC-500MHz/NPC.v
I20250924 20:34:55.760448 726478 NetlistWriter.cc:71] finish write verilog file syn/result/NPC-500MHz/NPC.v
I20250924 20:34:55.760490 726478 Sta.cc:2495] The timing engine run success.
