[Data config set] lib = syn/scripts/../nangate45/lib/merged.lib
[Data config set] sdc = syn/sdc/NPC.sdc
[Data config set] tech lef = syn/scripts/../nangate45/lef/NangateOpenCellLibrary.tech.lef
Read LEF file : syn/scripts/../nangate45/lef/NangateOpenCellLibrary.tech.lef
[Data config set] lef = syn/scripts/../nangate45/lef/NangateOpenCellLibrary.macro.mod.lef
Read LEF file : syn/scripts/../nangate45/lef/NangateOpenCellLibrary.macro.mod.lef
[Data config set] verilog = syn/result/NPC-450MHz/NPC.netlist.syn.v
Read Verilog file success : syn/result/NPC-450MHz/NPC.netlist.syn.v
WARNING: Logging before InitGoogleLogging() is written to STDERR
I20250825 23:44:10.631861 42491 VerilogParserRustC.cc:41] load verilog file syn/result/NPC-450MHz/NPC.netlist.syn.v
r str syn/result/NPC-450MHz/NPC.netlist.syn.v
flatten module NPC  start
flatten module Clint inst clint
flatten module Core inst core
flatten module CSR inst csr
flatten module EXU inst exu
flatten module GPR inst gpr
flatten module iCache inst icache
flatten module IDU inst idu
flatten module IFU inst ifu
flatten module LSU inst lsu
flatten module WBU inst wbu
flatten module Xbar_new inst xbar
flatten module NPC end
Processed 1000 pins...
Processed 2000 pins...
Processed 3000 pins...
Processed 4000 pins...
Processed 5000 pins...
Processed 6000 pins...
Processed 7000 pins...
Processed 8000 pins...
Processed 9000 pins...
Processed 10000 pins...
Processed 11000 pins...
Processed 12000 pins...
Processed 13000 pins...
Processed 14000 pins...
Processed 15000 pins...
Processed 16000 pins...
Processed 17000 pins...
Processed 18000 pins...
Processed 19000 pins...
Processed 20000 pins...
Processed 21000 pins...
Processed 22000 pins...
Processed 23000 pins...
Processed 1000 nets...
Processed 2000 nets...
Processed 3000 nets...
Processed 4000 nets...
Processed 5000 nets...
Processed 6000 nets...
Processed 7000 nets...
Processed 8000 nets...
Processed 9000 nets...
Processed 10000 nets...
Processed 11000 nets...
Processed 12000 nets...
Processed 13000 nets...
Processed 14000 nets...
Processed 15000 nets...
Processed 16000 nets...
Processed 17000 nets...
Processed 18000 nets...
Processed 19000 nets...
Processed 20000 nets...
Processed 21000 nets...
Processed 22000 nets...
Processed 23000 nets...
Processed 1000 components...
Processed 2000 components...
Processed 3000 components...
Processed 4000 components...
Processed 5000 components...
Processed 6000 components...
Processed 7000 components...
Processed 8000 components...
Processed 9000 components...
Processed 10000 components...
Processed 11000 components...
Processed 12000 components...
Processed 13000 components...
Processed 14000 components...
Processed 15000 components...
Processed 16000 components...
Processed 17000 components...
Processed 18000 components...
Processed 19000 components...
Processed 20000 components...
Processed 21000 components...
I20250825 23:44:13.331976 42491 Sta.cc:298] load lib start
I20250825 23:44:13.337652 42532 LibParserRustC.cc:1269] load liberty file syn/scripts/../nangate45/lib/merged.lib
rust read lib file syn/scripts/../nangate45/lib/merged.lib
I20250825 23:44:13.978297 42532 LibParserRustC.cc:1278] load liberty file syn/scripts/../nangate45/lib/merged.lib success.
I20250825 23:44:13.979318 42491 Sta.cc:317] load lib end
I20250825 23:44:13.988906 42637 LibParserRustC.cc:1289] link liberty file syn/scripts/../nangate45/lib/merged.lib start.
I20250825 23:44:14.636754 42637 LibParserRustC.cc:1295] link liberty file syn/scripts/../nangate45/lib/merged.lib success.
I20250825 23:44:14.636924 42491 TimingIDBAdapter.cc:738] core area width -0um height -0um
I20250825 23:44:16.456140 42491 Sta.cc:172] read sdc syn/sdc/NPC.sdc start 
I20250825 23:44:16.460165 42491 CmdCreateClock.cc:116] create clock core_clock for pin/port: clock
I20250825 23:44:16.460214 42491 Sta.cc:185] read sdc end
I20250825 23:44:16.460237 42491 StaBuildGraph.cc:310] build graph start
I20250825 23:44:18.442215 42491 StaBuildGraph.cc:327] build graph end
I20250825 23:44:18.543202 42491 Sta.cc:2287] update timing start
I20250825 23:44:18.576843 42491 StaApplySdc.cc:694] apply sdc start
I20250825 23:44:18.577162 42491 StaApplySdc.cc:725] apply sdc end
I20250825 23:44:18.578171 42491 StaClockPropagation.cc:320] ideal clock propagation start
I20250825 23:44:18.578433 42491 StaClockPropagation.cc:203] clock propagate end to vertex clint/_1111_:CK
I20250825 23:44:18.602659 42491 StaClockPropagation.cc:416] ideal clock propagation end
I20250825 23:44:18.602684 42491 StaCheck.cc:129] found loop fwd start
I20250825 23:44:18.636407 42491 StaCheck.cc:148] found loop fwd end
I20250825 23:44:18.636423 42491 StaCheck.cc:150] found loop bwd start
I20250825 23:44:18.665357 42491 StaCheck.cc:172] found loop bwd end
I20250825 23:44:18.665378 42491 StaSlewPropagation.cc:266] slew propagation start
E20250825 23:44:18.668717 42746 Lib.cc:174] Warning: val outside table ranges:  val = 0; min_val = 0.00117378; max_val = 0.198535
E20250825 23:44:18.668839 42746 Lib.cc:174] Warning: val outside table ranges:  val = 0; min_val = 0.00117378; max_val = 0.198535
E20250825 23:44:18.668903 42746 Lib.cc:174] Warning: val outside table ranges:  val = 0; min_val = 0.00117378; max_val = 0.198535
E20250825 23:44:18.669325 42746 Lib.cc:174] Warning: val outside table ranges:  val = 0; min_val = 0.00117378; max_val = 0.198535
E20250825 23:44:18.669391 42746 Lib.cc:174] Warning: val outside table ranges:  val = 0; min_val = 0.00117378; max_val = 0.198535
E20250825 23:44:18.669437 42746 Lib.cc:174] Warning: val outside table ranges:  val = 0; min_val = 0.00117378; max_val = 0.198535
E20250825 23:44:18.669488 42746 Lib.cc:174] Warning: val outside table ranges:  val = 0; min_val = 0.00117378; max_val = 0.198535
E20250825 23:44:18.669548 42746 Lib.cc:174] Warning: val outside table ranges:  val = 0; min_val = 0.00117378; max_val = 0.198535
E20250825 23:44:18.669823 42746 Lib.cc:174] Warning: val outside table ranges:  val = 0; min_val = 0.00117378; max_val = 0.198535
E20250825 23:44:18.669844 42730 Lib.cc:174] Warning: val outside table ranges:  val = 0; min_val = 0.00117378; max_val = 0.198535
I20250825 23:44:19.170094 42491 StaSlewPropagation.cc:305] slew propagation end
I20250825 23:44:19.170154 42491 StaDelayPropagation.cc:268] delay propagation start
I20250825 23:44:19.565829 42491 StaDelayPropagation.cc:309] delay propagation end
I20250825 23:44:19.565912 42491 StaClockPropagation.cc:322] propagated(kNormal) clock propagation start
I20250825 23:44:19.565938 42491 StaClockPropagation.cc:418] propagated(kNormal) clock propagation end
I20250825 23:44:19.565958 42491 StaApplySdc.cc:694] apply sdc start
I20250825 23:44:19.565974 42491 StaApplySdc.cc:725] apply sdc end
I20250825 23:44:19.565991 42491 StaClockPropagation.cc:324] propagated(kGenerated) clock propagation start
I20250825 23:44:19.566006 42491 StaClockPropagation.cc:420] propagated(kGenerated) clock propagation end
I20250825 23:44:19.566022 42491 StaApplySdc.cc:694] apply sdc start
I20250825 23:44:19.566037 42491 StaApplySdc.cc:725] apply sdc end
I20250825 23:44:19.614492 42491 StaBuildPropTag.cc:325] build propagation tag start
I20250825 23:44:19.614873 42491 StaDataPropagation.cc:589] data fwd propagation start
I20250825 23:44:19.620762 42813 StaDataPropagation.cc:529] Thread 129752591820352 date fwd propagate found start vertex.core/lsu/_3005_:CK
I20250825 23:44:19.621048 42845 StaDataPropagation.cc:529] Thread 129752734496320 date fwd propagate found start vertex.core/icache/_8335_:CK
I20250825 23:44:19.621069 42813 StaDataPropagation.cc:529] Thread 129752591820352 date fwd propagate found start vertex.core/lsu/_3006_:CK
I20250825 23:44:19.621244 42845 StaDataPropagation.cc:529] Thread 129752734496320 date fwd propagate found start vertex.core/lsu/_3011_:CK
I20250825 23:44:19.621260 42843 StaDataPropagation.cc:529] Thread 129752751281728 date fwd propagate found start vertex.xbar/_2645_:CK
I20250825 23:44:19.621272 42813 StaDataPropagation.cc:529] Thread 129752591820352 date fwd propagate found start vertex.core/lsu/_3003_:CK
I20250825 23:44:19.621351 42845 StaDataPropagation.cc:529] Thread 129752734496320 date fwd propagate found start vertex.core/lsu/_3007_:CK
I20250825 23:44:19.621450 42813 StaDataPropagation.cc:529] Thread 129752591820352 date fwd propagate found start vertex.core/lsu/_3004_:CK
I20250825 23:44:19.621475 42845 StaDataPropagation.cc:529] Thread 129752734496320 date fwd propagate found start vertex.xbar/_2646_:CK
I20250825 23:44:19.621675 42813 StaDataPropagation.cc:529] Thread 129752591820352 date fwd propagate found start vertex.core/lsu/_2998_:CK
I20250825 23:44:19.963709 42491 StaDataPropagation.cc:632] data fwd propagation end
I20250825 23:44:19.963788 42491 StaDataPropagation.cc:589] data fwd propagation start
I20250825 23:44:20.004110 42491 StaDataPropagation.cc:632] data fwd propagation end
I20250825 23:44:20.004181 42491 StaAnalyze.cc:539] analyze timing path start
E20250825 23:44:20.004235 42491 StaAnalyze.cc:324] The output port io_master_araddr[0] is not constrained
E20250825 23:44:20.004264 42491 StaAnalyze.cc:324] The output port io_master_araddr[0] is not constrained
E20250825 23:44:20.004288 42491 StaAnalyze.cc:324] The output port io_master_araddr[1] is not constrained
E20250825 23:44:20.004312 42491 StaAnalyze.cc:324] The output port io_master_araddr[1] is not constrained
E20250825 23:44:20.004334 42491 StaAnalyze.cc:324] The output port io_master_araddr[2] is not constrained
E20250825 23:44:20.004359 42491 StaAnalyze.cc:324] The output port io_master_araddr[2] is not constrained
E20250825 23:44:20.004381 42491 StaAnalyze.cc:324] The output port io_master_araddr[3] is not constrained
E20250825 23:44:20.004405 42491 StaAnalyze.cc:324] The output port io_master_araddr[3] is not constrained
E20250825 23:44:20.004427 42491 StaAnalyze.cc:324] The output port io_master_araddr[4] is not constrained
E20250825 23:44:20.004451 42491 StaAnalyze.cc:324] The output port io_master_araddr[4] is not constrained
I20250825 23:44:20.161144 42491 StaAnalyze.cc:577] analyze timing path end
I20250825 23:44:20.161181 42491 StaApplySdc.cc:694] apply sdc start
I20250825 23:44:20.161204 42491 StaApplySdc.cc:725] apply sdc end
I20250825 23:44:20.161216 42491 StaDataPropagation.cc:635] data bwd propagation start
I20250825 23:44:20.165321 42919 StaDataPropagation.cc:171] Thread 129752591820352 data bwd propagate found end vertex.clint/_1120_:D
I20250825 23:44:20.165422 42922 StaDataPropagation.cc:171] Thread 129752616998464 data bwd propagate found end vertex.core/lsu/_3069_:D
I20250825 23:44:20.165438 42921 StaDataPropagation.cc:171] Thread 129752608605760 data bwd propagate found end vertex.core/lsu/_3070_:D
I20250825 23:44:20.165449 42932 StaDataPropagation.cc:171] Thread 129752893957696 data bwd propagate found end vertex.core/lsu/_3071_:D
I20250825 23:44:20.165467 42923 StaDataPropagation.cc:171] Thread 129752969492032 data bwd propagate found end vertex.core/lsu/_3057_:D
I20250825 23:44:20.165470 42924 StaDataPropagation.cc:171] Thread 129752961099328 data bwd propagate found end vertex.core/lsu/_3056_:D
I20250825 23:44:20.165372 42920 StaDataPropagation.cc:171] Thread 129752600213056 data bwd propagate found end vertex.clint/_1121_:D
I20250825 23:44:20.165400 42928 StaDataPropagation.cc:171] Thread 129752927528512 data bwd propagate found end vertex.clint/_1123_:D
I20250825 23:44:20.165410 42926 StaDataPropagation.cc:171] Thread 129752944313920 data bwd propagate found end vertex.clint/_1122_:D
I20250825 23:44:20.165414 42929 StaDataPropagation.cc:171] Thread 129752919135808 data bwd propagate found end vertex.clint/_1124_:D
I20250825 23:44:20.224427 42491 StaDataPropagation.cc:670] data bwd propagation end
I20250825 23:44:20.224486 42491 Sta.cc:2316] update timing end
[1;31m
  _____       _ _     _____        _         
 |_   _|     (_) |   |  __ \      | |        
   | |  _ __  _| |_  | |  | | __ _| |_ __ _  
   | | | '_ \| | __| | |  | |/ _` | __/ _` | 
  _| |_| | | | | |_  | |__| | (_| | || (_| | 
 |_____|_| |_|_|\__| |_____/ \__,_|\__\__,_| 
                                             
[0m
[1;35m
  ______ _        ______                      _    
 |  ____(_)      |  ____|                    | |   
 | |__   ___  __ | |__ __ _ _ __   ___  _   _| |_  
 |  __| | \ \/ / |  __/ _` | '_ \ / _ \| | | | __| 
 | |    | |>  <  | | | (_| | | | | (_) | |_| | |_  
 |_|    |_/_/\_\ |_|  \__,_|_| |_|\___/ \__,_|\__| 
                                                   
[0m
I20250825 23:44:20.268105 42491 FixFanout.cpp:55] [Result: ] Find 12 Net with fanout violation.
I20250825 23:44:20.268134 42491 FixFanout.cpp:56] [Result: ] Insert 17 Buffers.
iNO fixfanout run successfully.
I20250825 23:44:20.268477 42491 verilog_write.cpp:55] start write verilog file syn/result/NPC-450MHz/NPC.netlist.fixed.v
I20250825 23:44:20.478757 42491 verilog_write.cpp:73] finish write verilog file syn/result/NPC-450MHz/NPC.netlist.fixed.v
