Generate the report at 2025-08-26T21:45:50, GitVersion: aa25008b3778a76ae1975c839d4cc459f7f7b3b7.
+-------------------+-------------+------------+------------+---------------+-------+-------+-----------+
| Endpoint          | Clock Group | Delay Type | Path Delay | Path Required | CPPR  | Slack | Freq(MHz) |
+-------------------+-------------+------------+------------+---------------+-------+-------+-----------+
| core/ifu/_1418_:D | core_clock  | max        | 1.668r     | 2.191         | 0.000 | 0.523 | 588.516   |
| core/ifu/_1415_:D | core_clock  | max        | 1.655f     | 2.183         | 0.000 | 0.528 | 590.155   |
| core/ifu/_1416_:D | core_clock  | max        | 1.659r     | 2.191         | 0.000 | 0.532 | 591.733   |
| clint/_1144_:D    | core_clock  | min        | 0.066r     | 0.006         | 0.000 | 0.060 | NA        |
| clint/_1144_:D    | core_clock  | min        | 0.065f     | 0.003         | 0.000 | 0.062 | NA        |
| core/_7168_:D     | core_clock  | min        | 0.081f     | 0.002         | 0.000 | 0.079 | NA        |
+-------------------+-------------+------------+------------+---------------+-------+-------+-----------+
+------------+------------+-------+
| Clock      | Delay Type | TNS   |
+------------+------------+-------+
| core_clock | max        | 0.000 |
| core_clock | min        | 0.000 |
+------------+------------+-------+
+-----------------------------------------------------+--------+-------------+------------+------------+-------------+--------+-----------------+
| Point                                               | Fanout | Capacitance | Resistance | Transition | Delta Delay | Incr   | Path            |
+-----------------------------------------------------+--------+-------------+------------+------------+-------------+--------+-----------------+
| clock (port)                                        |        | 2.101       | 0.000      | 0.000      |             | 0.000  | 0.000r          |
| clock (clock net)                                   | 2209   |             |            |            | NA          |        |                 |
| core/_6668_:CK (DFF_X1)                             |        | 0.001       | 0.000      | 0.000      |             | 0.000  | 0.000r          |
| clock core_clock (rise edge)                        |        |             |            |            |             | 0      | 0               |
| clock network delay (ideal)                         |        |             |            |            |             | 0.000  | 0.000           |
| core/_6668_:CK (DFF_X1)                             |        | 0.001       | 0.000      | 0.000      |             | 0.000  | 0.000r          |
| core/_6668_:Q (DFF_X1)                              |        | 0.002       | 0.000      | 0.009      |             | 0.086  | 0.086r          |
| core/exu_io_pipe_in_bits_r_id2exe_op2_data[1] (net) | 2      |             |            |            | 0.000       |        |                 |
| core/exu/_4269_:A (BUF_X1)                          |        | 0.001       | 0.000      | 0.009      |             | 0.000  | 0.086r          |
| core/exu/_4269_:Z (BUF_X1)                          |        | 0.052       | 0.000      | 0.121      |             | 0.143  | 0.229r          |
| core/exu/_0153_ (net)                               | 28     |             |            |            | 0.000       |        |                 |
| fanout_buf_6:A (BUF_X8)                             |        | 0.007       | 0.000      | 0.121      |             | 0.000  | 0.229r          |
| fanout_buf_6:Z (BUF_X8)                             |        | 0.101       | 0.000      | 0.033      |             | 0.060  | 0.289r          |
| fanout_net_6 (net)                                  | 30     |             |            |            | 0.000       |        |                 |
| core/exu/_2263_:A1 (NOR2_X4)                        |        | 0.007       | 0.000      | 0.033      |             | 0.000  | 0.289r          |
| core/exu/_2263_:ZN (NOR2_X4)                        |        | 0.008       | 0.000      | 0.027      |             | 0.012  | 0.302f          |
| core/exu/_1477_ (net)                               | 2      |             |            |            | 0.000       |        |                 |
| core/exu/_2264_:A2 (NOR2_X4)                        |        | 0.007       | 0.000      | 0.027      |             | 0.000  | 0.302f          |
| core/exu/_2264_:ZN (NOR2_X4)                        |        | 0.015       | 0.000      | 0.027      |             | 0.046  | 0.347r          |
| core/exu/_1478_ (net)                               | 6      |             |            |            | 0.000       |        |                 |
| core/exu/_2686_:A1 (NAND2_X4)                       |        | 0.006       | 0.000      | 0.027      |             | 0.000  | 0.347r          |
| core/exu/_2686_:ZN (NAND2_X4)                       |        | 0.006       | 0.000      | 0.010      |             | 0.017  | 0.364f          |
| core/exu/_1898_ (net)                               | 1      |             |            |            | 0.000       |        |                 |
| core/exu/_2687_:A (OAI21_X4)                        |        | 0.006       | 0.000      | 0.010      |             | 0.000  | 0.364f          |
| core/exu/_2687_:ZN (OAI21_X4)                       |        | 0.005       | 0.000      | 0.018      |             | 0.019  | 0.383r          |
| core/exu/_1899_ (net)                               | 2      |             |            |            | 0.000       |        |                 |
| core/exu/_2719_:A1 (AND2_X4)                        |        | 0.003       | 0.000      | 0.018      |             | 0.000  | 0.383r          |
| core/exu/_2719_:ZN (AND2_X4)                        |        | 0.003       | 0.000      | 0.007      |             | 0.030  | 0.413r          |
| core/exu/_1930_ (net)                               | 1      |             |            |            | 0.000       |        |                 |
| core/exu/_2720_:A1 (OR2_X4)                         |        | 0.003       | 0.000      | 0.007      |             | 0.000  | 0.413r          |
| core/exu/_2720_:ZN (OR2_X4)                         |        | 0.008       | 0.000      | 0.009      |             | 0.023  | 0.436r          |
| core/exu/_1931_ (net)                               | 2      |             |            |            | 0.000       |        |                 |
| core/exu/_2794_:A (OAI21_X4)                        |        | 0.006       | 0.000      | 0.009      |             | 0.000  | 0.436r          |
| core/exu/_2794_:ZN (OAI21_X4)                       |        | 0.006       | 0.000      | 0.031      |             | 0.018  | 0.454f          |
| core/exu/_2004_ (net)                               | 1      |             |            |            | 0.000       |        |                 |
| core/exu/_2795_:A1 (NAND2_X4)                       |        | 0.006       | 0.000      | 0.031      |             | 0.000  | 0.454f          |
| core/exu/_2795_:ZN (NAND2_X4)                       |        | 0.008       | 0.000      | 0.014      |             | 0.024  | 0.477r          |
| core/exu/_2005_ (net)                               | 2      |             |            |            | 0.000       |        |                 |
| core/exu/_2851_:A1 (NAND2_X4)                       |        | 0.006       | 0.000      | 0.014      |             | 0.000  | 0.477r          |
| core/exu/_2851_:ZN (NAND2_X4)                       |        | 0.007       | 0.000      | 0.008      |             | 0.015  | 0.493f          |
| core/exu/_2060_ (net)                               | 2      |             |            |            | 0.000       |        |                 |
| core/exu/_2983_:A1 (NOR3_X4)                        |        | 0.007       | 0.000      | 0.008      |             | 0.000  | 0.493f          |
| core/exu/_2983_:ZN (NOR3_X4)                        |        | 0.007       | 0.000      | 0.028      |             | 0.032  | 0.525r          |
| core/exu/_0300_ (net)                               | 1      |             |            |            | 0.000       |        |                 |
| core/exu/_2988_:A1 (NOR2_X4)                        |        | 0.007       | 0.000      | 0.028      |             | 0.000  | 0.525r          |
| core/exu/_2988_:ZN (NOR2_X4)                        |        | 0.009       | 0.000      | 0.013      |             | 0.014  | 0.539f          |
| core/exu/_0305_ (net)                               | 4      |             |            |            | 0.000       |        |                 |
| core/exu/_3141_:A1 (NOR3_X4)                        |        | 0.007       | 0.000      | 0.013      |             | 0.000  | 0.539f          |
| core/exu/_3141_:ZN (NOR3_X4)                        |        | 0.003       | 0.000      | 0.023      |             | 0.028  | 0.567r          |
| core/exu/_0454_ (net)                               | 1      |             |            |            | 0.000       |        |                 |
| core/exu/_3144_:A1 (OR2_X4)                         |        | 0.003       | 0.000      | 0.023      |             | 0.000  | 0.567r          |
| core/exu/_3144_:ZN (OR2_X4)                         |        | 0.009       | 0.000      | 0.009      |             | 0.028  | 0.595r          |
| core/exu/_0457_ (net)                               | 4      |             |            |            | 0.000       |        |                 |
| core/exu/_3288_:A1 (AND2_X4)                        |        | 0.003       | 0.000      | 0.009      |             | 0.000  | 0.595r          |
| core/exu/_3288_:ZN (AND2_X4)                        |        | 0.003       | 0.000      | 0.007      |             | 0.027  | 0.622r          |
| core/exu/_0597_ (net)                               | 1      |             |            |            | 0.000       |        |                 |
| core/exu/_3292_:A1 (OR2_X4)                         |        | 0.003       | 0.000      | 0.007      |             | 0.000  | 0.622r          |
| core/exu/_3292_:ZN (OR2_X4)                         |        | 0.006       | 0.000      | 0.008      |             | 0.021  | 0.643r          |
| core/exu/_0601_ (net)                               | 1      |             |            |            | 0.000       |        |                 |
| core/exu/_3293_:A (INV_X4)                          |        | 0.006       | 0.000      | 0.008      |             | 0.000  | 0.643r          |
| core/exu/_3293_:ZN (INV_X4)                         |        | 0.009       | 0.000      | 0.005      |             | 0.009  | 0.652f          |
| core/exu/_0602_ (net)                               | 4      |             |            |            | 0.000       |        |                 |
| core/exu/_3556_:A1 (NOR4_X4)                        |        | 0.007       | 0.000      | 0.005      |             | 0.000  | 0.652f          |
| core/exu/_3556_:ZN (NOR4_X4)                        |        | 0.003       | 0.000      | 0.037      |             | 0.034  | 0.686r          |
| core/exu/_0857_ (net)                               | 1      |             |            |            | 0.000       |        |                 |
| core/exu/_3560_:A1 (OR2_X4)                         |        | 0.003       | 0.000      | 0.037      |             | 0.000  | 0.686r          |
| core/exu/_3560_:ZN (OR2_X4)                         |        | 0.008       | 0.000      | 0.009      |             | 0.029  | 0.715r          |
| core/exu/_0861_ (net)                               | 2      |             |            |            | 0.000       |        |                 |
| core/exu/_3561_:A1 (NAND2_X4)                       |        | 0.006       | 0.000      | 0.009      |             | 0.000  | 0.715r          |
| core/exu/_3561_:ZN (NAND2_X4)                       |        | 0.008       | 0.000      | 0.011      |             | 0.014  | 0.729f          |
| core/exu/_0862_ (net)                               | 2      |             |            |            | 0.000       |        |                 |
| core/exu/_3600_:A1 (NOR2_X2)                        |        | 0.003       | 0.000      | 0.011      |             | 0.000  | 0.729f          |
| core/exu/_3600_:ZN (NOR2_X2)                        |        | 0.008       | 0.000      | 0.028      |             | 0.036  | 0.765r          |
| core/exu/_0900_ (net)                               | 3      |             |            |            | 0.000       |        |                 |
| core/exu/_3603_:A2 (OR3_X4)                         |        | 0.003       | 0.000      | 0.028      |             | 0.000  | 0.765r          |
| core/exu/_3603_:ZN (OR3_X4)                         |        | 0.005       | 0.000      | 0.007      |             | 0.029  | 0.795r          |
| core/exu/_0903_ (net)                               | 2      |             |            |            | 0.000       |        |                 |
| core/exu/_3604_:C1 (OAI221_X2)                      |        | 0.003       | 0.000      | 0.007      |             | 0.000  | 0.795r          |
| core/exu/_3604_:ZN (OAI221_X2)                      |        | 0.003       | 0.000      | 0.017      |             | 0.023  | 0.818f          |
| core/exu/_0904_ (net)                               | 1      |             |            |            | 0.000       |        |                 |
| core/exu/_3614_:A1 (NOR3_X2)                        |        | 0.003       | 0.000      | 0.017      |             | 0.000  | 0.818f          |
| core/exu/_3614_:ZN (NOR3_X2)                        |        | 0.002       | 0.000      | 0.023      |             | 0.032  | 0.850r          |
| core/exu/_0914_ (net)                               | 1      |             |            |            | 0.000       |        |                 |
| core/exu/_3615_:A (OAI221_X1)                       |        | 0.002       | 0.000      | 0.023      |             | 0.000  | 0.850r          |
| core/exu/_3615_:ZN (OAI221_X1)                      |        | 0.002       | 0.000      | 0.017      |             | 0.035  | 0.885f          |
| core/exu/_0915_ (net)                               | 1      |             |            |            | 0.000       |        |                 |
| core/exu/_3616_:A (AOI21_X1)                        |        | 0.002       | 0.000      | 0.017      |             | 0.000  | 0.885f          |
| core/exu/_3616_:ZN (AOI21_X1)                       |        | 0.002       | 0.000      | 0.023      |             | 0.035  | 0.920r          |
| core/exu/_0916_ (net)                               | 1      |             |            |            | 0.000       |        |                 |
| core/exu/_3620_:A (OAI221_X1)                       |        | 0.002       | 0.000      | 0.023      |             | 0.000  | 0.920r          |
| core/exu/_3620_:ZN (OAI221_X1)                      |        | 0.001       | 0.000      | 0.015      |             | 0.032  | 0.952f          |
| core/exu/_0024_ (net)                               | 1      |             |            |            | 0.000       |        |                 |
| core/exu/_4356_:A (BUF_X1)                          |        | 0.001       | 0.000      | 0.015      |             | 0.000  | 0.952f          |
| core/exu/_4356_:Z (BUF_X1)                          |        | 0.003       | 0.000      | 0.007      |             | 0.032  | 0.985f          |
| core/_exu_io_alu_out[25] (net)                      | 3      |             |            |            | 0.000       |        |                 |
| core/_4670_:A (BUF_X1)                              |        | 0.001       | 0.000      | 0.007      |             | 0.000  | 0.985f          |
| core/_4670_:Z (BUF_X1)                              |        | 0.005       | 0.000      | 0.009      |             | 0.031  | 1.016f          |
| core/_1285_ (net)                                   | 1      |             |            |            | 0.000       |        |                 |
| core/_3642_:B (XOR2_X2)                             |        | 0.005       | 0.000      | 0.009      |             | 0.000  | 1.016f          |
| core/_3642_:Z (XOR2_X2)                             |        | 0.002       | 0.000      | 0.011      |             | 0.055  | 1.071f          |
| core/_2528_ (net)                                   | 1      |             |            |            | 0.000       |        |                 |
| core/_3643_:A4 (NOR4_X1)                            |        | 0.002       | 0.000      | 0.011      |             | 0.000  | 1.071f          |
| core/_3643_:ZN (NOR4_X1)                            |        | 0.002       | 0.000      | 0.045      |             | 0.082  | 1.153r          |
| core/_2529_ (net)                                   | 1      |             |            |            | 0.000       |        |                 |
| core/_3644_:A4 (NAND4_X1)                           |        | 0.002       | 0.000      | 0.045      |             | 0.000  | 1.153r          |
| core/_3644_:ZN (NAND4_X1)                           |        | 0.001       | 0.000      | 0.022      |             | 0.036  | 1.189f          |
| core/_2530_ (net)                                   | 1      |             |            |            | 0.000       |        |                 |
| core/_3666_:B1 (OAI21_X1)                           |        | 0.002       | 0.000      | 0.022      |             | 0.000  | 1.189f          |
| core/_3666_:ZN (OAI21_X1)                           |        | 0.002       | 0.000      | 0.021      |             | 0.034  | 1.223r          |
| core/_2552_ (net)                                   | 1      |             |            |            | 0.000       |        |                 |
| core/_3667_:A2 (NAND2_X1)                           |        | 0.002       | 0.000      | 0.021      |             | 0.000  | 1.223r          |
| core/_3667_:ZN (NAND2_X1)                           |        | 0.003       | 0.000      | 0.011      |             | 0.022  | 1.244f          |
| core/_2553_ (net)                                   | 1      |             |            |            | 0.000       |        |                 |
| core/_3668_:A1 (NAND2_X2)                           |        | 0.003       | 0.000      | 0.011      |             | 0.000  | 1.244f          |
| core/_3668_:ZN (NAND2_X2)                           |        | 0.006       | 0.000      | 0.014      |             | 0.019  | 1.263r          |
| core/_2554_ (net)                                   | 1      |             |            |            | 0.000       |        |                 |
| core/_3669_:B1 (OAI21_X4)                           |        | 0.006       | 0.000      | 0.014      |             | 0.000  | 1.263r          |
| core/_3669_:ZN (OAI21_X4)                           |        | 0.012       | 0.000      | 0.013      |             | 0.020  | 1.283f          |
| core/_1333_ (net)                                   | 6      |             |            |            | 0.000       |        |                 |
| core/_3678_:B1 (OAI21_X4)                           |        | 0.006       | 0.000      | 0.013      |             | 0.000  | 1.283f          |
| core/_3678_:ZN (OAI21_X4)                           |        | 0.006       | 0.000      | 0.017      |             | 0.027  | 1.310r          |
| core/_2559_ (net)                                   | 1      |             |            |            | 0.000       |        |                 |
| core/_3716_:A1 (NAND2_X4)                           |        | 0.006       | 0.000      | 0.017      |             | 0.000  | 1.310r          |
| core/_3716_:ZN (NAND2_X4)                           |        | 0.016       | 0.000      | 0.014      |             | 0.022  | 1.333f          |
| core/_2597_ (net)                                   | 7      |             |            |            | 0.000       |        |                 |
| core/_4562_:A1 (NAND2_X1)                           |        | 0.002       | 0.000      | 0.014      |             | 0.000  | 1.333f          |
| core/_4562_:ZN (NAND2_X1)                           |        | 0.001       | 0.000      | 0.008      |             | 0.015  | 1.348r          |
| core/_1971_ (net)                                   | 1      |             |            |            | 0.000       |        |                 |
| core/_6535_:A (BUF_X1)                              |        | 0.001       | 0.000      | 0.008      |             | 0.000  | 1.348r          |
| core/_6535_:Z (BUF_X1)                              |        | 0.001       | 0.000      | 0.006      |             | 0.020  | 1.367r          |
| core/_0633_ (net)                                   | 1      |             |            |            | 0.000       |        |                 |
| core/idu/_1840_:A (BUF_X1)                          |        | 0.001       | 0.000      | 0.006      |             | 0.000  | 1.367r          |
| core/idu/_1840_:Z (BUF_X1)                          |        | 0.002       | 0.000      | 0.008      |             | 0.021  | 1.389r          |
| core/idu/_0342_ (net)                               | 1      |             |            |            | 0.000       |        |                 |
| core/idu/_1097_:A (INV_X1)                          |        | 0.002       | 0.000      | 0.008      |             | 0.000  | 1.389r          |
| core/idu/_1097_:ZN (INV_X1)                         |        | 0.003       | 0.000      | 0.006      |             | 0.010  | 1.399f          |
| core/idu/_0639_ (net)                               | 2      |             |            |            | 0.000       |        |                 |
| core/idu/_1250_:A1 (NAND2_X1)                       |        | 0.002       | 0.000      | 0.006      |             | 0.000  | 1.399f          |
| core/idu/_1250_:ZN (NAND2_X1)                       |        | 0.002       | 0.000      | 0.010      |             | 0.014  | 1.413r          |
| core/idu/_0767_ (net)                               | 1      |             |            |            | 0.000       |        |                 |
| core/idu/_1251_:A (INV_X1)                          |        | 0.002       | 0.000      | 0.010      |             | 0.000  | 1.413r          |
| core/idu/_1251_:ZN (INV_X1)                         |        | 0.002       | 0.000      | 0.006      |             | 0.010  | 1.422f          |
| core/idu/_0408_ (net)                               | 2      |             |            |            | 0.000       |        |                 |
| core/idu/_1872_:A (BUF_X1)                          |        | 0.001       | 0.000      | 0.006      |             | 0.000  | 1.422f          |
| core/idu/_1872_:Z (BUF_X1)                          |        | 0.002       | 0.000      | 0.006      |             | 0.026  | 1.448f          |
| core/_idu_io_pipe_in_ready (net)                    | 2      |             |            |            | 0.000       |        |                 |
| core/ifu/_1399_:A (BUF_X1)                          |        | 0.001       | 0.000      | 0.006      |             | 0.000  | 1.448f          |
| core/ifu/_1399_:Z (BUF_X1)                          |        | 0.001       | 0.000      | 0.006      |             | 0.026  | 1.474f          |
| core/ifu/_0272_ (net)                               | 1      |             |            |            | 0.000       |        |                 |
| core/ifu/_1080_:B2 (AOI21_X1)                       |        | 0.002       | 0.000      | 0.006      |             | 0.000  | 1.474f          |
| core/ifu/_1080_:ZN (AOI21_X1)                       |        | 0.002       | 0.000      | 0.023      |             | 0.031  | 1.505r          |
| core/ifu/_0623_ (net)                               | 1      |             |            |            | 0.000       |        |                 |
| core/ifu/_1084_:A1 (NAND2_X1)                       |        | 0.002       | 0.000      | 0.023      |             | 0.000  | 1.505r          |
| core/ifu/_1084_:ZN (NAND2_X1)                       |        | 0.003       | 0.000      | 0.013      |             | 0.022  | 1.527f          |
| core/ifu/_0627_ (net)                               | 2      |             |            |            | 0.000       |        |                 |
| core/ifu/_1104_:A (OAI21_X1)                        |        | 0.002       | 0.000      | 0.013      |             | 0.000  | 1.527f          |
| core/ifu/_1104_:ZN (OAI21_X1)                       |        | 0.002       | 0.000      | 0.020      |             | 0.022  | 1.549r          |
| core/ifu/_0647_ (net)                               | 1      |             |            |            | 0.000       |        |                 |
| core/ifu/_1106_:A1 (NOR2_X1)                        |        | 0.002       | 0.000      | 0.020      |             | 0.000  | 1.549r          |
| core/ifu/_1106_:ZN (NOR2_X1)                        |        | 0.004       | 0.000      | 0.010      |             | 0.018  | 1.567f          |
| core/ifu/_0649_ (net)                               | 3      |             |            |            | 0.000       |        |                 |
| core/ifu/_1110_:A1 (NOR2_X1)                        |        | 0.002       | 0.000      | 0.010      |             | 0.000  | 1.567f          |
| core/ifu/_1110_:ZN (NOR2_X1)                        |        | 0.004       | 0.000      | 0.026      |             | 0.035  | 1.603r          |
| core/ifu/_0050_ (net)                               | 3      |             |            |            | 0.000       |        |                 |
| core/ifu/_1117_:A1 (NOR2_X1)                        |        | 0.002       | 0.000      | 0.026      |             | 0.000  | 1.603r          |
| core/ifu/_1117_:ZN (NOR2_X1)                        |        | 0.002       | 0.000      | 0.011      |             | 0.011  | 1.614f          |
| core/ifu/_0656_ (net)                               | 1      |             |            |            | 0.000       |        |                 |
| core/ifu/_1118_:A (AOI21_X1)                        |        | 0.002       | 0.000      | 0.011      |             | 0.000  | 1.614f          |
| core/ifu/_1118_:ZN (AOI21_X1)                       |        | 0.001       | 0.000      | 0.018      |             | 0.028  | 1.642r          |
| core/ifu/_0088_ (net)                               | 1      |             |            |            | 0.000       |        |                 |
| core/ifu/_1412_:A (BUF_X1)                          |        | 0.001       | 0.000      | 0.018      |             | 0.000  | 1.642r          |
| core/ifu/_1412_:Z (BUF_X1)                          |        | 0.001       | 0.000      | 0.008      |             | 0.026  | 1.668r          |
| core/ifu/_0040_ (net)                               | 1      |             |            |            | 0.000       |        |                 |
| core/ifu/_1418_:D (DFF_X1)                          |        | 0.001       | 0.000      | 0.008      |             | 0.000  | 1.668r          |
|                                                     |        |             |            |            |             |        |                 |
| clock (port)                                        |        | 2.101       | 0.000      | 0.000      |             | 0.000  | 0.000r          |
| clock (clock net)                                   | 2209   |             |            |            | NA          |        |                 |
| core/ifu/_1418_:CK (DFF_X1)                         |        | 0.001       | 0.000      | 0.000      |             | 0.000  | 0.000r          |
| clock core_clock (rise edge)                        |        |             |            |            |             | 2.222  | 2.222           |
| clock network delay (ideal)                         |        |             |            |            |             | 0.000  | 2.222           |
| core/ifu/_1418_:CK (DFF_X1)                         |        |             |            |            |             |        | 2.222r          |
| library setup time                                  |        |             |            |            |             | -0.031 | 2.191           |
| clock reconvergence pessimism                       |        |             |            |            |             | 0.000  | 2.191           |
|                                                     |        |             |            |            |             |        |                 |
| path cell delay                                     |        |             |            |            |             |        | 1.668(100.000%) |
| path net delay                                      |        |             |            |            |             |        | 0.000(0.000%)   |
|                                                     |        |             |            |            |             |        |                 |
| data require time                                   |        |             |            |            |             |        | 2.191           |
| data arrival time                                   |        |             |            |            |             |        | 1.668           |
| slack (MET)                                         |        |             |            |            |             |        | 0.523           |
+-----------------------------------------------------+--------+-------------+------------+------------+-------------+--------+-----------------+
+-----------------------------------------------------+--------+-------------+------------+------------+-------------+--------+-----------------+
| Point                                               | Fanout | Capacitance | Resistance | Transition | Delta Delay | Incr   | Path            |
+-----------------------------------------------------+--------+-------------+------------+------------+-------------+--------+-----------------+
| clock (port)                                        |        | 2.101       | 0.000      | 0.000      |             | 0.000  | 0.000r          |
| clock (clock net)                                   | 2209   |             |            |            | NA          |        |                 |
| core/_6668_:CK (DFF_X1)                             |        | 0.001       | 0.000      | 0.000      |             | 0.000  | 0.000r          |
| clock core_clock (rise edge)                        |        |             |            |            |             | 0      | 0               |
| clock network delay (ideal)                         |        |             |            |            |             | 0.000  | 0.000           |
| core/_6668_:CK (DFF_X1)                             |        | 0.001       | 0.000      | 0.000      |             | 0.000  | 0.000r          |
| core/_6668_:Q (DFF_X1)                              |        | 0.002       | 0.000      | 0.009      |             | 0.086  | 0.086r          |
| core/exu_io_pipe_in_bits_r_id2exe_op2_data[1] (net) | 2      |             |            |            | 0.000       |        |                 |
| core/exu/_4269_:A (BUF_X1)                          |        | 0.001       | 0.000      | 0.009      |             | 0.000  | 0.086r          |
| core/exu/_4269_:Z (BUF_X1)                          |        | 0.052       | 0.000      | 0.121      |             | 0.143  | 0.229r          |
| core/exu/_0153_ (net)                               | 28     |             |            |            | 0.000       |        |                 |
| fanout_buf_6:A (BUF_X8)                             |        | 0.007       | 0.000      | 0.121      |             | 0.000  | 0.229r          |
| fanout_buf_6:Z (BUF_X8)                             |        | 0.101       | 0.000      | 0.033      |             | 0.060  | 0.289r          |
| fanout_net_6 (net)                                  | 30     |             |            |            | 0.000       |        |                 |
| core/exu/_2263_:A1 (NOR2_X4)                        |        | 0.007       | 0.000      | 0.033      |             | 0.000  | 0.289r          |
| core/exu/_2263_:ZN (NOR2_X4)                        |        | 0.008       | 0.000      | 0.027      |             | 0.012  | 0.302f          |
| core/exu/_1477_ (net)                               | 2      |             |            |            | 0.000       |        |                 |
| core/exu/_2264_:A2 (NOR2_X4)                        |        | 0.007       | 0.000      | 0.027      |             | 0.000  | 0.302f          |
| core/exu/_2264_:ZN (NOR2_X4)                        |        | 0.015       | 0.000      | 0.027      |             | 0.046  | 0.347r          |
| core/exu/_1478_ (net)                               | 6      |             |            |            | 0.000       |        |                 |
| core/exu/_2686_:A1 (NAND2_X4)                       |        | 0.006       | 0.000      | 0.027      |             | 0.000  | 0.347r          |
| core/exu/_2686_:ZN (NAND2_X4)                       |        | 0.006       | 0.000      | 0.010      |             | 0.017  | 0.364f          |
| core/exu/_1898_ (net)                               | 1      |             |            |            | 0.000       |        |                 |
| core/exu/_2687_:A (OAI21_X4)                        |        | 0.006       | 0.000      | 0.010      |             | 0.000  | 0.364f          |
| core/exu/_2687_:ZN (OAI21_X4)                       |        | 0.005       | 0.000      | 0.018      |             | 0.019  | 0.383r          |
| core/exu/_1899_ (net)                               | 2      |             |            |            | 0.000       |        |                 |
| core/exu/_2719_:A1 (AND2_X4)                        |        | 0.003       | 0.000      | 0.018      |             | 0.000  | 0.383r          |
| core/exu/_2719_:ZN (AND2_X4)                        |        | 0.003       | 0.000      | 0.007      |             | 0.030  | 0.413r          |
| core/exu/_1930_ (net)                               | 1      |             |            |            | 0.000       |        |                 |
| core/exu/_2720_:A1 (OR2_X4)                         |        | 0.003       | 0.000      | 0.007      |             | 0.000  | 0.413r          |
| core/exu/_2720_:ZN (OR2_X4)                         |        | 0.008       | 0.000      | 0.009      |             | 0.023  | 0.436r          |
| core/exu/_1931_ (net)                               | 2      |             |            |            | 0.000       |        |                 |
| core/exu/_2794_:A (OAI21_X4)                        |        | 0.006       | 0.000      | 0.009      |             | 0.000  | 0.436r          |
| core/exu/_2794_:ZN (OAI21_X4)                       |        | 0.006       | 0.000      | 0.031      |             | 0.018  | 0.454f          |
| core/exu/_2004_ (net)                               | 1      |             |            |            | 0.000       |        |                 |
| core/exu/_2795_:A1 (NAND2_X4)                       |        | 0.006       | 0.000      | 0.031      |             | 0.000  | 0.454f          |
| core/exu/_2795_:ZN (NAND2_X4)                       |        | 0.008       | 0.000      | 0.014      |             | 0.024  | 0.477r          |
| core/exu/_2005_ (net)                               | 2      |             |            |            | 0.000       |        |                 |
| core/exu/_2851_:A1 (NAND2_X4)                       |        | 0.006       | 0.000      | 0.014      |             | 0.000  | 0.477r          |
| core/exu/_2851_:ZN (NAND2_X4)                       |        | 0.007       | 0.000      | 0.008      |             | 0.015  | 0.493f          |
| core/exu/_2060_ (net)                               | 2      |             |            |            | 0.000       |        |                 |
| core/exu/_2983_:A1 (NOR3_X4)                        |        | 0.007       | 0.000      | 0.008      |             | 0.000  | 0.493f          |
| core/exu/_2983_:ZN (NOR3_X4)                        |        | 0.007       | 0.000      | 0.028      |             | 0.032  | 0.525r          |
| core/exu/_0300_ (net)                               | 1      |             |            |            | 0.000       |        |                 |
| core/exu/_2988_:A1 (NOR2_X4)                        |        | 0.007       | 0.000      | 0.028      |             | 0.000  | 0.525r          |
| core/exu/_2988_:ZN (NOR2_X4)                        |        | 0.009       | 0.000      | 0.013      |             | 0.014  | 0.539f          |
| core/exu/_0305_ (net)                               | 4      |             |            |            | 0.000       |        |                 |
| core/exu/_3141_:A1 (NOR3_X4)                        |        | 0.007       | 0.000      | 0.013      |             | 0.000  | 0.539f          |
| core/exu/_3141_:ZN (NOR3_X4)                        |        | 0.003       | 0.000      | 0.023      |             | 0.028  | 0.567r          |
| core/exu/_0454_ (net)                               | 1      |             |            |            | 0.000       |        |                 |
| core/exu/_3144_:A1 (OR2_X4)                         |        | 0.003       | 0.000      | 0.023      |             | 0.000  | 0.567r          |
| core/exu/_3144_:ZN (OR2_X4)                         |        | 0.009       | 0.000      | 0.009      |             | 0.028  | 0.595r          |
| core/exu/_0457_ (net)                               | 4      |             |            |            | 0.000       |        |                 |
| core/exu/_3288_:A1 (AND2_X4)                        |        | 0.003       | 0.000      | 0.009      |             | 0.000  | 0.595r          |
| core/exu/_3288_:ZN (AND2_X4)                        |        | 0.003       | 0.000      | 0.007      |             | 0.027  | 0.622r          |
| core/exu/_0597_ (net)                               | 1      |             |            |            | 0.000       |        |                 |
| core/exu/_3292_:A1 (OR2_X4)                         |        | 0.003       | 0.000      | 0.007      |             | 0.000  | 0.622r          |
| core/exu/_3292_:ZN (OR2_X4)                         |        | 0.006       | 0.000      | 0.008      |             | 0.021  | 0.643r          |
| core/exu/_0601_ (net)                               | 1      |             |            |            | 0.000       |        |                 |
| core/exu/_3293_:A (INV_X4)                          |        | 0.006       | 0.000      | 0.008      |             | 0.000  | 0.643r          |
| core/exu/_3293_:ZN (INV_X4)                         |        | 0.009       | 0.000      | 0.005      |             | 0.009  | 0.652f          |
| core/exu/_0602_ (net)                               | 4      |             |            |            | 0.000       |        |                 |
| core/exu/_3556_:A1 (NOR4_X4)                        |        | 0.007       | 0.000      | 0.005      |             | 0.000  | 0.652f          |
| core/exu/_3556_:ZN (NOR4_X4)                        |        | 0.003       | 0.000      | 0.037      |             | 0.034  | 0.686r          |
| core/exu/_0857_ (net)                               | 1      |             |            |            | 0.000       |        |                 |
| core/exu/_3560_:A1 (OR2_X4)                         |        | 0.003       | 0.000      | 0.037      |             | 0.000  | 0.686r          |
| core/exu/_3560_:ZN (OR2_X4)                         |        | 0.008       | 0.000      | 0.009      |             | 0.029  | 0.715r          |
| core/exu/_0861_ (net)                               | 2      |             |            |            | 0.000       |        |                 |
| core/exu/_3561_:A1 (NAND2_X4)                       |        | 0.006       | 0.000      | 0.009      |             | 0.000  | 0.715r          |
| core/exu/_3561_:ZN (NAND2_X4)                       |        | 0.008       | 0.000      | 0.011      |             | 0.014  | 0.729f          |
| core/exu/_0862_ (net)                               | 2      |             |            |            | 0.000       |        |                 |
| core/exu/_3600_:A1 (NOR2_X2)                        |        | 0.003       | 0.000      | 0.011      |             | 0.000  | 0.729f          |
| core/exu/_3600_:ZN (NOR2_X2)                        |        | 0.008       | 0.000      | 0.028      |             | 0.036  | 0.765r          |
| core/exu/_0900_ (net)                               | 3      |             |            |            | 0.000       |        |                 |
| core/exu/_3603_:A2 (OR3_X4)                         |        | 0.003       | 0.000      | 0.028      |             | 0.000  | 0.765r          |
| core/exu/_3603_:ZN (OR3_X4)                         |        | 0.005       | 0.000      | 0.007      |             | 0.029  | 0.795r          |
| core/exu/_0903_ (net)                               | 2      |             |            |            | 0.000       |        |                 |
| core/exu/_3604_:C1 (OAI221_X2)                      |        | 0.003       | 0.000      | 0.007      |             | 0.000  | 0.795r          |
| core/exu/_3604_:ZN (OAI221_X2)                      |        | 0.003       | 0.000      | 0.017      |             | 0.023  | 0.818f          |
| core/exu/_0904_ (net)                               | 1      |             |            |            | 0.000       |        |                 |
| core/exu/_3614_:A1 (NOR3_X2)                        |        | 0.003       | 0.000      | 0.017      |             | 0.000  | 0.818f          |
| core/exu/_3614_:ZN (NOR3_X2)                        |        | 0.002       | 0.000      | 0.023      |             | 0.032  | 0.850r          |
| core/exu/_0914_ (net)                               | 1      |             |            |            | 0.000       |        |                 |
| core/exu/_3615_:A (OAI221_X1)                       |        | 0.002       | 0.000      | 0.023      |             | 0.000  | 0.850r          |
| core/exu/_3615_:ZN (OAI221_X1)                      |        | 0.002       | 0.000      | 0.017      |             | 0.035  | 0.885f          |
| core/exu/_0915_ (net)                               | 1      |             |            |            | 0.000       |        |                 |
| core/exu/_3616_:A (AOI21_X1)                        |        | 0.002       | 0.000      | 0.017      |             | 0.000  | 0.885f          |
| core/exu/_3616_:ZN (AOI21_X1)                       |        | 0.002       | 0.000      | 0.023      |             | 0.035  | 0.920r          |
| core/exu/_0916_ (net)                               | 1      |             |            |            | 0.000       |        |                 |
| core/exu/_3620_:A (OAI221_X1)                       |        | 0.002       | 0.000      | 0.023      |             | 0.000  | 0.920r          |
| core/exu/_3620_:ZN (OAI221_X1)                      |        | 0.001       | 0.000      | 0.015      |             | 0.032  | 0.952f          |
| core/exu/_0024_ (net)                               | 1      |             |            |            | 0.000       |        |                 |
| core/exu/_4356_:A (BUF_X1)                          |        | 0.001       | 0.000      | 0.015      |             | 0.000  | 0.952f          |
| core/exu/_4356_:Z (BUF_X1)                          |        | 0.003       | 0.000      | 0.007      |             | 0.032  | 0.985f          |
| core/_exu_io_alu_out[25] (net)                      | 3      |             |            |            | 0.000       |        |                 |
| core/_4670_:A (BUF_X1)                              |        | 0.001       | 0.000      | 0.007      |             | 0.000  | 0.985f          |
| core/_4670_:Z (BUF_X1)                              |        | 0.005       | 0.000      | 0.009      |             | 0.031  | 1.016f          |
| core/_1285_ (net)                                   | 1      |             |            |            | 0.000       |        |                 |
| core/_3642_:B (XOR2_X2)                             |        | 0.005       | 0.000      | 0.009      |             | 0.000  | 1.016f          |
| core/_3642_:Z (XOR2_X2)                             |        | 0.002       | 0.000      | 0.011      |             | 0.055  | 1.071f          |
| core/_2528_ (net)                                   | 1      |             |            |            | 0.000       |        |                 |
| core/_3643_:A4 (NOR4_X1)                            |        | 0.002       | 0.000      | 0.011      |             | 0.000  | 1.071f          |
| core/_3643_:ZN (NOR4_X1)                            |        | 0.002       | 0.000      | 0.045      |             | 0.082  | 1.153r          |
| core/_2529_ (net)                                   | 1      |             |            |            | 0.000       |        |                 |
| core/_3644_:A4 (NAND4_X1)                           |        | 0.002       | 0.000      | 0.045      |             | 0.000  | 1.153r          |
| core/_3644_:ZN (NAND4_X1)                           |        | 0.001       | 0.000      | 0.022      |             | 0.036  | 1.189f          |
| core/_2530_ (net)                                   | 1      |             |            |            | 0.000       |        |                 |
| core/_3666_:B1 (OAI21_X1)                           |        | 0.002       | 0.000      | 0.022      |             | 0.000  | 1.189f          |
| core/_3666_:ZN (OAI21_X1)                           |        | 0.002       | 0.000      | 0.021      |             | 0.034  | 1.223r          |
| core/_2552_ (net)                                   | 1      |             |            |            | 0.000       |        |                 |
| core/_3667_:A2 (NAND2_X1)                           |        | 0.002       | 0.000      | 0.021      |             | 0.000  | 1.223r          |
| core/_3667_:ZN (NAND2_X1)                           |        | 0.003       | 0.000      | 0.011      |             | 0.022  | 1.244f          |
| core/_2553_ (net)                                   | 1      |             |            |            | 0.000       |        |                 |
| core/_3668_:A1 (NAND2_X2)                           |        | 0.003       | 0.000      | 0.011      |             | 0.000  | 1.244f          |
| core/_3668_:ZN (NAND2_X2)                           |        | 0.006       | 0.000      | 0.014      |             | 0.019  | 1.263r          |
| core/_2554_ (net)                                   | 1      |             |            |            | 0.000       |        |                 |
| core/_3669_:B1 (OAI21_X4)                           |        | 0.006       | 0.000      | 0.014      |             | 0.000  | 1.263r          |
| core/_3669_:ZN (OAI21_X4)                           |        | 0.012       | 0.000      | 0.013      |             | 0.020  | 1.283f          |
| core/_1333_ (net)                                   | 6      |             |            |            | 0.000       |        |                 |
| core/_3678_:B1 (OAI21_X4)                           |        | 0.006       | 0.000      | 0.013      |             | 0.000  | 1.283f          |
| core/_3678_:ZN (OAI21_X4)                           |        | 0.006       | 0.000      | 0.017      |             | 0.027  | 1.310r          |
| core/_2559_ (net)                                   | 1      |             |            |            | 0.000       |        |                 |
| core/_3716_:A1 (NAND2_X4)                           |        | 0.006       | 0.000      | 0.017      |             | 0.000  | 1.310r          |
| core/_3716_:ZN (NAND2_X4)                           |        | 0.016       | 0.000      | 0.014      |             | 0.022  | 1.333f          |
| core/_2597_ (net)                                   | 7      |             |            |            | 0.000       |        |                 |
| core/_4562_:A1 (NAND2_X1)                           |        | 0.002       | 0.000      | 0.014      |             | 0.000  | 1.333f          |
| core/_4562_:ZN (NAND2_X1)                           |        | 0.001       | 0.000      | 0.008      |             | 0.015  | 1.348r          |
| core/_1971_ (net)                                   | 1      |             |            |            | 0.000       |        |                 |
| core/_6535_:A (BUF_X1)                              |        | 0.001       | 0.000      | 0.008      |             | 0.000  | 1.348r          |
| core/_6535_:Z (BUF_X1)                              |        | 0.001       | 0.000      | 0.006      |             | 0.020  | 1.367r          |
| core/_0633_ (net)                                   | 1      |             |            |            | 0.000       |        |                 |
| core/idu/_1840_:A (BUF_X1)                          |        | 0.001       | 0.000      | 0.006      |             | 0.000  | 1.367r          |
| core/idu/_1840_:Z (BUF_X1)                          |        | 0.002       | 0.000      | 0.008      |             | 0.021  | 1.389r          |
| core/idu/_0342_ (net)                               | 1      |             |            |            | 0.000       |        |                 |
| core/idu/_1097_:A (INV_X1)                          |        | 0.002       | 0.000      | 0.008      |             | 0.000  | 1.389r          |
| core/idu/_1097_:ZN (INV_X1)                         |        | 0.003       | 0.000      | 0.006      |             | 0.010  | 1.399f          |
| core/idu/_0639_ (net)                               | 2      |             |            |            | 0.000       |        |                 |
| core/idu/_1250_:A1 (NAND2_X1)                       |        | 0.002       | 0.000      | 0.006      |             | 0.000  | 1.399f          |
| core/idu/_1250_:ZN (NAND2_X1)                       |        | 0.002       | 0.000      | 0.010      |             | 0.014  | 1.413r          |
| core/idu/_0767_ (net)                               | 1      |             |            |            | 0.000       |        |                 |
| core/idu/_1251_:A (INV_X1)                          |        | 0.002       | 0.000      | 0.010      |             | 0.000  | 1.413r          |
| core/idu/_1251_:ZN (INV_X1)                         |        | 0.002       | 0.000      | 0.006      |             | 0.010  | 1.422f          |
| core/idu/_0408_ (net)                               | 2      |             |            |            | 0.000       |        |                 |
| core/idu/_1872_:A (BUF_X1)                          |        | 0.001       | 0.000      | 0.006      |             | 0.000  | 1.422f          |
| core/idu/_1872_:Z (BUF_X1)                          |        | 0.002       | 0.000      | 0.006      |             | 0.026  | 1.448f          |
| core/_idu_io_pipe_in_ready (net)                    | 2      |             |            |            | 0.000       |        |                 |
| core/ifu/_1399_:A (BUF_X1)                          |        | 0.001       | 0.000      | 0.006      |             | 0.000  | 1.448f          |
| core/ifu/_1399_:Z (BUF_X1)                          |        | 0.001       | 0.000      | 0.006      |             | 0.026  | 1.474f          |
| core/ifu/_0272_ (net)                               | 1      |             |            |            | 0.000       |        |                 |
| core/ifu/_1080_:B2 (AOI21_X1)                       |        | 0.002       | 0.000      | 0.006      |             | 0.000  | 1.474f          |
| core/ifu/_1080_:ZN (AOI21_X1)                       |        | 0.002       | 0.000      | 0.023      |             | 0.031  | 1.505r          |
| core/ifu/_0623_ (net)                               | 1      |             |            |            | 0.000       |        |                 |
| core/ifu/_1084_:A1 (NAND2_X1)                       |        | 0.002       | 0.000      | 0.023      |             | 0.000  | 1.505r          |
| core/ifu/_1084_:ZN (NAND2_X1)                       |        | 0.003       | 0.000      | 0.013      |             | 0.022  | 1.527f          |
| core/ifu/_0627_ (net)                               | 2      |             |            |            | 0.000       |        |                 |
| core/ifu/_1085_:A (INV_X1)                          |        | 0.002       | 0.000      | 0.013      |             | 0.000  | 1.527f          |
| core/ifu/_1085_:ZN (INV_X1)                         |        | 0.002       | 0.000      | 0.008      |             | 0.015  | 1.543r          |
| core/ifu/_0628_ (net)                               | 1      |             |            |            | 0.000       |        |                 |
| core/ifu/_1098_:A1 (NOR3_X1)                        |        | 0.002       | 0.000      | 0.008      |             | 0.000  | 1.543r          |
| core/ifu/_1098_:ZN (NOR3_X1)                        |        | 0.001       | 0.000      | 0.011      |             | 0.009  | 1.552f          |
| core/ifu/_0641_ (net)                               | 1      |             |            |            | 0.000       |        |                 |
| core/ifu/_1101_:A1 (NOR2_X1)                        |        | 0.002       | 0.000      | 0.011      |             | 0.000  | 1.552f          |
| core/ifu/_1101_:ZN (NOR2_X1)                        |        | 0.004       | 0.000      | 0.031      |             | 0.036  | 1.588r          |
| core/ifu/_0644_ (net)                               | 3      |             |            |            | 0.000       |        |                 |
| core/ifu/_1102_:A (INV_X1)                          |        | 0.002       | 0.000      | 0.031      |             | 0.000  | 1.588r          |
| core/ifu/_1102_:ZN (INV_X1)                         |        | 0.003       | 0.000      | 0.010      |             | 0.015  | 1.603f          |
| core/ifu/_0645_ (net)                               | 2      |             |            |            | 0.000       |        |                 |
| core/ifu/_1109_:A1 (NAND2_X1)                       |        | 0.002       | 0.000      | 0.010      |             | 0.000  | 1.603f          |
| core/ifu/_1109_:ZN (NAND2_X1)                       |        | 0.003       | 0.000      | 0.012      |             | 0.018  | 1.621r          |
| core/ifu/_0049_ (net)                               | 2      |             |            |            | 0.000       |        |                 |
| core/ifu/_1121_:A1 (NOR2_X1)                        |        | 0.002       | 0.000      | 0.012      |             | 0.000  | 1.621r          |
| core/ifu/_1121_:ZN (NOR2_X1)                        |        | 0.001       | 0.000      | 0.007      |             | 0.008  | 1.629f          |
| core/ifu/_0054_ (net)                               | 1      |             |            |            | 0.000       |        |                 |
| core/ifu/_1414_:A (BUF_X1)                          |        | 0.001       | 0.000      | 0.007      |             | 0.000  | 1.629f          |
| core/ifu/_1414_:Z (BUF_X1)                          |        | 0.001       | 0.000      | 0.006      |             | 0.026  | 1.655f          |
| core/ifu/_0006_ (net)                               | 1      |             |            |            | 0.000       |        |                 |
| core/ifu/_1415_:D (DFF_X1)                          |        | 0.001       | 0.000      | 0.006      |             | 0.000  | 1.655f          |
|                                                     |        |             |            |            |             |        |                 |
| clock (port)                                        |        | 2.101       | 0.000      | 0.000      |             | 0.000  | 0.000r          |
| clock (clock net)                                   | 2209   |             |            |            | NA          |        |                 |
| core/ifu/_1415_:CK (DFF_X1)                         |        | 0.001       | 0.000      | 0.000      |             | 0.000  | 0.000r          |
| clock core_clock (rise edge)                        |        |             |            |            |             | 2.222  | 2.222           |
| clock network delay (ideal)                         |        |             |            |            |             | 0.000  | 2.222           |
| core/ifu/_1415_:CK (DFF_X1)                         |        |             |            |            |             |        | 2.222r          |
| library setup time                                  |        |             |            |            |             | -0.039 | 2.183           |
| clock reconvergence pessimism                       |        |             |            |            |             | 0.000  | 2.183           |
|                                                     |        |             |            |            |             |        |                 |
| path cell delay                                     |        |             |            |            |             |        | 1.655(100.000%) |
| path net delay                                      |        |             |            |            |             |        | 0.000(0.000%)   |
|                                                     |        |             |            |            |             |        |                 |
| data require time                                   |        |             |            |            |             |        | 2.183           |
| data arrival time                                   |        |             |            |            |             |        | 1.655           |
| slack (MET)                                         |        |             |            |            |             |        | 0.528           |
+-----------------------------------------------------+--------+-------------+------------+------------+-------------+--------+-----------------+
+-----------------------------------------------------+--------+-------------+------------+------------+-------------+--------+-----------------+
| Point                                               | Fanout | Capacitance | Resistance | Transition | Delta Delay | Incr   | Path            |
+-----------------------------------------------------+--------+-------------+------------+------------+-------------+--------+-----------------+
| clock (port)                                        |        | 2.101       | 0.000      | 0.000      |             | 0.000  | 0.000r          |
| clock (clock net)                                   | 2209   |             |            |            | NA          |        |                 |
| core/_6668_:CK (DFF_X1)                             |        | 0.001       | 0.000      | 0.000      |             | 0.000  | 0.000r          |
| clock core_clock (rise edge)                        |        |             |            |            |             | 0      | 0               |
| clock network delay (ideal)                         |        |             |            |            |             | 0.000  | 0.000           |
| core/_6668_:CK (DFF_X1)                             |        | 0.001       | 0.000      | 0.000      |             | 0.000  | 0.000r          |
| core/_6668_:Q (DFF_X1)                              |        | 0.002       | 0.000      | 0.009      |             | 0.086  | 0.086r          |
| core/exu_io_pipe_in_bits_r_id2exe_op2_data[1] (net) | 2      |             |            |            | 0.000       |        |                 |
| core/exu/_4269_:A (BUF_X1)                          |        | 0.001       | 0.000      | 0.009      |             | 0.000  | 0.086r          |
| core/exu/_4269_:Z (BUF_X1)                          |        | 0.052       | 0.000      | 0.121      |             | 0.143  | 0.229r          |
| core/exu/_0153_ (net)                               | 28     |             |            |            | 0.000       |        |                 |
| fanout_buf_6:A (BUF_X8)                             |        | 0.007       | 0.000      | 0.121      |             | 0.000  | 0.229r          |
| fanout_buf_6:Z (BUF_X8)                             |        | 0.101       | 0.000      | 0.033      |             | 0.060  | 0.289r          |
| fanout_net_6 (net)                                  | 30     |             |            |            | 0.000       |        |                 |
| core/exu/_2263_:A1 (NOR2_X4)                        |        | 0.007       | 0.000      | 0.033      |             | 0.000  | 0.289r          |
| core/exu/_2263_:ZN (NOR2_X4)                        |        | 0.008       | 0.000      | 0.027      |             | 0.012  | 0.302f          |
| core/exu/_1477_ (net)                               | 2      |             |            |            | 0.000       |        |                 |
| core/exu/_2264_:A2 (NOR2_X4)                        |        | 0.007       | 0.000      | 0.027      |             | 0.000  | 0.302f          |
| core/exu/_2264_:ZN (NOR2_X4)                        |        | 0.015       | 0.000      | 0.027      |             | 0.046  | 0.347r          |
| core/exu/_1478_ (net)                               | 6      |             |            |            | 0.000       |        |                 |
| core/exu/_2686_:A1 (NAND2_X4)                       |        | 0.006       | 0.000      | 0.027      |             | 0.000  | 0.347r          |
| core/exu/_2686_:ZN (NAND2_X4)                       |        | 0.006       | 0.000      | 0.010      |             | 0.017  | 0.364f          |
| core/exu/_1898_ (net)                               | 1      |             |            |            | 0.000       |        |                 |
| core/exu/_2687_:A (OAI21_X4)                        |        | 0.006       | 0.000      | 0.010      |             | 0.000  | 0.364f          |
| core/exu/_2687_:ZN (OAI21_X4)                       |        | 0.005       | 0.000      | 0.018      |             | 0.019  | 0.383r          |
| core/exu/_1899_ (net)                               | 2      |             |            |            | 0.000       |        |                 |
| core/exu/_2719_:A1 (AND2_X4)                        |        | 0.003       | 0.000      | 0.018      |             | 0.000  | 0.383r          |
| core/exu/_2719_:ZN (AND2_X4)                        |        | 0.003       | 0.000      | 0.007      |             | 0.030  | 0.413r          |
| core/exu/_1930_ (net)                               | 1      |             |            |            | 0.000       |        |                 |
| core/exu/_2720_:A1 (OR2_X4)                         |        | 0.003       | 0.000      | 0.007      |             | 0.000  | 0.413r          |
| core/exu/_2720_:ZN (OR2_X4)                         |        | 0.008       | 0.000      | 0.009      |             | 0.023  | 0.436r          |
| core/exu/_1931_ (net)                               | 2      |             |            |            | 0.000       |        |                 |
| core/exu/_2794_:A (OAI21_X4)                        |        | 0.006       | 0.000      | 0.009      |             | 0.000  | 0.436r          |
| core/exu/_2794_:ZN (OAI21_X4)                       |        | 0.006       | 0.000      | 0.031      |             | 0.018  | 0.454f          |
| core/exu/_2004_ (net)                               | 1      |             |            |            | 0.000       |        |                 |
| core/exu/_2795_:A1 (NAND2_X4)                       |        | 0.006       | 0.000      | 0.031      |             | 0.000  | 0.454f          |
| core/exu/_2795_:ZN (NAND2_X4)                       |        | 0.008       | 0.000      | 0.014      |             | 0.024  | 0.477r          |
| core/exu/_2005_ (net)                               | 2      |             |            |            | 0.000       |        |                 |
| core/exu/_2851_:A1 (NAND2_X4)                       |        | 0.006       | 0.000      | 0.014      |             | 0.000  | 0.477r          |
| core/exu/_2851_:ZN (NAND2_X4)                       |        | 0.007       | 0.000      | 0.008      |             | 0.015  | 0.493f          |
| core/exu/_2060_ (net)                               | 2      |             |            |            | 0.000       |        |                 |
| core/exu/_2983_:A1 (NOR3_X4)                        |        | 0.007       | 0.000      | 0.008      |             | 0.000  | 0.493f          |
| core/exu/_2983_:ZN (NOR3_X4)                        |        | 0.007       | 0.000      | 0.028      |             | 0.032  | 0.525r          |
| core/exu/_0300_ (net)                               | 1      |             |            |            | 0.000       |        |                 |
| core/exu/_2988_:A1 (NOR2_X4)                        |        | 0.007       | 0.000      | 0.028      |             | 0.000  | 0.525r          |
| core/exu/_2988_:ZN (NOR2_X4)                        |        | 0.009       | 0.000      | 0.013      |             | 0.014  | 0.539f          |
| core/exu/_0305_ (net)                               | 4      |             |            |            | 0.000       |        |                 |
| core/exu/_3141_:A1 (NOR3_X4)                        |        | 0.007       | 0.000      | 0.013      |             | 0.000  | 0.539f          |
| core/exu/_3141_:ZN (NOR3_X4)                        |        | 0.003       | 0.000      | 0.023      |             | 0.028  | 0.567r          |
| core/exu/_0454_ (net)                               | 1      |             |            |            | 0.000       |        |                 |
| core/exu/_3144_:A1 (OR2_X4)                         |        | 0.003       | 0.000      | 0.023      |             | 0.000  | 0.567r          |
| core/exu/_3144_:ZN (OR2_X4)                         |        | 0.009       | 0.000      | 0.009      |             | 0.028  | 0.595r          |
| core/exu/_0457_ (net)                               | 4      |             |            |            | 0.000       |        |                 |
| core/exu/_3288_:A1 (AND2_X4)                        |        | 0.003       | 0.000      | 0.009      |             | 0.000  | 0.595r          |
| core/exu/_3288_:ZN (AND2_X4)                        |        | 0.003       | 0.000      | 0.007      |             | 0.027  | 0.622r          |
| core/exu/_0597_ (net)                               | 1      |             |            |            | 0.000       |        |                 |
| core/exu/_3292_:A1 (OR2_X4)                         |        | 0.003       | 0.000      | 0.007      |             | 0.000  | 0.622r          |
| core/exu/_3292_:ZN (OR2_X4)                         |        | 0.006       | 0.000      | 0.008      |             | 0.021  | 0.643r          |
| core/exu/_0601_ (net)                               | 1      |             |            |            | 0.000       |        |                 |
| core/exu/_3293_:A (INV_X4)                          |        | 0.006       | 0.000      | 0.008      |             | 0.000  | 0.643r          |
| core/exu/_3293_:ZN (INV_X4)                         |        | 0.009       | 0.000      | 0.005      |             | 0.009  | 0.652f          |
| core/exu/_0602_ (net)                               | 4      |             |            |            | 0.000       |        |                 |
| core/exu/_3556_:A1 (NOR4_X4)                        |        | 0.007       | 0.000      | 0.005      |             | 0.000  | 0.652f          |
| core/exu/_3556_:ZN (NOR4_X4)                        |        | 0.003       | 0.000      | 0.037      |             | 0.034  | 0.686r          |
| core/exu/_0857_ (net)                               | 1      |             |            |            | 0.000       |        |                 |
| core/exu/_3560_:A1 (OR2_X4)                         |        | 0.003       | 0.000      | 0.037      |             | 0.000  | 0.686r          |
| core/exu/_3560_:ZN (OR2_X4)                         |        | 0.008       | 0.000      | 0.009      |             | 0.029  | 0.715r          |
| core/exu/_0861_ (net)                               | 2      |             |            |            | 0.000       |        |                 |
| core/exu/_3561_:A1 (NAND2_X4)                       |        | 0.006       | 0.000      | 0.009      |             | 0.000  | 0.715r          |
| core/exu/_3561_:ZN (NAND2_X4)                       |        | 0.008       | 0.000      | 0.011      |             | 0.014  | 0.729f          |
| core/exu/_0862_ (net)                               | 2      |             |            |            | 0.000       |        |                 |
| core/exu/_3600_:A1 (NOR2_X2)                        |        | 0.003       | 0.000      | 0.011      |             | 0.000  | 0.729f          |
| core/exu/_3600_:ZN (NOR2_X2)                        |        | 0.008       | 0.000      | 0.028      |             | 0.036  | 0.765r          |
| core/exu/_0900_ (net)                               | 3      |             |            |            | 0.000       |        |                 |
| core/exu/_3603_:A2 (OR3_X4)                         |        | 0.003       | 0.000      | 0.028      |             | 0.000  | 0.765r          |
| core/exu/_3603_:ZN (OR3_X4)                         |        | 0.005       | 0.000      | 0.007      |             | 0.029  | 0.795r          |
| core/exu/_0903_ (net)                               | 2      |             |            |            | 0.000       |        |                 |
| core/exu/_3604_:C1 (OAI221_X2)                      |        | 0.003       | 0.000      | 0.007      |             | 0.000  | 0.795r          |
| core/exu/_3604_:ZN (OAI221_X2)                      |        | 0.003       | 0.000      | 0.017      |             | 0.023  | 0.818f          |
| core/exu/_0904_ (net)                               | 1      |             |            |            | 0.000       |        |                 |
| core/exu/_3614_:A1 (NOR3_X2)                        |        | 0.003       | 0.000      | 0.017      |             | 0.000  | 0.818f          |
| core/exu/_3614_:ZN (NOR3_X2)                        |        | 0.002       | 0.000      | 0.023      |             | 0.032  | 0.850r          |
| core/exu/_0914_ (net)                               | 1      |             |            |            | 0.000       |        |                 |
| core/exu/_3615_:A (OAI221_X1)                       |        | 0.002       | 0.000      | 0.023      |             | 0.000  | 0.850r          |
| core/exu/_3615_:ZN (OAI221_X1)                      |        | 0.002       | 0.000      | 0.017      |             | 0.035  | 0.885f          |
| core/exu/_0915_ (net)                               | 1      |             |            |            | 0.000       |        |                 |
| core/exu/_3616_:A (AOI21_X1)                        |        | 0.002       | 0.000      | 0.017      |             | 0.000  | 0.885f          |
| core/exu/_3616_:ZN (AOI21_X1)                       |        | 0.002       | 0.000      | 0.023      |             | 0.035  | 0.920r          |
| core/exu/_0916_ (net)                               | 1      |             |            |            | 0.000       |        |                 |
| core/exu/_3620_:A (OAI221_X1)                       |        | 0.002       | 0.000      | 0.023      |             | 0.000  | 0.920r          |
| core/exu/_3620_:ZN (OAI221_X1)                      |        | 0.001       | 0.000      | 0.015      |             | 0.032  | 0.952f          |
| core/exu/_0024_ (net)                               | 1      |             |            |            | 0.000       |        |                 |
| core/exu/_4356_:A (BUF_X1)                          |        | 0.001       | 0.000      | 0.015      |             | 0.000  | 0.952f          |
| core/exu/_4356_:Z (BUF_X1)                          |        | 0.003       | 0.000      | 0.007      |             | 0.032  | 0.985f          |
| core/_exu_io_alu_out[25] (net)                      | 3      |             |            |            | 0.000       |        |                 |
| core/_4670_:A (BUF_X1)                              |        | 0.001       | 0.000      | 0.007      |             | 0.000  | 0.985f          |
| core/_4670_:Z (BUF_X1)                              |        | 0.005       | 0.000      | 0.009      |             | 0.031  | 1.016f          |
| core/_1285_ (net)                                   | 1      |             |            |            | 0.000       |        |                 |
| core/_3642_:B (XOR2_X2)                             |        | 0.005       | 0.000      | 0.009      |             | 0.000  | 1.016f          |
| core/_3642_:Z (XOR2_X2)                             |        | 0.002       | 0.000      | 0.011      |             | 0.055  | 1.071f          |
| core/_2528_ (net)                                   | 1      |             |            |            | 0.000       |        |                 |
| core/_3643_:A4 (NOR4_X1)                            |        | 0.002       | 0.000      | 0.011      |             | 0.000  | 1.071f          |
| core/_3643_:ZN (NOR4_X1)                            |        | 0.002       | 0.000      | 0.045      |             | 0.082  | 1.153r          |
| core/_2529_ (net)                                   | 1      |             |            |            | 0.000       |        |                 |
| core/_3644_:A4 (NAND4_X1)                           |        | 0.002       | 0.000      | 0.045      |             | 0.000  | 1.153r          |
| core/_3644_:ZN (NAND4_X1)                           |        | 0.001       | 0.000      | 0.022      |             | 0.036  | 1.189f          |
| core/_2530_ (net)                                   | 1      |             |            |            | 0.000       |        |                 |
| core/_3666_:B1 (OAI21_X1)                           |        | 0.002       | 0.000      | 0.022      |             | 0.000  | 1.189f          |
| core/_3666_:ZN (OAI21_X1)                           |        | 0.002       | 0.000      | 0.021      |             | 0.034  | 1.223r          |
| core/_2552_ (net)                                   | 1      |             |            |            | 0.000       |        |                 |
| core/_3667_:A2 (NAND2_X1)                           |        | 0.002       | 0.000      | 0.021      |             | 0.000  | 1.223r          |
| core/_3667_:ZN (NAND2_X1)                           |        | 0.003       | 0.000      | 0.011      |             | 0.022  | 1.244f          |
| core/_2553_ (net)                                   | 1      |             |            |            | 0.000       |        |                 |
| core/_3668_:A1 (NAND2_X2)                           |        | 0.003       | 0.000      | 0.011      |             | 0.000  | 1.244f          |
| core/_3668_:ZN (NAND2_X2)                           |        | 0.006       | 0.000      | 0.014      |             | 0.019  | 1.263r          |
| core/_2554_ (net)                                   | 1      |             |            |            | 0.000       |        |                 |
| core/_3669_:B1 (OAI21_X4)                           |        | 0.006       | 0.000      | 0.014      |             | 0.000  | 1.263r          |
| core/_3669_:ZN (OAI21_X4)                           |        | 0.012       | 0.000      | 0.013      |             | 0.020  | 1.283f          |
| core/_1333_ (net)                                   | 6      |             |            |            | 0.000       |        |                 |
| core/_3678_:B1 (OAI21_X4)                           |        | 0.006       | 0.000      | 0.013      |             | 0.000  | 1.283f          |
| core/_3678_:ZN (OAI21_X4)                           |        | 0.006       | 0.000      | 0.017      |             | 0.027  | 1.310r          |
| core/_2559_ (net)                                   | 1      |             |            |            | 0.000       |        |                 |
| core/_3716_:A1 (NAND2_X4)                           |        | 0.006       | 0.000      | 0.017      |             | 0.000  | 1.310r          |
| core/_3716_:ZN (NAND2_X4)                           |        | 0.016       | 0.000      | 0.014      |             | 0.022  | 1.333f          |
| core/_2597_ (net)                                   | 7      |             |            |            | 0.000       |        |                 |
| core/_4562_:A1 (NAND2_X1)                           |        | 0.002       | 0.000      | 0.014      |             | 0.000  | 1.333f          |
| core/_4562_:ZN (NAND2_X1)                           |        | 0.001       | 0.000      | 0.008      |             | 0.015  | 1.348r          |
| core/_1971_ (net)                                   | 1      |             |            |            | 0.000       |        |                 |
| core/_6535_:A (BUF_X1)                              |        | 0.001       | 0.000      | 0.008      |             | 0.000  | 1.348r          |
| core/_6535_:Z (BUF_X1)                              |        | 0.001       | 0.000      | 0.006      |             | 0.020  | 1.367r          |
| core/_0633_ (net)                                   | 1      |             |            |            | 0.000       |        |                 |
| core/idu/_1840_:A (BUF_X1)                          |        | 0.001       | 0.000      | 0.006      |             | 0.000  | 1.367r          |
| core/idu/_1840_:Z (BUF_X1)                          |        | 0.002       | 0.000      | 0.008      |             | 0.021  | 1.389r          |
| core/idu/_0342_ (net)                               | 1      |             |            |            | 0.000       |        |                 |
| core/idu/_1097_:A (INV_X1)                          |        | 0.002       | 0.000      | 0.008      |             | 0.000  | 1.389r          |
| core/idu/_1097_:ZN (INV_X1)                         |        | 0.003       | 0.000      | 0.006      |             | 0.010  | 1.399f          |
| core/idu/_0639_ (net)                               | 2      |             |            |            | 0.000       |        |                 |
| core/idu/_1250_:A1 (NAND2_X1)                       |        | 0.002       | 0.000      | 0.006      |             | 0.000  | 1.399f          |
| core/idu/_1250_:ZN (NAND2_X1)                       |        | 0.002       | 0.000      | 0.010      |             | 0.014  | 1.413r          |
| core/idu/_0767_ (net)                               | 1      |             |            |            | 0.000       |        |                 |
| core/idu/_1251_:A (INV_X1)                          |        | 0.002       | 0.000      | 0.010      |             | 0.000  | 1.413r          |
| core/idu/_1251_:ZN (INV_X1)                         |        | 0.002       | 0.000      | 0.006      |             | 0.010  | 1.422f          |
| core/idu/_0408_ (net)                               | 2      |             |            |            | 0.000       |        |                 |
| core/idu/_1872_:A (BUF_X1)                          |        | 0.001       | 0.000      | 0.006      |             | 0.000  | 1.422f          |
| core/idu/_1872_:Z (BUF_X1)                          |        | 0.002       | 0.000      | 0.006      |             | 0.026  | 1.448f          |
| core/_idu_io_pipe_in_ready (net)                    | 2      |             |            |            | 0.000       |        |                 |
| core/ifu/_1399_:A (BUF_X1)                          |        | 0.001       | 0.000      | 0.006      |             | 0.000  | 1.448f          |
| core/ifu/_1399_:Z (BUF_X1)                          |        | 0.001       | 0.000      | 0.006      |             | 0.026  | 1.474f          |
| core/ifu/_0272_ (net)                               | 1      |             |            |            | 0.000       |        |                 |
| core/ifu/_1080_:B2 (AOI21_X1)                       |        | 0.002       | 0.000      | 0.006      |             | 0.000  | 1.474f          |
| core/ifu/_1080_:ZN (AOI21_X1)                       |        | 0.002       | 0.000      | 0.023      |             | 0.031  | 1.505r          |
| core/ifu/_0623_ (net)                               | 1      |             |            |            | 0.000       |        |                 |
| core/ifu/_1084_:A1 (NAND2_X1)                       |        | 0.002       | 0.000      | 0.023      |             | 0.000  | 1.505r          |
| core/ifu/_1084_:ZN (NAND2_X1)                       |        | 0.003       | 0.000      | 0.013      |             | 0.022  | 1.527f          |
| core/ifu/_0627_ (net)                               | 2      |             |            |            | 0.000       |        |                 |
| core/ifu/_1104_:A (OAI21_X1)                        |        | 0.002       | 0.000      | 0.013      |             | 0.000  | 1.527f          |
| core/ifu/_1104_:ZN (OAI21_X1)                       |        | 0.002       | 0.000      | 0.020      |             | 0.022  | 1.549r          |
| core/ifu/_0647_ (net)                               | 1      |             |            |            | 0.000       |        |                 |
| core/ifu/_1106_:A1 (NOR2_X1)                        |        | 0.002       | 0.000      | 0.020      |             | 0.000  | 1.549r          |
| core/ifu/_1106_:ZN (NOR2_X1)                        |        | 0.004       | 0.000      | 0.010      |             | 0.018  | 1.567f          |
| core/ifu/_0649_ (net)                               | 3      |             |            |            | 0.000       |        |                 |
| core/ifu/_1110_:A1 (NOR2_X1)                        |        | 0.002       | 0.000      | 0.010      |             | 0.000  | 1.567f          |
| core/ifu/_1110_:ZN (NOR2_X1)                        |        | 0.004       | 0.000      | 0.026      |             | 0.035  | 1.603r          |
| core/ifu/_0050_ (net)                               | 3      |             |            |            | 0.000       |        |                 |
| core/ifu/_1119_:A1 (AND2_X1)                        |        | 0.001       | 0.000      | 0.026      |             | 0.000  | 1.603r          |
| core/ifu/_1119_:ZN (AND2_X1)                        |        | 0.001       | 0.000      | 0.007      |             | 0.034  | 1.637r          |
| core/ifu/_0055_ (net)                               | 1      |             |            |            | 0.000       |        |                 |
| core/ifu/_1413_:A (BUF_X1)                          |        | 0.001       | 0.000      | 0.007      |             | 0.000  | 1.637r          |
| core/ifu/_1413_:Z (BUF_X1)                          |        | 0.001       | 0.000      | 0.008      |             | 0.022  | 1.659r          |
| core/ifu/_0007_ (net)                               | 1      |             |            |            | 0.000       |        |                 |
| core/ifu/_1416_:D (DFF_X1)                          |        | 0.001       | 0.000      | 0.008      |             | 0.000  | 1.659r          |
|                                                     |        |             |            |            |             |        |                 |
| clock (port)                                        |        | 2.101       | 0.000      | 0.000      |             | 0.000  | 0.000r          |
| clock (clock net)                                   | 2209   |             |            |            | NA          |        |                 |
| core/ifu/_1416_:CK (DFF_X1)                         |        | 0.001       | 0.000      | 0.000      |             | 0.000  | 0.000r          |
| clock core_clock (rise edge)                        |        |             |            |            |             | 2.222  | 2.222           |
| clock network delay (ideal)                         |        |             |            |            |             | 0.000  | 2.222           |
| core/ifu/_1416_:CK (DFF_X1)                         |        |             |            |            |             |        | 2.222r          |
| library setup time                                  |        |             |            |            |             | -0.031 | 2.191           |
| clock reconvergence pessimism                       |        |             |            |            |             | 0.000  | 2.191           |
|                                                     |        |             |            |            |             |        |                 |
| path cell delay                                     |        |             |            |            |             |        | 1.659(100.000%) |
| path net delay                                      |        |             |            |            |             |        | 0.000(0.000%)   |
|                                                     |        |             |            |            |             |        |                 |
| data require time                                   |        |             |            |            |             |        | 2.191           |
| data arrival time                                   |        |             |            |            |             |        | 1.659           |
| slack (MET)                                         |        |             |            |            |             |        | 0.532           |
+-----------------------------------------------------+--------+-------------+------------+------------+-------------+--------+-----------------+
+-------------------------------+--------+-------------+------------+------------+-------------+--------+-----------------+
| Point                         | Fanout | Capacitance | Resistance | Transition | Delta Delay | Incr   | Path            |
+-------------------------------+--------+-------------+------------+------------+-------------+--------+-----------------+
| clock (port)                  |        | 2.101       | 0.000      | 0.000      |             | 0.000  | 0.000r          |
| clock (clock net)             | 2209   |             |            |            | NA          |        |                 |
| clint/_1144_:CK (DFFR_X1)     |        | 0.001       | 0.000      | 0.000      |             | 0.000  | 0.000r          |
| clock core_clock (rise edge)  |        |             |            |            |             | 0      | 0               |
| clock network delay (ideal)   |        |             |            |            |             | 0.000  | 0.000           |
| clint/_1144_:CK (DFFR_X1)     |        | 0.001       | 0.000      | 0.000      |             | 0.000  | 0.000r          |
| clint/_1144_:QN (DFFR_X1)     |        | 0.001       | 0.000      | 0.011      |             | 0.066  | 0.066r          |
| clint/_0032_ (net)            | 1      |             |            |            | 0.000       |        |                 |
| clint/_1144_:D (DFFR_X1)      |        | 0.001       | 0.000      | 0.011      |             | 0.000  | 0.066r          |
|                               |        |             |            |            |             |        |                 |
| clock (port)                  |        | 2.101       | 0.000      | 0.000      |             | 0.000  | 0.000r          |
| clock (clock net)             | 2209   |             |            |            | NA          |        |                 |
| clint/_1144_:CK (DFFR_X1)     |        | 0.001       | 0.000      | 0.000      |             | 0.000  | 0.000r          |
| clock core_clock (rise edge)  |        |             |            |            |             | 0      | 0               |
| clock network delay (ideal)   |        |             |            |            |             | 0.000  | 0.000           |
| clint/_1144_:CK (DFFR_X1)     |        |             |            |            |             |        | 0.000r          |
| library hold time             |        |             |            |            |             | 0.006  | 0.006           |
| clock reconvergence pessimism |        |             |            |            |             | -0.000 | 0.006           |
|                               |        |             |            |            |             |        |                 |
| path cell delay               |        |             |            |            |             |        | 0.066(100.000%) |
| path net delay                |        |             |            |            |             |        | 0.000(0.000%)   |
|                               |        |             |            |            |             |        |                 |
| data require time             |        |             |            |            |             |        | 0.006           |
| data arrival time             |        |             |            |            |             |        | 0.066           |
| slack (MET)                   |        |             |            |            |             |        | 0.060           |
+-------------------------------+--------+-------------+------------+------------+-------------+--------+-----------------+
+-------------------------------+--------+-------------+------------+------------+-------------+--------+-----------------+
| Point                         | Fanout | Capacitance | Resistance | Transition | Delta Delay | Incr   | Path            |
+-------------------------------+--------+-------------+------------+------------+-------------+--------+-----------------+
| clock (port)                  |        | 2.101       | 0.000      | 0.000      |             | 0.000  | 0.000r          |
| clock (clock net)             | 2209   |             |            |            | NA          |        |                 |
| clint/_1144_:CK (DFFR_X1)     |        | 0.001       | 0.000      | 0.000      |             | 0.000  | 0.000r          |
| clock core_clock (rise edge)  |        |             |            |            |             | 0      | 0               |
| clock network delay (ideal)   |        |             |            |            |             | 0.000  | 0.000           |
| clint/_1144_:CK (DFFR_X1)     |        | 0.001       | 0.000      | 0.000      |             | 0.000  | 0.000r          |
| clint/_1144_:QN (DFFR_X1)     |        | 0.001       | 0.000      | 0.012      |             | 0.065  | 0.065f          |
| clint/_0032_ (net)            | 1      |             |            |            | 0.000       |        |                 |
| clint/_1144_:D (DFFR_X1)      |        | 0.001       | 0.000      | 0.012      |             | 0.000  | 0.065f          |
|                               |        |             |            |            |             |        |                 |
| clock (port)                  |        | 2.101       | 0.000      | 0.000      |             | 0.000  | 0.000r          |
| clock (clock net)             | 2209   |             |            |            | NA          |        |                 |
| clint/_1144_:CK (DFFR_X1)     |        | 0.001       | 0.000      | 0.000      |             | 0.000  | 0.000r          |
| clock core_clock (rise edge)  |        |             |            |            |             | 0      | 0               |
| clock network delay (ideal)   |        |             |            |            |             | 0.000  | 0.000           |
| clint/_1144_:CK (DFFR_X1)     |        |             |            |            |             |        | 0.000r          |
| library hold time             |        |             |            |            |             | 0.003  | 0.003           |
| clock reconvergence pessimism |        |             |            |            |             | -0.000 | 0.003           |
|                               |        |             |            |            |             |        |                 |
| path cell delay               |        |             |            |            |             |        | 0.065(100.000%) |
| path net delay                |        |             |            |            |             |        | 0.000(0.000%)   |
|                               |        |             |            |            |             |        |                 |
| data require time             |        |             |            |            |             |        | 0.003           |
| data arrival time             |        |             |            |            |             |        | 0.065           |
| slack (MET)                   |        |             |            |            |             |        | 0.062           |
+-------------------------------+--------+-------------+------------+------------+-------------+--------+-----------------+
+-----------------------------------+--------+-------------+------------+------------+-------------+--------+-----------------+
| Point                             | Fanout | Capacitance | Resistance | Transition | Delta Delay | Incr   | Path            |
+-----------------------------------+--------+-------------+------------+------------+-------------+--------+-----------------+
| clock (port)                      |        | 2.101       | 0.000      | 0.000      |             | 0.000  | 0.000r          |
| clock (clock net)                 | 2209   |             |            |            | NA          |        |                 |
| core/exu/_4470_:CK (DFF_X1)       |        | 0.001       | 0.000      | 0.000      |             | 0.000  | 0.000r          |
| clock core_clock (rise edge)      |        |             |            |            |             | 0      | 0               |
| clock network delay (ideal)       |        |             |            |            |             | 0.000  | 0.000           |
| core/exu/_4470_:CK (DFF_X1)       |        | 0.001       | 0.000      | 0.000      |             | 0.000  | 0.000r          |
| core/exu/_4470_:Q (DFF_X1)        |        | 0.003       | 0.000      | 0.008      |             | 0.081  | 0.081f          |
| core/_exu_io_pipe_out_valid (net) | 3      |             |            |            | 0.000       |        |                 |
| core/_7168_:D (DFF_X1)            |        | 0.001       | 0.000      | 0.008      |             | 0.000  | 0.081f          |
|                                   |        |             |            |            |             |        |                 |
| clock (port)                      |        | 2.101       | 0.000      | 0.000      |             | 0.000  | 0.000r          |
| clock (clock net)                 | 2209   |             |            |            | NA          |        |                 |
| core/_7168_:CK (DFF_X1)           |        | 0.001       | 0.000      | 0.000      |             | 0.000  | 0.000r          |
| clock core_clock (rise edge)      |        |             |            |            |             | 0      | 0               |
| clock network delay (ideal)       |        |             |            |            |             | 0.000  | 0.000           |
| core/_7168_:CK (DFF_X1)           |        |             |            |            |             |        | 0.000r          |
| library hold time                 |        |             |            |            |             | 0.002  | 0.002           |
| clock reconvergence pessimism     |        |             |            |            |             | -0.000 | 0.002           |
|                                   |        |             |            |            |             |        |                 |
| path cell delay                   |        |             |            |            |             |        | 0.081(100.000%) |
| path net delay                    |        |             |            |            |             |        | 0.000(0.000%)   |
|                                   |        |             |            |            |             |        |                 |
| data require time                 |        |             |            |            |             |        | 0.002           |
| data arrival time                 |        |             |            |            |             |        | 0.081           |
| slack (MET)                       |        |             |            |            |             |        | 0.079           |
+-----------------------------------+--------+-------------+------------+------------+-------------+--------+-----------------+
