make[1]: 进入目录“/home/yangpengcheng/ysyx/ysyx/ysyx-workbench”
make[1]: 离开目录“/home/yangpengcheng/ysyx/ysyx/ysyx-workbench”
mkdir -p ./vsrc
mill -i playground.runMain Elaborate \
--split-verilog --target-dir ./vsrc
=== Instruction List ===
InstructionPattern(rv_i            or                                              [R ]rd,rs1,rs2                              0000000??????????110?????0110011                )
InstructionPattern(rv_i            srl                                             [R ]rd,rs1,rs2                              0000000??????????101?????0110011                )
InstructionPattern(rv_i            ori                                             [I ]rd,rs1,imm12                            ?????????????????110?????0010011                )
InstructionPattern(rv_i            lhu                                             [I ]rd,rs1,imm12                            ?????????????????101?????0000011                )
InstructionPattern(rv_i            sltu                                            [R ]rd,rs1,rs2                              0000000??????????011?????0110011                )
InstructionPattern(rv_i            sra                                             [R ]rd,rs1,rs2                              0100000??????????101?????0110011                )
InstructionPattern(rv_i            ebreak                                          [  ]                                        00000000000100000000000001110011                )
InstructionPattern(rv_i            sb                                              [S ]imm12lo,rs1,rs2,imm12hi                 ?????????????????000?????0100011                )
InstructionPattern(rv_i            lw                                              [I ]rd,rs1,imm12                            ?????????????????010?????0000011                )
InstructionPattern(rv_i            add                                             [R ]rd,rs1,rs2                              0000000??????????000?????0110011                )
InstructionPattern(rv_i            xor                                             [R ]rd,rs1,rs2                              0000000??????????100?????0110011                )
InstructionPattern(rv_i            beq                                             [B ]bimm12lo,rs1,rs2,bimm12hi               ?????????????????000?????1100011                )
InstructionPattern(rv_i            andi                                            [I ]rd,rs1,imm12                            ?????????????????111?????0010011                )
InstructionPattern(rv_i            bge                                             [B ]bimm12lo,rs1,rs2,bimm12hi               ?????????????????101?????1100011                )
InstructionPattern(rv_i            sw                                              [S ]imm12lo,rs1,rs2,imm12hi                 ?????????????????010?????0100011                )
InstructionPattern(rv_i            blt                                             [B ]bimm12lo,rs1,rs2,bimm12hi               ?????????????????100?????1100011                )
InstructionPattern(rv_i            bgeu                                            [B ]bimm12lo,rs1,rs2,bimm12hi               ?????????????????111?????1100011                )
InstructionPattern(rv_i            sltiu                                           [I ]rd,rs1,imm12                            ?????????????????011?????0010011                )
InstructionPattern(rv_i            lh                                              [I ]rd,rs1,imm12                            ?????????????????001?????0000011                )
InstructionPattern(rv_i            bltu                                            [B ]bimm12lo,rs1,rs2,bimm12hi               ?????????????????110?????1100011                )
InstructionPattern(rv_i            jalr                                            [I ]rd,rs1,imm12                            ?????????????????000?????1100111                )
InstructionPattern(rv_i            lui                                             [U ]rd,imm20                                ?????????????????????????0110111                )
InstructionPattern(rv_i            bne                                             [B ]bimm12lo,rs1,rs2,bimm12hi               ?????????????????001?????1100011                )
InstructionPattern(rv_i            lbu                                             [I ]rd,rs1,imm12                            ?????????????????100?????0000011                )
InstructionPattern(rv_i            sub                                             [R ]rd,rs1,rs2                              0100000??????????000?????0110011                )
InstructionPattern(rv_i            and                                             [R ]rd,rs1,rs2                              0000000??????????111?????0110011                )
InstructionPattern(rv_i            auipc                                           [U ]rd,imm20                                ?????????????????????????0010111                )
InstructionPattern(rv_i            xori                                            [I ]rd,rs1,imm12                            ?????????????????100?????0010011                )
InstructionPattern(rv_i            ecall                                           [  ]                                        00000000000000000000000001110011                )
InstructionPattern(rv_i            slti                                            [I ]rd,rs1,imm12                            ?????????????????010?????0010011                )
InstructionPattern(rv_i            slt                                             [R ]rd,rs1,rs2                              0000000??????????010?????0110011                )
InstructionPattern(rv_i            addi                                            [I ]rd,rs1,imm12                            ?????????????????000?????0010011                )
InstructionPattern(rv_i            lb                                              [I ]rd,rs1,imm12                            ?????????????????000?????0000011                )
InstructionPattern(rv_i            jal                                             [J ]rd,jimm20                               ?????????????????????????1101111                )
InstructionPattern(rv_i            sh                                              [S ]imm12lo,rs1,rs2,imm12hi                 ?????????????????001?????0100011                )
InstructionPattern(rv_i            sll                                             [R ]rd,rs1,rs2                              0000000??????????001?????0110011                )
InstructionPattern(rv_system       mret                                            [  ]                                        00110000001000000000000001110011                )
InstructionPattern(rv_zicsr        csrrs                                           [  ]rd,rs1,csr                              ?????????????????010?????1110011                )
InstructionPattern(rv_zicsr        csrrw                                           [  ]rd,rs1,csr                              ?????????????????001?????1110011                )
InstructionPattern(rv_zifencei     fence.i                                         [I ]rd,rs1,imm12                            ?????????????????001?????0001111                )
