WARNING: Logging before InitGoogleLogging() is written to STDERR
I20251006 20:19:28.009836 3920265 Sta.cc:375] read verilog file syn/result/ysyx_24080032-500MHz/ysyx_24080032.netlist.fixed.v start
I20251006 20:19:28.009951 3920265 VerilogParserRustC.cc:41] load verilog file syn/result/ysyx_24080032-500MHz/ysyx_24080032.netlist.fixed.v
r str syn/result/ysyx_24080032-500MHz/ysyx_24080032.netlist.fixed.v
I20251006 20:19:28.198540 3920265 Sta.cc:379] read verilog end
I20251006 20:19:28.198660 3920265 Sta.cc:298] load lib start
I20251006 20:19:28.202025 3920267 LibParserRustC.cc:1269] load liberty file syn/scripts/../nangate45/lib/merged.lib
rust read lib file syn/scripts/../nangate45/lib/merged.lib
I20251006 20:19:28.949947 3920267 LibParserRustC.cc:1278] load liberty file syn/scripts/../nangate45/lib/merged.lib success.
I20251006 20:19:28.950731 3920265 Sta.cc:317] load lib end
I20251006 20:19:28.950785 3920265 Sta.cc:405] link design ysyx_24080032 start
I20251006 20:19:28.964023 3920335 LibParserRustC.cc:1289] link liberty file syn/scripts/../nangate45/lib/merged.lib start.
I20251006 20:19:29.503677 3920335 LibParserRustC.cc:1295] link liberty file syn/scripts/../nangate45/lib/merged.lib success.
I20251006 20:19:30.838035 3920265 Sta.cc:790] link design ysyx_24080032 end
I20251006 20:19:30.846120 3920265 Sta.cc:172] read sdc syn/sdc/NPC.sdc start 
I20251006 20:19:30.846946 3920265 CmdCreateClock.cc:116] create clock core_clock for pin/port: clock
I20251006 20:19:30.846977 3920265 Sta.cc:185] read sdc end
I20251006 20:19:30.847003 3920265 StaBuildGraph.cc:310] build graph start
I20251006 20:19:32.274277 3920265 StaBuildGraph.cc:212] net core/isu/busy[0] has no driver.
I20251006 20:19:32.469237 3920265 StaBuildGraph.cc:327] build graph end
I20251006 20:19:32.469292 3920265 Sta.cc:2287] update timing start
I20251006 20:19:32.497769 3920265 StaApplySdc.cc:694] apply sdc start
I20251006 20:19:32.497872 3920265 StaApplySdc.cc:725] apply sdc end
I20251006 20:19:32.498771 3920265 StaClockPropagation.cc:320] ideal clock propagation start
I20251006 20:19:32.498831 3920265 StaClockPropagation.cc:203] clock propagate end to vertex clint/_1440_:CK
I20251006 20:19:32.516986 3920265 StaClockPropagation.cc:416] ideal clock propagation end
I20251006 20:19:32.517036 3920265 StaCheck.cc:129] found loop fwd start
I20251006 20:19:32.550097 3920265 StaCheck.cc:148] found loop fwd end
I20251006 20:19:32.550144 3920265 StaCheck.cc:150] found loop bwd start
I20251006 20:19:32.588762 3920265 StaCheck.cc:172] found loop bwd end
I20251006 20:19:32.588821 3920265 StaSlewPropagation.cc:266] slew propagation start
E20251006 20:19:32.591137 3920382 Lib.cc:174] Warning: val outside table ranges:  val = 0; min_val = 0.00117378; max_val = 0.198535
E20251006 20:19:32.591177 3920393 Lib.cc:174] Warning: val outside table ranges:  val = 0; min_val = 0.00117378; max_val = 0.198535
E20251006 20:19:32.591327 3920382 Lib.cc:174] Warning: val outside table ranges:  val = 0; min_val = 0.00117378; max_val = 0.198535
E20251006 20:19:32.591315 3920393 Lib.cc:174] Warning: val outside table ranges:  val = 0; min_val = 0.00117378; max_val = 0.198535
E20251006 20:19:32.591431 3920382 Lib.cc:174] Warning: val outside table ranges:  val = 0; min_val = 0.00117378; max_val = 0.198535
E20251006 20:19:32.591444 3920393 Lib.cc:174] Warning: val outside table ranges:  val = 0; min_val = 0.00117378; max_val = 0.198535
E20251006 20:19:32.591506 3920382 Lib.cc:174] Warning: val outside table ranges:  val = 0; min_val = 0.00117378; max_val = 0.198535
E20251006 20:19:32.591516 3920393 Lib.cc:174] Warning: val outside table ranges:  val = 0; min_val = 0.00117378; max_val = 0.198535
E20251006 20:19:32.591539 3920393 Lib.cc:174] Warning: val outside table ranges:  val = 0; min_val = 0.00117378; max_val = 0.198535
E20251006 20:19:32.591559 3920393 Lib.cc:174] Warning: val outside table ranges:  val = 0; min_val = 0.00117378; max_val = 0.198535
I20251006 20:19:33.088351 3920265 StaSlewPropagation.cc:305] slew propagation end
I20251006 20:19:33.088407 3920265 StaDelayPropagation.cc:268] delay propagation start
I20251006 20:19:33.356504 3920265 StaDelayPropagation.cc:309] delay propagation end
I20251006 20:19:33.356583 3920265 StaClockPropagation.cc:322] propagated(kNormal) clock propagation start
I20251006 20:19:33.356614 3920265 StaClockPropagation.cc:418] propagated(kNormal) clock propagation end
I20251006 20:19:33.356653 3920265 StaApplySdc.cc:694] apply sdc start
I20251006 20:19:33.356678 3920265 StaApplySdc.cc:725] apply sdc end
I20251006 20:19:33.356701 3920265 StaClockPropagation.cc:324] propagated(kGenerated) clock propagation start
I20251006 20:19:33.356722 3920265 StaClockPropagation.cc:420] propagated(kGenerated) clock propagation end
I20251006 20:19:33.356745 3920265 StaApplySdc.cc:694] apply sdc start
I20251006 20:19:33.356768 3920265 StaApplySdc.cc:725] apply sdc end
I20251006 20:19:33.389812 3920265 StaBuildPropTag.cc:325] build propagation tag start
I20251006 20:19:33.389894 3920265 StaDataPropagation.cc:589] data fwd propagation start
I20251006 20:19:33.393615 3920451 StaDataPropagation.cc:529] Thread 131843435148864 date fwd propagate found start vertex.reset
I20251006 20:19:33.393772 3920460 StaDataPropagation.cc:529] Thread 131843619788352 date fwd propagate found start vertex.core/exu/lsu/_1727_:CK
I20251006 20:19:33.393923 3920481 StaDataPropagation.cc:529] Thread 131843409970752 date fwd propagate found start vertex.core/_3034_:CK
I20251006 20:19:33.393921 3920479 StaDataPropagation.cc:529] Thread 131843426756160 date fwd propagate found start vertex.core/_3044_:CK
I20251006 20:19:33.393924 3920480 StaDataPropagation.cc:529] Thread 131843418363456 date fwd propagate found start vertex.core/_3038_:CK
I20251006 20:19:33.394121 3920481 StaDataPropagation.cc:529] Thread 131843409970752 date fwd propagate found start vertex.core/_3035_:CK
I20251006 20:19:33.394212 3920479 StaDataPropagation.cc:529] Thread 131843426756160 date fwd propagate found start vertex.core/_3036_:CK
I20251006 20:19:33.394245 3920460 StaDataPropagation.cc:529] Thread 131843619788352 date fwd propagate found start vertex.core/exu/lsu/_1728_:CK
I20251006 20:19:33.394297 3920480 StaDataPropagation.cc:529] Thread 131843418363456 date fwd propagate found start vertex.core/_3045_:CK
I20251006 20:19:33.394348 3920481 StaDataPropagation.cc:529] Thread 131843409970752 date fwd propagate found start vertex.core/_3037_:CK
I20251006 20:19:33.718046 3920265 StaDataPropagation.cc:632] data fwd propagation end
I20251006 20:19:33.718115 3920265 StaDataPropagation.cc:589] data fwd propagation start
I20251006 20:19:33.739176 3920265 StaDataPropagation.cc:632] data fwd propagation end
I20251006 20:19:33.739233 3920265 StaAnalyze.cc:539] analyze timing path start
E20251006 20:19:33.762924 3920265 StaAnalyze.cc:324] The output port io_master_arvalid is not constrained
E20251006 20:19:33.762975 3920265 StaAnalyze.cc:324] The output port io_master_arvalid is not constrained
E20251006 20:19:33.762987 3920265 StaAnalyze.cc:324] The output port io_master_awvalid is not constrained
E20251006 20:19:33.762997 3920265 StaAnalyze.cc:324] The output port io_master_awvalid is not constrained
E20251006 20:19:33.763008 3920265 StaAnalyze.cc:324] The output port io_master_bready is not constrained
E20251006 20:19:33.763018 3920265 StaAnalyze.cc:324] The output port io_master_bready is not constrained
E20251006 20:19:33.763029 3920265 StaAnalyze.cc:324] The output port io_master_rready is not constrained
E20251006 20:19:33.763041 3920265 StaAnalyze.cc:324] The output port io_master_rready is not constrained
E20251006 20:19:33.763052 3920265 StaAnalyze.cc:324] The output port io_master_wlast is not constrained
E20251006 20:19:33.763062 3920265 StaAnalyze.cc:324] The output port io_master_wlast is not constrained
I20251006 20:19:33.837018 3920265 StaAnalyze.cc:577] analyze timing path end
I20251006 20:19:33.837076 3920265 StaApplySdc.cc:694] apply sdc start
I20251006 20:19:33.837090 3920265 StaApplySdc.cc:725] apply sdc end
I20251006 20:19:33.837100 3920265 StaDataPropagation.cc:635] data bwd propagation start
I20251006 20:19:33.839385 3920533 StaDataPropagation.cc:171] Thread 131843443541568 data bwd propagate found end vertex.core/exu/lsu/_1663_:D
I20251006 20:19:33.839433 3920539 StaDataPropagation.cc:171] Thread 131843636573760 data bwd propagate found end vertex.core/exu/lsu/_1668_:D
I20251006 20:19:33.839380 3920534 StaDataPropagation.cc:171] Thread 131843451934272 data bwd propagate found end vertex.core/exu/lsu/_1664_:D
I20251006 20:19:33.839430 3920536 StaDataPropagation.cc:171] Thread 131843661751872 data bwd propagate found end vertex.core/exu/lsu/_1667_:D
I20251006 20:19:33.839406 3920535 StaDataPropagation.cc:171] Thread 131843460326976 data bwd propagate found end vertex.core/exu/lsu/_1666_:D
I20251006 20:19:33.839393 3920532 StaDataPropagation.cc:171] Thread 131843435148864 data bwd propagate found end vertex.core/exu/lsu/_1665_:D
I20251006 20:19:33.839418 3920540 StaDataPropagation.cc:171] Thread 131843628181056 data bwd propagate found end vertex.core/exu/lsu/_1670_:D
I20251006 20:19:33.839442 3920538 StaDataPropagation.cc:171] Thread 131843644966464 data bwd propagate found end vertex.core/exu/lsu/_1669_:D
I20251006 20:19:33.839376 3920563 StaDataPropagation.cc:171] Thread 131843401578048 data bwd propagate found end vertex.core/exu/lsu/_1662_:D
I20251006 20:19:33.839439 3920541 StaDataPropagation.cc:171] Thread 131843619788352 data bwd propagate found end vertex.core/exu/lsu/_1671_:D
I20251006 20:19:33.896574 3920265 StaDataPropagation.cc:670] data bwd propagation end
I20251006 20:19:33.896620 3920265 Sta.cc:2316] update timing end
I20251006 20:19:33.897434 3920265 Sta.cc:2410] start write sta report.
I20251006 20:19:33.897459 3920265 Sta.cc:2411] output sta report path: syn/result/ysyx_24080032-500MHz
I20251006 20:19:33.901752 3920265 StaReport.cc:188] report the clock group core_clock 3 timing paths.
I20251006 20:19:33.910161 3920265 StaReport.cc:188] report the clock group core_clock 3 timing paths.
I20251006 20:19:33.915917 3920265 StaReport.cc:188] report the clock group core_clock 1 timing paths.
I20251006 20:19:33.919277 3920265 StaReport.cc:188] report the clock group core_clock 3 timing paths.
I20251006 20:19:33.923167 3920265 StaReport.cc:188] report the clock group core_clock 3 timing paths.
I20251006 20:19:33.928479 3920265 StaReport.cc:188] report the clock group core_clock 1 timing paths.
I20251006 20:19:33.928496 3920265 Sta.cc:1390] 
+----------------------+-------------+------------+------------+---------------+-------+-------+-----------+
| Endpoint             | Clock Group | Delay Type | Path Delay | Path Required | CPPR  | Slack | Freq(MHz) |
+----------------------+-------------+------------+------------+---------------+-------+-------+-----------+
| core/_3053_:D        | core_clock  | max        | 1.748f     | 1.961         | 0.000 | 0.213 | 559.459   |
| core/_3002_:D        | core_clock  | max        | 1.748f     | 1.961         | 0.000 | 0.213 | 559.459   |
| core/_3063_:D        | core_clock  | max        | 1.748f     | 1.961         | 0.000 | 0.213 | 559.459   |
| core/_2998_:D        | core_clock  | min        | 0.081f     | 0.002         | 0.000 | 0.079 | NA        |
| core/_2998_:D        | core_clock  | min        | 0.088r     | 0.006         | 0.000 | 0.082 | NA        |
| core/icache/_4624_:D | core_clock  | min        | 0.123f     | 0.002         | 0.000 | 0.121 | NA        |
+----------------------+-------------+------------+------------+---------------+-------+-------+-----------+
I20251006 20:19:33.928653 3920265 Sta.cc:1391] 
+------------+------------+-------+
| Clock      | Delay Type | TNS   |
+------------+------------+-------+
| core_clock | max        | 0.000 |
| core_clock | min        | 0.000 |
+------------+------------+-------+
I20251006 20:19:34.449451 3920265 NetlistWriter.cc:52] start write verilog file syn/result/ysyx_24080032-500MHz/ysyx_24080032.v
I20251006 20:19:34.670511 3920265 NetlistWriter.cc:71] finish write verilog file syn/result/ysyx_24080032-500MHz/ysyx_24080032.v
I20251006 20:19:34.670565 3920265 Sta.cc:2495] The timing engine run success.
