Generate the report at 2025-10-06T20:19:33, GitVersion: aa25008b3778a76ae1975c839d4cc459f7f7b3b7.
+----------------------+-------------+------------+------------+---------------+-------+-------+-----------+
| Endpoint             | Clock Group | Delay Type | Path Delay | Path Required | CPPR  | Slack | Freq(MHz) |
+----------------------+-------------+------------+------------+---------------+-------+-------+-----------+
| core/_3053_:D        | core_clock  | max        | 1.748f     | 1.961         | 0.000 | 0.213 | 559.459   |
| core/_3002_:D        | core_clock  | max        | 1.748f     | 1.961         | 0.000 | 0.213 | 559.459   |
| core/_3063_:D        | core_clock  | max        | 1.748f     | 1.961         | 0.000 | 0.213 | 559.459   |
| core/_2998_:D        | core_clock  | min        | 0.081f     | 0.002         | 0.000 | 0.079 | NA        |
| core/_2998_:D        | core_clock  | min        | 0.088r     | 0.006         | 0.000 | 0.082 | NA        |
| core/icache/_4624_:D | core_clock  | min        | 0.123f     | 0.002         | 0.000 | 0.121 | NA        |
+----------------------+-------------+------------+------------+---------------+-------+-------+-----------+
+------------+------------+-------+
| Clock      | Delay Type | TNS   |
+------------+------------+-------+
| core_clock | max        | 0.000 |
| core_clock | min        | 0.000 |
+------------+------------+-------+
+------------------------------------------------+--------+-------------+------------+------------+-------------+--------+-----------------+
| Point                                          | Fanout | Capacitance | Resistance | Transition | Delta Delay | Incr   | Path            |
+------------------------------------------------+--------+-------------+------------+------------+-------------+--------+-----------------+
| clock (port)                                   |        | 1.472       | 0.000      | 0.000      |             | 0.000  | 0.000r          |
| clock (clock net)                              | 1550   |             |            |            | NA          |        |                 |
| core/_3220_:CK (DFF_X1)                        |        | 0.001       | 0.000      | 0.000      |             | 0.000  | 0.000r          |
| clock core_clock (rise edge)                   |        |             |            |            |             | 0      | 0               |
| clock network delay (ideal)                    |        |             |            |            |             | 0.000  | 0.000           |
| core/_3220_:CK (DFF_X1)                        |        | 0.001       | 0.000      | 0.000      |             | 0.000  | 0.000r          |
| core/_3220_:Q (DFF_X1)                         |        | 0.004       | 0.000      | 0.013      |             | 0.090  | 0.090r          |
| core/exu_io_pipe_in_bits_r_is2exe_ch2[3] (net) | 4      |             |            |            | 0.000       |        |                 |
| core/exu/alu/_2902_:A (BUF_X1)                 |        | 0.001       | 0.000      | 0.013      |             | 0.000  | 0.090r          |
| core/exu/alu/_2902_:Z (BUF_X1)                 |        | 0.050       | 0.000      | 0.119      |             | 0.142  | 0.232r          |
| core/exu/alu/_0063_ (net)                      | 28     |             |            |            | 0.000       |        |                 |
| fanout_buf_11:A (BUF_X8)                       |        | 0.007       | 0.000      | 0.119      |             | 0.000  | 0.232r          |
| fanout_buf_11:Z (BUF_X8)                       |        | 0.051       | 0.000      | 0.020      |             | 0.045  | 0.277r          |
| fanout_net_11 (net)                            | 30     |             |            |            | 0.000       |        |                 |
| core/exu/alu/_1620_:B (XNOR2_X2)               |        | 0.005       | 0.000      | 0.020      |             | 0.000  | 0.277r          |
| core/exu/alu/_1620_:ZN (XNOR2_X2)              |        | 0.004       | 0.000      | 0.012      |             | 0.022  | 0.299f          |
| core/exu/alu/_0739_ (net)                      | 2      |             |            |            | 0.000       |        |                 |
| core/exu/alu/_1623_:A1 (NAND2_X1)              |        | 0.002       | 0.000      | 0.012      |             | 0.000  | 0.299f          |
| core/exu/alu/_1623_:ZN (NAND2_X1)              |        | 0.003       | 0.000      | 0.015      |             | 0.022  | 0.321r          |
| core/exu/alu/_0742_ (net)                      | 2      |             |            |            | 0.000       |        |                 |
| core/exu/alu/_1624_:A2 (NAND2_X1)              |        | 0.002       | 0.000      | 0.015      |             | 0.000  | 0.321r          |
| core/exu/alu/_1624_:ZN (NAND2_X1)              |        | 0.004       | 0.000      | 0.011      |             | 0.022  | 0.343f          |
| core/exu/alu/_0743_ (net)                      | 2      |             |            |            | 0.000       |        |                 |
| core/exu/alu/_1625_:A (INV_X1)                 |        | 0.002       | 0.000      | 0.011      |             | 0.000  | 0.343f          |
| core/exu/alu/_1625_:ZN (INV_X1)                |        | 0.007       | 0.000      | 0.018      |             | 0.027  | 0.369r          |
| core/exu/alu/_0744_ (net)                      | 1      |             |            |            | 0.000       |        |                 |
| core/exu/alu/_1628_:A2 (NAND3_X4)              |        | 0.007       | 0.000      | 0.018      |             | 0.000  | 0.369r          |
| core/exu/alu/_1628_:ZN (NAND3_X4)              |        | 0.006       | 0.000      | 0.012      |             | 0.022  | 0.392f          |
| core/exu/alu/_0747_ (net)                      | 1      |             |            |            | 0.000       |        |                 |
| core/exu/alu/_1631_:A1 (NAND2_X4)              |        | 0.006       | 0.000      | 0.012      |             | 0.000  | 0.392f          |
| core/exu/alu/_1631_:ZN (NAND2_X4)              |        | 0.008       | 0.000      | 0.011      |             | 0.016  | 0.408r          |
| core/exu/alu/_0750_ (net)                      | 2      |             |            |            | 0.000       |        |                 |
| core/exu/alu/_1632_:A (INV_X4)                 |        | 0.006       | 0.000      | 0.011      |             | 0.000  | 0.408r          |
| core/exu/alu/_1632_:ZN (INV_X4)                |        | 0.008       | 0.000      | 0.005      |             | 0.010  | 0.418f          |
| core/exu/alu/_0751_ (net)                      | 3      |             |            |            | 0.000       |        |                 |
| core/exu/alu/_1647_:A1 (NOR3_X4)               |        | 0.007       | 0.000      | 0.005      |             | 0.000  | 0.418f          |
| core/exu/alu/_1647_:ZN (NOR3_X4)               |        | 0.007       | 0.000      | 0.028      |             | 0.031  | 0.449r          |
| core/exu/alu/_0766_ (net)                      | 1      |             |            |            | 0.000       |        |                 |
| core/exu/alu/_1655_:A1 (NOR2_X4)               |        | 0.007       | 0.000      | 0.028      |             | 0.000  | 0.449r          |
| core/exu/alu/_1655_:ZN (NOR2_X4)               |        | 0.012       | 0.000      | 0.017      |             | 0.015  | 0.464f          |
| core/exu/alu/_0774_ (net)                      | 2      |             |            |            | 0.000       |        |                 |
| core/exu/alu/_1656_:A (INV_X8)                 |        | 0.012       | 0.000      | 0.017      |             | 0.000  | 0.464f          |
| core/exu/alu/_1656_:ZN (INV_X8)                |        | 0.011       | 0.000      | 0.008      |             | 0.016  | 0.480r          |
| core/exu/alu/_0775_ (net)                      | 4      |             |            |            | 0.000       |        |                 |
| core/exu/alu/_1693_:A1 (NAND3_X4)              |        | 0.006       | 0.000      | 0.008      |             | 0.000  | 0.480r          |
| core/exu/alu/_1693_:ZN (NAND3_X4)              |        | 0.007       | 0.000      | 0.012      |             | 0.018  | 0.499f          |
| core/exu/alu/_0812_ (net)                      | 2      |             |            |            | 0.000       |        |                 |
| core/exu/alu/_1711_:A1 (NAND2_X4)              |        | 0.006       | 0.000      | 0.012      |             | 0.000  | 0.499f          |
| core/exu/alu/_1711_:ZN (NAND2_X4)              |        | 0.011       | 0.000      | 0.013      |             | 0.019  | 0.517r          |
| core/exu/alu/_0830_ (net)                      | 4      |             |            |            | 0.000       |        |                 |
| core/exu/alu/_1746_:A1 (NAND3_X4)              |        | 0.006       | 0.000      | 0.013      |             | 0.000  | 0.517r          |
| core/exu/alu/_1746_:ZN (NAND3_X4)              |        | 0.006       | 0.000      | 0.011      |             | 0.019  | 0.536f          |
| core/exu/alu/_0865_ (net)                      | 1      |             |            |            | 0.000       |        |                 |
| core/exu/alu/_1762_:A1 (NAND2_X4)              |        | 0.006       | 0.000      | 0.011      |             | 0.000  | 0.536f          |
| core/exu/alu/_1762_:ZN (NAND2_X4)              |        | 0.010       | 0.000      | 0.012      |             | 0.017  | 0.553r          |
| core/exu/alu/_0881_ (net)                      | 5      |             |            |            | 0.000       |        |                 |
| core/exu/alu/_2730_:A1 (NAND2_X2)              |        | 0.003       | 0.000      | 0.012      |             | 0.000  | 0.553r          |
| core/exu/alu/_2730_:ZN (NAND2_X2)              |        | 0.003       | 0.000      | 0.007      |             | 0.014  | 0.567f          |
| core/exu/alu/_0501_ (net)                      | 1      |             |            |            | 0.000       |        |                 |
| core/exu/alu/_2732_:A1 (NAND2_X2)              |        | 0.003       | 0.000      | 0.007      |             | 0.000  | 0.567f          |
| core/exu/alu/_2732_:ZN (NAND2_X2)              |        | 0.005       | 0.000      | 0.011      |             | 0.016  | 0.582r          |
| core/exu/alu/_0503_ (net)                      | 2      |             |            |            | 0.000       |        |                 |
| core/exu/alu/_2733_:A (INV_X2)                 |        | 0.003       | 0.000      | 0.011      |             | 0.000  | 0.582r          |
| core/exu/alu/_2733_:ZN (INV_X2)                |        | 0.004       | 0.000      | 0.005      |             | 0.009  | 0.592f          |
| core/exu/alu/_0504_ (net)                      | 2      |             |            |            | 0.000       |        |                 |
| core/exu/alu/_2772_:A1 (NOR2_X2)               |        | 0.003       | 0.000      | 0.005      |             | 0.000  | 0.592f          |
| core/exu/alu/_2772_:ZN (NOR2_X2)               |        | 0.003       | 0.000      | 0.017      |             | 0.021  | 0.613r          |
| core/exu/alu/_0545_ (net)                      | 1      |             |            |            | 0.000       |        |                 |
| core/exu/alu/_2773_:A1 (NOR2_X2)               |        | 0.003       | 0.000      | 0.017      |             | 0.000  | 0.613r          |
| core/exu/alu/_2773_:ZN (NOR2_X2)               |        | 0.003       | 0.000      | 0.011      |             | 0.011  | 0.623f          |
| core/exu/alu/_0546_ (net)                      | 1      |             |            |            | 0.000       |        |                 |
| core/exu/alu/_2774_:A (INV_X2)                 |        | 0.003       | 0.000      | 0.011      |             | 0.000  | 0.623f          |
| core/exu/alu/_2774_:ZN (INV_X2)                |        | 0.005       | 0.000      | 0.009      |             | 0.016  | 0.639r          |
| core/exu/alu/_0547_ (net)                      | 3      |             |            |            | 0.000       |        |                 |
| core/exu/alu/_2808_:A1 (NAND2_X1)              |        | 0.002       | 0.000      | 0.009      |             | 0.000  | 0.639r          |
| core/exu/alu/_2808_:ZN (NAND2_X1)              |        | 0.002       | 0.000      | 0.011      |             | 0.013  | 0.652f          |
| core/exu/alu/_0583_ (net)                      | 1      |             |            |            | 0.000       |        |                 |
| core/exu/alu/_2809_:A1 (NAND2_X1)              |        | 0.002       | 0.000      | 0.011      |             | 0.000  | 0.652f          |
| core/exu/alu/_2809_:ZN (NAND2_X1)              |        | 0.002       | 0.000      | 0.012      |             | 0.019  | 0.671r          |
| core/exu/alu/_0584_ (net)                      | 1      |             |            |            | 0.000       |        |                 |
| core/exu/alu/_2810_:A (XOR2_X1)                |        | 0.002       | 0.000      | 0.012      |             | 0.000  | 0.671r          |
| core/exu/alu/_2810_:Z (XOR2_X1)                |        | 0.002       | 0.000      | 0.023      |             | 0.049  | 0.720r          |
| core/exu/alu/_0586_ (net)                      | 1      |             |            |            | 0.000       |        |                 |
| core/exu/alu/_2811_:B1 (OAI21_X1)              |        | 0.002       | 0.000      | 0.023      |             | 0.000  | 0.720r          |
| core/exu/alu/_2811_:ZN (OAI21_X1)              |        | 0.002       | 0.000      | 0.012      |             | 0.021  | 0.741f          |
| core/exu/alu/_0098_ (net)                      | 2      |             |            |            | 0.000       |        |                 |
| core/exu/alu/_2813_:A1 (NOR4_X1)               |        | 0.002       | 0.000      | 0.012      |             | 0.000  | 0.741f          |
| core/exu/alu/_2813_:ZN (NOR4_X1)               |        | 0.002       | 0.000      | 0.045      |             | 0.050  | 0.791r          |
| core/exu/alu/_0588_ (net)                      | 1      |             |            |            | 0.000       |        |                 |
| core/exu/alu/_2817_:A1 (NAND4_X1)              |        | 0.002       | 0.000      | 0.045      |             | 0.000  | 0.791r          |
| core/exu/alu/_2817_:ZN (NAND4_X1)              |        | 0.001       | 0.000      | 0.022      |             | 0.036  | 0.827f          |
| core/exu/alu/_0592_ (net)                      | 1      |             |            |            | 0.000       |        |                 |
| core/exu/alu/_2823_:A1 (OR2_X2)                |        | 0.002       | 0.000      | 0.022      |             | 0.000  | 0.827f          |
| core/exu/alu/_2823_:ZN (OR2_X2)                |        | 0.004       | 0.000      | 0.010      |             | 0.050  | 0.877f          |
| core/exu/alu/_0599_ (net)                      | 2      |             |            |            | 0.000       |        |                 |
| core/exu/alu/_2828_:A1 (OR3_X4)                |        | 0.003       | 0.000      | 0.010      |             | 0.000  | 0.877f          |
| core/exu/alu/_2828_:ZN (OR3_X4)                |        | 0.001       | 0.000      | 0.011      |             | 0.054  | 0.931f          |
| core/exu/alu/_0604_ (net)                      | 1      |             |            |            | 0.000       |        |                 |
| core/exu/alu/_2840_:B1 (AOI21_X1)              |        | 0.002       | 0.000      | 0.011      |             | 0.000  | 0.931f          |
| core/exu/alu/_2840_:ZN (AOI21_X1)              |        | 0.001       | 0.000      | 0.018      |             | 0.023  | 0.954r          |
| core/exu/alu/_0001_ (net)                      | 1      |             |            |            | 0.000       |        |                 |
| core/exu/alu/_2949_:A (BUF_X1)                 |        | 0.001       | 0.000      | 0.018      |             | 0.000  | 0.954r          |
| core/exu/alu/_2949_:Z (BUF_X1)                 |        | 0.001       | 0.000      | 0.006      |             | 0.023  | 0.978r          |
| core/exu/_alu_io_bj_valid (net)                | 1      |             |            |            | 0.000       |        |                 |
| core/exu/_766_:A (BUF_X1)                      |        | 0.001       | 0.000      | 0.006      |             | 0.000  | 0.978r          |
| core/exu/_766_:Z (BUF_X1)                      |        | 0.012       | 0.000      | 0.032      |             | 0.048  | 1.026r          |
| core/exu/_009_ (net)                           | 5      |             |            |            | 0.000       |        |                 |
| fanout_buf_5:A (BUF_X8)                        |        | 0.007       | 0.000      | 0.032      |             | 0.000  | 1.026r          |
| fanout_buf_5:Z (BUF_X8)                        |        | 0.048       | 0.000      | 0.017      |             | 0.038  | 1.064r          |
| fanout_net_5 (net)                             | 30     |             |            |            | 0.000       |        |                 |
| core/exu/_467_:A (INV_X1)                      |        | 0.002       | 0.000      | 0.017      |             | 0.000  | 1.064r          |
| core/exu/_467_:ZN (INV_X1)                     |        | 0.002       | 0.000      | 0.006      |             | 0.010  | 1.074f          |
| core/exu/_305_ (net)                           | 1      |             |            |            | 0.000       |        |                 |
| core/exu/_468_:A1 (NAND2_X1)                   |        | 0.002       | 0.000      | 0.006      |             | 0.000  | 1.074f          |
| core/exu/_468_:ZN (NAND2_X1)                   |        | 0.014       | 0.000      | 0.037      |             | 0.038  | 1.112r          |
| core/exu/_306_ (net)                           | 5      |             |            |            | 0.000       |        |                 |
| core/exu/_469_:A (BUF_X4)                      |        | 0.003       | 0.000      | 0.037      |             | 0.000  | 1.112r          |
| core/exu/_469_:Z (BUF_X4)                      |        | 0.017       | 0.000      | 0.013      |             | 0.034  | 1.146r          |
| core/exu/_307_ (net)                           | 10     |             |            |            | 0.000       |        |                 |
| core/exu/_471_:B1 (OAI21_X1)                   |        | 0.002       | 0.000      | 0.013      |             | 0.000  | 1.146r          |
| core/exu/_471_:ZN (OAI21_X1)                   |        | 0.001       | 0.000      | 0.008      |             | 0.013  | 1.159f          |
| core/exu/_116_ (net)                           | 1      |             |            |            | 0.000       |        |                 |
| core/exu/_767_:A (BUF_X1)                      |        | 0.001       | 0.000      | 0.008      |             | 0.000  | 1.159f          |
| core/exu/_767_:Z (BUF_X1)                      |        | 0.001       | 0.000      | 0.005      |             | 0.025  | 1.184f          |
| core/_exu_io_bj_target[0] (net)                | 1      |             |            |            | 0.000       |        |                 |
| core/ifu/_1279_:A (BUF_X1)                     |        | 0.001       | 0.000      | 0.005      |             | 0.000  | 1.184f          |
| core/ifu/_1279_:Z (BUF_X1)                     |        | 0.005       | 0.000      | 0.010      |             | 0.032  | 1.216f          |
| core/ifu/_0143_ (net)                          | 3      |             |            |            | 0.000       |        |                 |
| core/ifu/_0743_:B (XOR2_X1)                    |        | 0.002       | 0.000      | 0.010      |             | 0.000  | 1.216f          |
| core/ifu/_0743_:Z (XOR2_X1)                    |        | 0.002       | 0.000      | 0.012      |             | 0.056  | 1.271f          |
| core/ifu/_0294_ (net)                          | 1      |             |            |            | 0.000       |        |                 |
| core/ifu/_0744_:A4 (NOR4_X1)                   |        | 0.002       | 0.000      | 0.012      |             | 0.000  | 1.271f          |
| core/ifu/_0744_:ZN (NOR4_X1)                   |        | 0.002       | 0.000      | 0.045      |             | 0.083  | 1.354r          |
| core/ifu/_0295_ (net)                          | 1      |             |            |            | 0.000       |        |                 |
| core/ifu/_0757_:A2 (NAND4_X1)                  |        | 0.002       | 0.000      | 0.045      |             | 0.000  | 1.354r          |
| core/ifu/_0757_:ZN (NAND4_X1)                  |        | 0.006       | 0.000      | 0.032      |             | 0.060  | 1.414f          |
| core/ifu/_0308_ (net)                          | 1      |             |            |            | 0.000       |        |                 |
| core/ifu/_0789_:A1 (NOR2_X4)                   |        | 0.007       | 0.000      | 0.032      |             | 0.000  | 1.414f          |
| core/ifu/_0789_:ZN (NOR2_X4)                   |        | 0.015       | 0.000      | 0.028      |             | 0.042  | 1.455r          |
| core/ifu/_0340_ (net)                          | 6      |             |            |            | 0.000       |        |                 |
| core/ifu/_0791_:A1 (NOR2_X4)                   |        | 0.007       | 0.000      | 0.028      |             | 0.000  | 1.455r          |
| core/ifu/_0791_:ZN (NOR2_X4)                   |        | 0.017       | 0.000      | 0.013      |             | 0.018  | 1.473f          |
| core/ifu/_0342_ (net)                          | 6      |             |            |            | 0.000       |        |                 |
| core/ifu/_0851_:A1 (NOR2_X4)                   |        | 0.007       | 0.000      | 0.013      |             | 0.000  | 1.473f          |
| core/ifu/_0851_:ZN (NOR2_X4)                   |        | 0.012       | 0.000      | 0.023      |             | 0.030  | 1.503r          |
| core/ifu/_0392_ (net)                          | 7      |             |            |            | 0.000       |        |                 |
| core/ifu/_0939_:A1 (NAND2_X1)                  |        | 0.002       | 0.000      | 0.023      |             | 0.000  | 1.503r          |
| core/ifu/_0939_:ZN (NAND2_X1)                  |        | 0.002       | 0.000      | 0.010      |             | 0.017  | 1.520f          |
| core/ifu/_0458_ (net)                          | 1      |             |            |            | 0.000       |        |                 |
| core/ifu/_0940_:A (INV_X1)                     |        | 0.002       | 0.000      | 0.010      |             | 0.000  | 1.520f          |
| core/ifu/_0940_:ZN (INV_X1)                    |        | 0.004       | 0.000      | 0.014      |             | 0.019  | 1.539r          |
| core/ifu/_0281_ (net)                          | 2      |             |            |            | 0.000       |        |                 |
| core/ifu/_1408_:A (BUF_X1)                     |        | 0.001       | 0.000      | 0.014      |             | 0.000  | 1.539r          |
| core/ifu/_1408_:Z (BUF_X1)                     |        | 0.001       | 0.000      | 0.006      |             | 0.022  | 1.561r          |
| core/_ifu_io_pipe_out_valid (net)              | 1      |             |            |            | 0.000       |        |                 |
| core/_2799_:A (BUF_X1)                         |        | 0.001       | 0.000      | 0.006      |             | 0.000  | 1.561r          |
| core/_2799_:Z (BUF_X1)                         |        | 0.006       | 0.000      | 0.019      |             | 0.034  | 1.595r          |
| core/_0851_ (net)                              | 1      |             |            |            | 0.000       |        |                 |
| core/_1951_:A2 (NAND2_X4)                      |        | 0.006       | 0.000      | 0.019      |             | 0.000  | 1.595r          |
| core/_1951_:ZN (NAND2_X4)                      |        | 0.006       | 0.000      | 0.009      |             | 0.016  | 1.611f          |
| core/_1279_ (net)                              | 2      |             |            |            | 0.000       |        |                 |
| core/_1952_:A (BUF_X4)                         |        | 0.003       | 0.000      | 0.009      |             | 0.000  | 1.611f          |
| core/_1952_:Z (BUF_X4)                         |        | 0.038       | 0.000      | 0.013      |             | 0.037  | 1.648f          |
| core/_1280_ (net)                              | 10     |             |            |            | 0.000       |        |                 |
| core/_1974_:A (BUF_X8)                         |        | 0.007       | 0.000      | 0.013      |             | 0.000  | 1.648f          |
| core/_1974_:Z (BUF_X8)                         |        | 0.018       | 0.000      | 0.006      |             | 0.029  | 1.677f          |
| core/_1283_ (net)                              | 10     |             |            |            | 0.000       |        |                 |
| core/_1977_:S (MUX2_X1)                        |        | 0.002       | 0.000      | 0.006      |             | 0.000  | 1.677f          |
| core/_1977_:Z (MUX2_X1)                        |        | 0.001       | 0.000      | 0.009      |             | 0.044  | 1.721f          |
| core/_0447_ (net)                              | 1      |             |            |            | 0.000       |        |                 |
| core/_2865_:A (BUF_X1)                         |        | 0.001       | 0.000      | 0.009      |             | 0.000  | 1.721f          |
| core/_2865_:Z (BUF_X1)                         |        | 0.001       | 0.000      | 0.006      |             | 0.028  | 1.748f          |
| core/_0126_ (net)                              | 1      |             |            |            | 0.000       |        |                 |
| core/_3053_:D (DFF_X1)                         |        | 0.001       | 0.000      | 0.006      |             | 0.000  | 1.748f          |
|                                                |        |             |            |            |             |        |                 |
| clock (port)                                   |        | 1.472       | 0.000      | 0.000      |             | 0.000  | 0.000r          |
| clock (clock net)                              | 1550   |             |            |            | NA          |        |                 |
| core/_3053_:CK (DFF_X1)                        |        | 0.001       | 0.000      | 0.000      |             | 0.000  | 0.000r          |
| clock core_clock (rise edge)                   |        |             |            |            |             | 2      | 2               |
| clock network delay (ideal)                    |        |             |            |            |             | 0.000  | 2.000           |
| core/_3053_:CK (DFF_X1)                        |        |             |            |            |             |        | 2.000r          |
| library setup time                             |        |             |            |            |             | -0.039 | 1.961           |
| clock reconvergence pessimism                  |        |             |            |            |             | 0.000  | 1.961           |
|                                                |        |             |            |            |             |        |                 |
| path cell delay                                |        |             |            |            |             |        | 1.748(100.000%) |
| path net delay                                 |        |             |            |            |             |        | 0.000(0.000%)   |
|                                                |        |             |            |            |             |        |                 |
| data require time                              |        |             |            |            |             |        | 1.961           |
| data arrival time                              |        |             |            |            |             |        | 1.748           |
| slack (MET)                                    |        |             |            |            |             |        | 0.213           |
+------------------------------------------------+--------+-------------+------------+------------+-------------+--------+-----------------+
+------------------------------------------------+--------+-------------+------------+------------+-------------+--------+-----------------+
| Point                                          | Fanout | Capacitance | Resistance | Transition | Delta Delay | Incr   | Path            |
+------------------------------------------------+--------+-------------+------------+------------+-------------+--------+-----------------+
| clock (port)                                   |        | 1.472       | 0.000      | 0.000      |             | 0.000  | 0.000r          |
| clock (clock net)                              | 1550   |             |            |            | NA          |        |                 |
| core/_3220_:CK (DFF_X1)                        |        | 0.001       | 0.000      | 0.000      |             | 0.000  | 0.000r          |
| clock core_clock (rise edge)                   |        |             |            |            |             | 0      | 0               |
| clock network delay (ideal)                    |        |             |            |            |             | 0.000  | 0.000           |
| core/_3220_:CK (DFF_X1)                        |        | 0.001       | 0.000      | 0.000      |             | 0.000  | 0.000r          |
| core/_3220_:Q (DFF_X1)                         |        | 0.004       | 0.000      | 0.013      |             | 0.090  | 0.090r          |
| core/exu_io_pipe_in_bits_r_is2exe_ch2[3] (net) | 4      |             |            |            | 0.000       |        |                 |
| core/exu/alu/_2902_:A (BUF_X1)                 |        | 0.001       | 0.000      | 0.013      |             | 0.000  | 0.090r          |
| core/exu/alu/_2902_:Z (BUF_X1)                 |        | 0.050       | 0.000      | 0.119      |             | 0.142  | 0.232r          |
| core/exu/alu/_0063_ (net)                      | 28     |             |            |            | 0.000       |        |                 |
| fanout_buf_11:A (BUF_X8)                       |        | 0.007       | 0.000      | 0.119      |             | 0.000  | 0.232r          |
| fanout_buf_11:Z (BUF_X8)                       |        | 0.051       | 0.000      | 0.020      |             | 0.045  | 0.277r          |
| fanout_net_11 (net)                            | 30     |             |            |            | 0.000       |        |                 |
| core/exu/alu/_1620_:B (XNOR2_X2)               |        | 0.005       | 0.000      | 0.020      |             | 0.000  | 0.277r          |
| core/exu/alu/_1620_:ZN (XNOR2_X2)              |        | 0.004       | 0.000      | 0.012      |             | 0.022  | 0.299f          |
| core/exu/alu/_0739_ (net)                      | 2      |             |            |            | 0.000       |        |                 |
| core/exu/alu/_1623_:A1 (NAND2_X1)              |        | 0.002       | 0.000      | 0.012      |             | 0.000  | 0.299f          |
| core/exu/alu/_1623_:ZN (NAND2_X1)              |        | 0.003       | 0.000      | 0.015      |             | 0.022  | 0.321r          |
| core/exu/alu/_0742_ (net)                      | 2      |             |            |            | 0.000       |        |                 |
| core/exu/alu/_1624_:A2 (NAND2_X1)              |        | 0.002       | 0.000      | 0.015      |             | 0.000  | 0.321r          |
| core/exu/alu/_1624_:ZN (NAND2_X1)              |        | 0.004       | 0.000      | 0.011      |             | 0.022  | 0.343f          |
| core/exu/alu/_0743_ (net)                      | 2      |             |            |            | 0.000       |        |                 |
| core/exu/alu/_1625_:A (INV_X1)                 |        | 0.002       | 0.000      | 0.011      |             | 0.000  | 0.343f          |
| core/exu/alu/_1625_:ZN (INV_X1)                |        | 0.007       | 0.000      | 0.018      |             | 0.027  | 0.369r          |
| core/exu/alu/_0744_ (net)                      | 1      |             |            |            | 0.000       |        |                 |
| core/exu/alu/_1628_:A2 (NAND3_X4)              |        | 0.007       | 0.000      | 0.018      |             | 0.000  | 0.369r          |
| core/exu/alu/_1628_:ZN (NAND3_X4)              |        | 0.006       | 0.000      | 0.012      |             | 0.022  | 0.392f          |
| core/exu/alu/_0747_ (net)                      | 1      |             |            |            | 0.000       |        |                 |
| core/exu/alu/_1631_:A1 (NAND2_X4)              |        | 0.006       | 0.000      | 0.012      |             | 0.000  | 0.392f          |
| core/exu/alu/_1631_:ZN (NAND2_X4)              |        | 0.008       | 0.000      | 0.011      |             | 0.016  | 0.408r          |
| core/exu/alu/_0750_ (net)                      | 2      |             |            |            | 0.000       |        |                 |
| core/exu/alu/_1632_:A (INV_X4)                 |        | 0.006       | 0.000      | 0.011      |             | 0.000  | 0.408r          |
| core/exu/alu/_1632_:ZN (INV_X4)                |        | 0.008       | 0.000      | 0.005      |             | 0.010  | 0.418f          |
| core/exu/alu/_0751_ (net)                      | 3      |             |            |            | 0.000       |        |                 |
| core/exu/alu/_1647_:A1 (NOR3_X4)               |        | 0.007       | 0.000      | 0.005      |             | 0.000  | 0.418f          |
| core/exu/alu/_1647_:ZN (NOR3_X4)               |        | 0.007       | 0.000      | 0.028      |             | 0.031  | 0.449r          |
| core/exu/alu/_0766_ (net)                      | 1      |             |            |            | 0.000       |        |                 |
| core/exu/alu/_1655_:A1 (NOR2_X4)               |        | 0.007       | 0.000      | 0.028      |             | 0.000  | 0.449r          |
| core/exu/alu/_1655_:ZN (NOR2_X4)               |        | 0.012       | 0.000      | 0.017      |             | 0.015  | 0.464f          |
| core/exu/alu/_0774_ (net)                      | 2      |             |            |            | 0.000       |        |                 |
| core/exu/alu/_1656_:A (INV_X8)                 |        | 0.012       | 0.000      | 0.017      |             | 0.000  | 0.464f          |
| core/exu/alu/_1656_:ZN (INV_X8)                |        | 0.011       | 0.000      | 0.008      |             | 0.016  | 0.480r          |
| core/exu/alu/_0775_ (net)                      | 4      |             |            |            | 0.000       |        |                 |
| core/exu/alu/_1693_:A1 (NAND3_X4)              |        | 0.006       | 0.000      | 0.008      |             | 0.000  | 0.480r          |
| core/exu/alu/_1693_:ZN (NAND3_X4)              |        | 0.007       | 0.000      | 0.012      |             | 0.018  | 0.499f          |
| core/exu/alu/_0812_ (net)                      | 2      |             |            |            | 0.000       |        |                 |
| core/exu/alu/_1711_:A1 (NAND2_X4)              |        | 0.006       | 0.000      | 0.012      |             | 0.000  | 0.499f          |
| core/exu/alu/_1711_:ZN (NAND2_X4)              |        | 0.011       | 0.000      | 0.013      |             | 0.019  | 0.517r          |
| core/exu/alu/_0830_ (net)                      | 4      |             |            |            | 0.000       |        |                 |
| core/exu/alu/_1746_:A1 (NAND3_X4)              |        | 0.006       | 0.000      | 0.013      |             | 0.000  | 0.517r          |
| core/exu/alu/_1746_:ZN (NAND3_X4)              |        | 0.006       | 0.000      | 0.011      |             | 0.019  | 0.536f          |
| core/exu/alu/_0865_ (net)                      | 1      |             |            |            | 0.000       |        |                 |
| core/exu/alu/_1762_:A1 (NAND2_X4)              |        | 0.006       | 0.000      | 0.011      |             | 0.000  | 0.536f          |
| core/exu/alu/_1762_:ZN (NAND2_X4)              |        | 0.010       | 0.000      | 0.012      |             | 0.017  | 0.553r          |
| core/exu/alu/_0881_ (net)                      | 5      |             |            |            | 0.000       |        |                 |
| core/exu/alu/_2730_:A1 (NAND2_X2)              |        | 0.003       | 0.000      | 0.012      |             | 0.000  | 0.553r          |
| core/exu/alu/_2730_:ZN (NAND2_X2)              |        | 0.003       | 0.000      | 0.007      |             | 0.014  | 0.567f          |
| core/exu/alu/_0501_ (net)                      | 1      |             |            |            | 0.000       |        |                 |
| core/exu/alu/_2732_:A1 (NAND2_X2)              |        | 0.003       | 0.000      | 0.007      |             | 0.000  | 0.567f          |
| core/exu/alu/_2732_:ZN (NAND2_X2)              |        | 0.005       | 0.000      | 0.011      |             | 0.016  | 0.582r          |
| core/exu/alu/_0503_ (net)                      | 2      |             |            |            | 0.000       |        |                 |
| core/exu/alu/_2733_:A (INV_X2)                 |        | 0.003       | 0.000      | 0.011      |             | 0.000  | 0.582r          |
| core/exu/alu/_2733_:ZN (INV_X2)                |        | 0.004       | 0.000      | 0.005      |             | 0.009  | 0.592f          |
| core/exu/alu/_0504_ (net)                      | 2      |             |            |            | 0.000       |        |                 |
| core/exu/alu/_2772_:A1 (NOR2_X2)               |        | 0.003       | 0.000      | 0.005      |             | 0.000  | 0.592f          |
| core/exu/alu/_2772_:ZN (NOR2_X2)               |        | 0.003       | 0.000      | 0.017      |             | 0.021  | 0.613r          |
| core/exu/alu/_0545_ (net)                      | 1      |             |            |            | 0.000       |        |                 |
| core/exu/alu/_2773_:A1 (NOR2_X2)               |        | 0.003       | 0.000      | 0.017      |             | 0.000  | 0.613r          |
| core/exu/alu/_2773_:ZN (NOR2_X2)               |        | 0.003       | 0.000      | 0.011      |             | 0.011  | 0.623f          |
| core/exu/alu/_0546_ (net)                      | 1      |             |            |            | 0.000       |        |                 |
| core/exu/alu/_2774_:A (INV_X2)                 |        | 0.003       | 0.000      | 0.011      |             | 0.000  | 0.623f          |
| core/exu/alu/_2774_:ZN (INV_X2)                |        | 0.005       | 0.000      | 0.009      |             | 0.016  | 0.639r          |
| core/exu/alu/_0547_ (net)                      | 3      |             |            |            | 0.000       |        |                 |
| core/exu/alu/_2808_:A1 (NAND2_X1)              |        | 0.002       | 0.000      | 0.009      |             | 0.000  | 0.639r          |
| core/exu/alu/_2808_:ZN (NAND2_X1)              |        | 0.002       | 0.000      | 0.011      |             | 0.013  | 0.652f          |
| core/exu/alu/_0583_ (net)                      | 1      |             |            |            | 0.000       |        |                 |
| core/exu/alu/_2809_:A1 (NAND2_X1)              |        | 0.002       | 0.000      | 0.011      |             | 0.000  | 0.652f          |
| core/exu/alu/_2809_:ZN (NAND2_X1)              |        | 0.002       | 0.000      | 0.012      |             | 0.019  | 0.671r          |
| core/exu/alu/_0584_ (net)                      | 1      |             |            |            | 0.000       |        |                 |
| core/exu/alu/_2810_:A (XOR2_X1)                |        | 0.002       | 0.000      | 0.012      |             | 0.000  | 0.671r          |
| core/exu/alu/_2810_:Z (XOR2_X1)                |        | 0.002       | 0.000      | 0.023      |             | 0.049  | 0.720r          |
| core/exu/alu/_0586_ (net)                      | 1      |             |            |            | 0.000       |        |                 |
| core/exu/alu/_2811_:B1 (OAI21_X1)              |        | 0.002       | 0.000      | 0.023      |             | 0.000  | 0.720r          |
| core/exu/alu/_2811_:ZN (OAI21_X1)              |        | 0.002       | 0.000      | 0.012      |             | 0.021  | 0.741f          |
| core/exu/alu/_0098_ (net)                      | 2      |             |            |            | 0.000       |        |                 |
| core/exu/alu/_2813_:A1 (NOR4_X1)               |        | 0.002       | 0.000      | 0.012      |             | 0.000  | 0.741f          |
| core/exu/alu/_2813_:ZN (NOR4_X1)               |        | 0.002       | 0.000      | 0.045      |             | 0.050  | 0.791r          |
| core/exu/alu/_0588_ (net)                      | 1      |             |            |            | 0.000       |        |                 |
| core/exu/alu/_2817_:A1 (NAND4_X1)              |        | 0.002       | 0.000      | 0.045      |             | 0.000  | 0.791r          |
| core/exu/alu/_2817_:ZN (NAND4_X1)              |        | 0.001       | 0.000      | 0.022      |             | 0.036  | 0.827f          |
| core/exu/alu/_0592_ (net)                      | 1      |             |            |            | 0.000       |        |                 |
| core/exu/alu/_2823_:A1 (OR2_X2)                |        | 0.002       | 0.000      | 0.022      |             | 0.000  | 0.827f          |
| core/exu/alu/_2823_:ZN (OR2_X2)                |        | 0.004       | 0.000      | 0.010      |             | 0.050  | 0.877f          |
| core/exu/alu/_0599_ (net)                      | 2      |             |            |            | 0.000       |        |                 |
| core/exu/alu/_2828_:A1 (OR3_X4)                |        | 0.003       | 0.000      | 0.010      |             | 0.000  | 0.877f          |
| core/exu/alu/_2828_:ZN (OR3_X4)                |        | 0.001       | 0.000      | 0.011      |             | 0.054  | 0.931f          |
| core/exu/alu/_0604_ (net)                      | 1      |             |            |            | 0.000       |        |                 |
| core/exu/alu/_2840_:B1 (AOI21_X1)              |        | 0.002       | 0.000      | 0.011      |             | 0.000  | 0.931f          |
| core/exu/alu/_2840_:ZN (AOI21_X1)              |        | 0.001       | 0.000      | 0.018      |             | 0.023  | 0.954r          |
| core/exu/alu/_0001_ (net)                      | 1      |             |            |            | 0.000       |        |                 |
| core/exu/alu/_2949_:A (BUF_X1)                 |        | 0.001       | 0.000      | 0.018      |             | 0.000  | 0.954r          |
| core/exu/alu/_2949_:Z (BUF_X1)                 |        | 0.001       | 0.000      | 0.006      |             | 0.023  | 0.978r          |
| core/exu/_alu_io_bj_valid (net)                | 1      |             |            |            | 0.000       |        |                 |
| core/exu/_766_:A (BUF_X1)                      |        | 0.001       | 0.000      | 0.006      |             | 0.000  | 0.978r          |
| core/exu/_766_:Z (BUF_X1)                      |        | 0.012       | 0.000      | 0.032      |             | 0.048  | 1.026r          |
| core/exu/_009_ (net)                           | 5      |             |            |            | 0.000       |        |                 |
| fanout_buf_5:A (BUF_X8)                        |        | 0.007       | 0.000      | 0.032      |             | 0.000  | 1.026r          |
| fanout_buf_5:Z (BUF_X8)                        |        | 0.048       | 0.000      | 0.017      |             | 0.038  | 1.064r          |
| fanout_net_5 (net)                             | 30     |             |            |            | 0.000       |        |                 |
| core/exu/_467_:A (INV_X1)                      |        | 0.002       | 0.000      | 0.017      |             | 0.000  | 1.064r          |
| core/exu/_467_:ZN (INV_X1)                     |        | 0.002       | 0.000      | 0.006      |             | 0.010  | 1.074f          |
| core/exu/_305_ (net)                           | 1      |             |            |            | 0.000       |        |                 |
| core/exu/_468_:A1 (NAND2_X1)                   |        | 0.002       | 0.000      | 0.006      |             | 0.000  | 1.074f          |
| core/exu/_468_:ZN (NAND2_X1)                   |        | 0.014       | 0.000      | 0.037      |             | 0.038  | 1.112r          |
| core/exu/_306_ (net)                           | 5      |             |            |            | 0.000       |        |                 |
| core/exu/_469_:A (BUF_X4)                      |        | 0.003       | 0.000      | 0.037      |             | 0.000  | 1.112r          |
| core/exu/_469_:Z (BUF_X4)                      |        | 0.017       | 0.000      | 0.013      |             | 0.034  | 1.146r          |
| core/exu/_307_ (net)                           | 10     |             |            |            | 0.000       |        |                 |
| core/exu/_471_:B1 (OAI21_X1)                   |        | 0.002       | 0.000      | 0.013      |             | 0.000  | 1.146r          |
| core/exu/_471_:ZN (OAI21_X1)                   |        | 0.001       | 0.000      | 0.008      |             | 0.013  | 1.159f          |
| core/exu/_116_ (net)                           | 1      |             |            |            | 0.000       |        |                 |
| core/exu/_767_:A (BUF_X1)                      |        | 0.001       | 0.000      | 0.008      |             | 0.000  | 1.159f          |
| core/exu/_767_:Z (BUF_X1)                      |        | 0.001       | 0.000      | 0.005      |             | 0.025  | 1.184f          |
| core/_exu_io_bj_target[0] (net)                | 1      |             |            |            | 0.000       |        |                 |
| core/ifu/_1279_:A (BUF_X1)                     |        | 0.001       | 0.000      | 0.005      |             | 0.000  | 1.184f          |
| core/ifu/_1279_:Z (BUF_X1)                     |        | 0.005       | 0.000      | 0.010      |             | 0.032  | 1.216f          |
| core/ifu/_0143_ (net)                          | 3      |             |            |            | 0.000       |        |                 |
| core/ifu/_0743_:B (XOR2_X1)                    |        | 0.002       | 0.000      | 0.010      |             | 0.000  | 1.216f          |
| core/ifu/_0743_:Z (XOR2_X1)                    |        | 0.002       | 0.000      | 0.012      |             | 0.056  | 1.271f          |
| core/ifu/_0294_ (net)                          | 1      |             |            |            | 0.000       |        |                 |
| core/ifu/_0744_:A4 (NOR4_X1)                   |        | 0.002       | 0.000      | 0.012      |             | 0.000  | 1.271f          |
| core/ifu/_0744_:ZN (NOR4_X1)                   |        | 0.002       | 0.000      | 0.045      |             | 0.083  | 1.354r          |
| core/ifu/_0295_ (net)                          | 1      |             |            |            | 0.000       |        |                 |
| core/ifu/_0757_:A2 (NAND4_X1)                  |        | 0.002       | 0.000      | 0.045      |             | 0.000  | 1.354r          |
| core/ifu/_0757_:ZN (NAND4_X1)                  |        | 0.006       | 0.000      | 0.032      |             | 0.060  | 1.414f          |
| core/ifu/_0308_ (net)                          | 1      |             |            |            | 0.000       |        |                 |
| core/ifu/_0789_:A1 (NOR2_X4)                   |        | 0.007       | 0.000      | 0.032      |             | 0.000  | 1.414f          |
| core/ifu/_0789_:ZN (NOR2_X4)                   |        | 0.015       | 0.000      | 0.028      |             | 0.042  | 1.455r          |
| core/ifu/_0340_ (net)                          | 6      |             |            |            | 0.000       |        |                 |
| core/ifu/_0791_:A1 (NOR2_X4)                   |        | 0.007       | 0.000      | 0.028      |             | 0.000  | 1.455r          |
| core/ifu/_0791_:ZN (NOR2_X4)                   |        | 0.017       | 0.000      | 0.013      |             | 0.018  | 1.473f          |
| core/ifu/_0342_ (net)                          | 6      |             |            |            | 0.000       |        |                 |
| core/ifu/_0851_:A1 (NOR2_X4)                   |        | 0.007       | 0.000      | 0.013      |             | 0.000  | 1.473f          |
| core/ifu/_0851_:ZN (NOR2_X4)                   |        | 0.012       | 0.000      | 0.023      |             | 0.030  | 1.503r          |
| core/ifu/_0392_ (net)                          | 7      |             |            |            | 0.000       |        |                 |
| core/ifu/_0939_:A1 (NAND2_X1)                  |        | 0.002       | 0.000      | 0.023      |             | 0.000  | 1.503r          |
| core/ifu/_0939_:ZN (NAND2_X1)                  |        | 0.002       | 0.000      | 0.010      |             | 0.017  | 1.520f          |
| core/ifu/_0458_ (net)                          | 1      |             |            |            | 0.000       |        |                 |
| core/ifu/_0940_:A (INV_X1)                     |        | 0.002       | 0.000      | 0.010      |             | 0.000  | 1.520f          |
| core/ifu/_0940_:ZN (INV_X1)                    |        | 0.004       | 0.000      | 0.014      |             | 0.019  | 1.539r          |
| core/ifu/_0281_ (net)                          | 2      |             |            |            | 0.000       |        |                 |
| core/ifu/_1408_:A (BUF_X1)                     |        | 0.001       | 0.000      | 0.014      |             | 0.000  | 1.539r          |
| core/ifu/_1408_:Z (BUF_X1)                     |        | 0.001       | 0.000      | 0.006      |             | 0.022  | 1.561r          |
| core/_ifu_io_pipe_out_valid (net)              | 1      |             |            |            | 0.000       |        |                 |
| core/_2799_:A (BUF_X1)                         |        | 0.001       | 0.000      | 0.006      |             | 0.000  | 1.561r          |
| core/_2799_:Z (BUF_X1)                         |        | 0.006       | 0.000      | 0.019      |             | 0.034  | 1.595r          |
| core/_0851_ (net)                              | 1      |             |            |            | 0.000       |        |                 |
| core/_1951_:A2 (NAND2_X4)                      |        | 0.006       | 0.000      | 0.019      |             | 0.000  | 1.595r          |
| core/_1951_:ZN (NAND2_X4)                      |        | 0.006       | 0.000      | 0.009      |             | 0.016  | 1.611f          |
| core/_1279_ (net)                              | 2      |             |            |            | 0.000       |        |                 |
| core/_1952_:A (BUF_X4)                         |        | 0.003       | 0.000      | 0.009      |             | 0.000  | 1.611f          |
| core/_1952_:Z (BUF_X4)                         |        | 0.038       | 0.000      | 0.013      |             | 0.037  | 1.648f          |
| core/_1280_ (net)                              | 10     |             |            |            | 0.000       |        |                 |
| core/_1985_:A (BUF_X8)                         |        | 0.007       | 0.000      | 0.013      |             | 0.000  | 1.648f          |
| core/_1985_:Z (BUF_X8)                         |        | 0.018       | 0.000      | 0.006      |             | 0.029  | 1.677f          |
| core/_1284_ (net)                              | 10     |             |            |            | 0.000       |        |                 |
| core/_1994_:S (MUX2_X1)                        |        | 0.002       | 0.000      | 0.006      |             | 0.000  | 1.677f          |
| core/_1994_:Z (MUX2_X1)                        |        | 0.001       | 0.000      | 0.009      |             | 0.044  | 1.721f          |
| core/_0488_ (net)                              | 1      |             |            |            | 0.000       |        |                 |
| core/_2906_:A (BUF_X1)                         |        | 0.001       | 0.000      | 0.009      |             | 0.000  | 1.721f          |
| core/_2906_:Z (BUF_X1)                         |        | 0.001       | 0.000      | 0.006      |             | 0.028  | 1.748f          |
| core/_0167_ (net)                              | 1      |             |            |            | 0.000       |        |                 |
| core/_3002_:D (DFF_X1)                         |        | 0.001       | 0.000      | 0.006      |             | 0.000  | 1.748f          |
|                                                |        |             |            |            |             |        |                 |
| clock (port)                                   |        | 1.472       | 0.000      | 0.000      |             | 0.000  | 0.000r          |
| clock (clock net)                              | 1550   |             |            |            | NA          |        |                 |
| core/_3002_:CK (DFF_X1)                        |        | 0.001       | 0.000      | 0.000      |             | 0.000  | 0.000r          |
| clock core_clock (rise edge)                   |        |             |            |            |             | 2      | 2               |
| clock network delay (ideal)                    |        |             |            |            |             | 0.000  | 2.000           |
| core/_3002_:CK (DFF_X1)                        |        |             |            |            |             |        | 2.000r          |
| library setup time                             |        |             |            |            |             | -0.039 | 1.961           |
| clock reconvergence pessimism                  |        |             |            |            |             | 0.000  | 1.961           |
|                                                |        |             |            |            |             |        |                 |
| path cell delay                                |        |             |            |            |             |        | 1.748(100.000%) |
| path net delay                                 |        |             |            |            |             |        | 0.000(0.000%)   |
|                                                |        |             |            |            |             |        |                 |
| data require time                              |        |             |            |            |             |        | 1.961           |
| data arrival time                              |        |             |            |            |             |        | 1.748           |
| slack (MET)                                    |        |             |            |            |             |        | 0.213           |
+------------------------------------------------+--------+-------------+------------+------------+-------------+--------+-----------------+
+------------------------------------------------+--------+-------------+------------+------------+-------------+--------+-----------------+
| Point                                          | Fanout | Capacitance | Resistance | Transition | Delta Delay | Incr   | Path            |
+------------------------------------------------+--------+-------------+------------+------------+-------------+--------+-----------------+
| clock (port)                                   |        | 1.472       | 0.000      | 0.000      |             | 0.000  | 0.000r          |
| clock (clock net)                              | 1550   |             |            |            | NA          |        |                 |
| core/_3220_:CK (DFF_X1)                        |        | 0.001       | 0.000      | 0.000      |             | 0.000  | 0.000r          |
| clock core_clock (rise edge)                   |        |             |            |            |             | 0      | 0               |
| clock network delay (ideal)                    |        |             |            |            |             | 0.000  | 0.000           |
| core/_3220_:CK (DFF_X1)                        |        | 0.001       | 0.000      | 0.000      |             | 0.000  | 0.000r          |
| core/_3220_:Q (DFF_X1)                         |        | 0.004       | 0.000      | 0.013      |             | 0.090  | 0.090r          |
| core/exu_io_pipe_in_bits_r_is2exe_ch2[3] (net) | 4      |             |            |            | 0.000       |        |                 |
| core/exu/alu/_2902_:A (BUF_X1)                 |        | 0.001       | 0.000      | 0.013      |             | 0.000  | 0.090r          |
| core/exu/alu/_2902_:Z (BUF_X1)                 |        | 0.050       | 0.000      | 0.119      |             | 0.142  | 0.232r          |
| core/exu/alu/_0063_ (net)                      | 28     |             |            |            | 0.000       |        |                 |
| fanout_buf_11:A (BUF_X8)                       |        | 0.007       | 0.000      | 0.119      |             | 0.000  | 0.232r          |
| fanout_buf_11:Z (BUF_X8)                       |        | 0.051       | 0.000      | 0.020      |             | 0.045  | 0.277r          |
| fanout_net_11 (net)                            | 30     |             |            |            | 0.000       |        |                 |
| core/exu/alu/_1620_:B (XNOR2_X2)               |        | 0.005       | 0.000      | 0.020      |             | 0.000  | 0.277r          |
| core/exu/alu/_1620_:ZN (XNOR2_X2)              |        | 0.004       | 0.000      | 0.012      |             | 0.022  | 0.299f          |
| core/exu/alu/_0739_ (net)                      | 2      |             |            |            | 0.000       |        |                 |
| core/exu/alu/_1623_:A1 (NAND2_X1)              |        | 0.002       | 0.000      | 0.012      |             | 0.000  | 0.299f          |
| core/exu/alu/_1623_:ZN (NAND2_X1)              |        | 0.003       | 0.000      | 0.015      |             | 0.022  | 0.321r          |
| core/exu/alu/_0742_ (net)                      | 2      |             |            |            | 0.000       |        |                 |
| core/exu/alu/_1624_:A2 (NAND2_X1)              |        | 0.002       | 0.000      | 0.015      |             | 0.000  | 0.321r          |
| core/exu/alu/_1624_:ZN (NAND2_X1)              |        | 0.004       | 0.000      | 0.011      |             | 0.022  | 0.343f          |
| core/exu/alu/_0743_ (net)                      | 2      |             |            |            | 0.000       |        |                 |
| core/exu/alu/_1625_:A (INV_X1)                 |        | 0.002       | 0.000      | 0.011      |             | 0.000  | 0.343f          |
| core/exu/alu/_1625_:ZN (INV_X1)                |        | 0.007       | 0.000      | 0.018      |             | 0.027  | 0.369r          |
| core/exu/alu/_0744_ (net)                      | 1      |             |            |            | 0.000       |        |                 |
| core/exu/alu/_1628_:A2 (NAND3_X4)              |        | 0.007       | 0.000      | 0.018      |             | 0.000  | 0.369r          |
| core/exu/alu/_1628_:ZN (NAND3_X4)              |        | 0.006       | 0.000      | 0.012      |             | 0.022  | 0.392f          |
| core/exu/alu/_0747_ (net)                      | 1      |             |            |            | 0.000       |        |                 |
| core/exu/alu/_1631_:A1 (NAND2_X4)              |        | 0.006       | 0.000      | 0.012      |             | 0.000  | 0.392f          |
| core/exu/alu/_1631_:ZN (NAND2_X4)              |        | 0.008       | 0.000      | 0.011      |             | 0.016  | 0.408r          |
| core/exu/alu/_0750_ (net)                      | 2      |             |            |            | 0.000       |        |                 |
| core/exu/alu/_1632_:A (INV_X4)                 |        | 0.006       | 0.000      | 0.011      |             | 0.000  | 0.408r          |
| core/exu/alu/_1632_:ZN (INV_X4)                |        | 0.008       | 0.000      | 0.005      |             | 0.010  | 0.418f          |
| core/exu/alu/_0751_ (net)                      | 3      |             |            |            | 0.000       |        |                 |
| core/exu/alu/_1647_:A1 (NOR3_X4)               |        | 0.007       | 0.000      | 0.005      |             | 0.000  | 0.418f          |
| core/exu/alu/_1647_:ZN (NOR3_X4)               |        | 0.007       | 0.000      | 0.028      |             | 0.031  | 0.449r          |
| core/exu/alu/_0766_ (net)                      | 1      |             |            |            | 0.000       |        |                 |
| core/exu/alu/_1655_:A1 (NOR2_X4)               |        | 0.007       | 0.000      | 0.028      |             | 0.000  | 0.449r          |
| core/exu/alu/_1655_:ZN (NOR2_X4)               |        | 0.012       | 0.000      | 0.017      |             | 0.015  | 0.464f          |
| core/exu/alu/_0774_ (net)                      | 2      |             |            |            | 0.000       |        |                 |
| core/exu/alu/_1656_:A (INV_X8)                 |        | 0.012       | 0.000      | 0.017      |             | 0.000  | 0.464f          |
| core/exu/alu/_1656_:ZN (INV_X8)                |        | 0.011       | 0.000      | 0.008      |             | 0.016  | 0.480r          |
| core/exu/alu/_0775_ (net)                      | 4      |             |            |            | 0.000       |        |                 |
| core/exu/alu/_1693_:A1 (NAND3_X4)              |        | 0.006       | 0.000      | 0.008      |             | 0.000  | 0.480r          |
| core/exu/alu/_1693_:ZN (NAND3_X4)              |        | 0.007       | 0.000      | 0.012      |             | 0.018  | 0.499f          |
| core/exu/alu/_0812_ (net)                      | 2      |             |            |            | 0.000       |        |                 |
| core/exu/alu/_1711_:A1 (NAND2_X4)              |        | 0.006       | 0.000      | 0.012      |             | 0.000  | 0.499f          |
| core/exu/alu/_1711_:ZN (NAND2_X4)              |        | 0.011       | 0.000      | 0.013      |             | 0.019  | 0.517r          |
| core/exu/alu/_0830_ (net)                      | 4      |             |            |            | 0.000       |        |                 |
| core/exu/alu/_1746_:A1 (NAND3_X4)              |        | 0.006       | 0.000      | 0.013      |             | 0.000  | 0.517r          |
| core/exu/alu/_1746_:ZN (NAND3_X4)              |        | 0.006       | 0.000      | 0.011      |             | 0.019  | 0.536f          |
| core/exu/alu/_0865_ (net)                      | 1      |             |            |            | 0.000       |        |                 |
| core/exu/alu/_1762_:A1 (NAND2_X4)              |        | 0.006       | 0.000      | 0.011      |             | 0.000  | 0.536f          |
| core/exu/alu/_1762_:ZN (NAND2_X4)              |        | 0.010       | 0.000      | 0.012      |             | 0.017  | 0.553r          |
| core/exu/alu/_0881_ (net)                      | 5      |             |            |            | 0.000       |        |                 |
| core/exu/alu/_2730_:A1 (NAND2_X2)              |        | 0.003       | 0.000      | 0.012      |             | 0.000  | 0.553r          |
| core/exu/alu/_2730_:ZN (NAND2_X2)              |        | 0.003       | 0.000      | 0.007      |             | 0.014  | 0.567f          |
| core/exu/alu/_0501_ (net)                      | 1      |             |            |            | 0.000       |        |                 |
| core/exu/alu/_2732_:A1 (NAND2_X2)              |        | 0.003       | 0.000      | 0.007      |             | 0.000  | 0.567f          |
| core/exu/alu/_2732_:ZN (NAND2_X2)              |        | 0.005       | 0.000      | 0.011      |             | 0.016  | 0.582r          |
| core/exu/alu/_0503_ (net)                      | 2      |             |            |            | 0.000       |        |                 |
| core/exu/alu/_2733_:A (INV_X2)                 |        | 0.003       | 0.000      | 0.011      |             | 0.000  | 0.582r          |
| core/exu/alu/_2733_:ZN (INV_X2)                |        | 0.004       | 0.000      | 0.005      |             | 0.009  | 0.592f          |
| core/exu/alu/_0504_ (net)                      | 2      |             |            |            | 0.000       |        |                 |
| core/exu/alu/_2772_:A1 (NOR2_X2)               |        | 0.003       | 0.000      | 0.005      |             | 0.000  | 0.592f          |
| core/exu/alu/_2772_:ZN (NOR2_X2)               |        | 0.003       | 0.000      | 0.017      |             | 0.021  | 0.613r          |
| core/exu/alu/_0545_ (net)                      | 1      |             |            |            | 0.000       |        |                 |
| core/exu/alu/_2773_:A1 (NOR2_X2)               |        | 0.003       | 0.000      | 0.017      |             | 0.000  | 0.613r          |
| core/exu/alu/_2773_:ZN (NOR2_X2)               |        | 0.003       | 0.000      | 0.011      |             | 0.011  | 0.623f          |
| core/exu/alu/_0546_ (net)                      | 1      |             |            |            | 0.000       |        |                 |
| core/exu/alu/_2774_:A (INV_X2)                 |        | 0.003       | 0.000      | 0.011      |             | 0.000  | 0.623f          |
| core/exu/alu/_2774_:ZN (INV_X2)                |        | 0.005       | 0.000      | 0.009      |             | 0.016  | 0.639r          |
| core/exu/alu/_0547_ (net)                      | 3      |             |            |            | 0.000       |        |                 |
| core/exu/alu/_2808_:A1 (NAND2_X1)              |        | 0.002       | 0.000      | 0.009      |             | 0.000  | 0.639r          |
| core/exu/alu/_2808_:ZN (NAND2_X1)              |        | 0.002       | 0.000      | 0.011      |             | 0.013  | 0.652f          |
| core/exu/alu/_0583_ (net)                      | 1      |             |            |            | 0.000       |        |                 |
| core/exu/alu/_2809_:A1 (NAND2_X1)              |        | 0.002       | 0.000      | 0.011      |             | 0.000  | 0.652f          |
| core/exu/alu/_2809_:ZN (NAND2_X1)              |        | 0.002       | 0.000      | 0.012      |             | 0.019  | 0.671r          |
| core/exu/alu/_0584_ (net)                      | 1      |             |            |            | 0.000       |        |                 |
| core/exu/alu/_2810_:A (XOR2_X1)                |        | 0.002       | 0.000      | 0.012      |             | 0.000  | 0.671r          |
| core/exu/alu/_2810_:Z (XOR2_X1)                |        | 0.002       | 0.000      | 0.023      |             | 0.049  | 0.720r          |
| core/exu/alu/_0586_ (net)                      | 1      |             |            |            | 0.000       |        |                 |
| core/exu/alu/_2811_:B1 (OAI21_X1)              |        | 0.002       | 0.000      | 0.023      |             | 0.000  | 0.720r          |
| core/exu/alu/_2811_:ZN (OAI21_X1)              |        | 0.002       | 0.000      | 0.012      |             | 0.021  | 0.741f          |
| core/exu/alu/_0098_ (net)                      | 2      |             |            |            | 0.000       |        |                 |
| core/exu/alu/_2813_:A1 (NOR4_X1)               |        | 0.002       | 0.000      | 0.012      |             | 0.000  | 0.741f          |
| core/exu/alu/_2813_:ZN (NOR4_X1)               |        | 0.002       | 0.000      | 0.045      |             | 0.050  | 0.791r          |
| core/exu/alu/_0588_ (net)                      | 1      |             |            |            | 0.000       |        |                 |
| core/exu/alu/_2817_:A1 (NAND4_X1)              |        | 0.002       | 0.000      | 0.045      |             | 0.000  | 0.791r          |
| core/exu/alu/_2817_:ZN (NAND4_X1)              |        | 0.001       | 0.000      | 0.022      |             | 0.036  | 0.827f          |
| core/exu/alu/_0592_ (net)                      | 1      |             |            |            | 0.000       |        |                 |
| core/exu/alu/_2823_:A1 (OR2_X2)                |        | 0.002       | 0.000      | 0.022      |             | 0.000  | 0.827f          |
| core/exu/alu/_2823_:ZN (OR2_X2)                |        | 0.004       | 0.000      | 0.010      |             | 0.050  | 0.877f          |
| core/exu/alu/_0599_ (net)                      | 2      |             |            |            | 0.000       |        |                 |
| core/exu/alu/_2828_:A1 (OR3_X4)                |        | 0.003       | 0.000      | 0.010      |             | 0.000  | 0.877f          |
| core/exu/alu/_2828_:ZN (OR3_X4)                |        | 0.001       | 0.000      | 0.011      |             | 0.054  | 0.931f          |
| core/exu/alu/_0604_ (net)                      | 1      |             |            |            | 0.000       |        |                 |
| core/exu/alu/_2840_:B1 (AOI21_X1)              |        | 0.002       | 0.000      | 0.011      |             | 0.000  | 0.931f          |
| core/exu/alu/_2840_:ZN (AOI21_X1)              |        | 0.001       | 0.000      | 0.018      |             | 0.023  | 0.954r          |
| core/exu/alu/_0001_ (net)                      | 1      |             |            |            | 0.000       |        |                 |
| core/exu/alu/_2949_:A (BUF_X1)                 |        | 0.001       | 0.000      | 0.018      |             | 0.000  | 0.954r          |
| core/exu/alu/_2949_:Z (BUF_X1)                 |        | 0.001       | 0.000      | 0.006      |             | 0.023  | 0.978r          |
| core/exu/_alu_io_bj_valid (net)                | 1      |             |            |            | 0.000       |        |                 |
| core/exu/_766_:A (BUF_X1)                      |        | 0.001       | 0.000      | 0.006      |             | 0.000  | 0.978r          |
| core/exu/_766_:Z (BUF_X1)                      |        | 0.012       | 0.000      | 0.032      |             | 0.048  | 1.026r          |
| core/exu/_009_ (net)                           | 5      |             |            |            | 0.000       |        |                 |
| fanout_buf_5:A (BUF_X8)                        |        | 0.007       | 0.000      | 0.032      |             | 0.000  | 1.026r          |
| fanout_buf_5:Z (BUF_X8)                        |        | 0.048       | 0.000      | 0.017      |             | 0.038  | 1.064r          |
| fanout_net_5 (net)                             | 30     |             |            |            | 0.000       |        |                 |
| core/exu/_467_:A (INV_X1)                      |        | 0.002       | 0.000      | 0.017      |             | 0.000  | 1.064r          |
| core/exu/_467_:ZN (INV_X1)                     |        | 0.002       | 0.000      | 0.006      |             | 0.010  | 1.074f          |
| core/exu/_305_ (net)                           | 1      |             |            |            | 0.000       |        |                 |
| core/exu/_468_:A1 (NAND2_X1)                   |        | 0.002       | 0.000      | 0.006      |             | 0.000  | 1.074f          |
| core/exu/_468_:ZN (NAND2_X1)                   |        | 0.014       | 0.000      | 0.037      |             | 0.038  | 1.112r          |
| core/exu/_306_ (net)                           | 5      |             |            |            | 0.000       |        |                 |
| core/exu/_469_:A (BUF_X4)                      |        | 0.003       | 0.000      | 0.037      |             | 0.000  | 1.112r          |
| core/exu/_469_:Z (BUF_X4)                      |        | 0.017       | 0.000      | 0.013      |             | 0.034  | 1.146r          |
| core/exu/_307_ (net)                           | 10     |             |            |            | 0.000       |        |                 |
| core/exu/_471_:B1 (OAI21_X1)                   |        | 0.002       | 0.000      | 0.013      |             | 0.000  | 1.146r          |
| core/exu/_471_:ZN (OAI21_X1)                   |        | 0.001       | 0.000      | 0.008      |             | 0.013  | 1.159f          |
| core/exu/_116_ (net)                           | 1      |             |            |            | 0.000       |        |                 |
| core/exu/_767_:A (BUF_X1)                      |        | 0.001       | 0.000      | 0.008      |             | 0.000  | 1.159f          |
| core/exu/_767_:Z (BUF_X1)                      |        | 0.001       | 0.000      | 0.005      |             | 0.025  | 1.184f          |
| core/_exu_io_bj_target[0] (net)                | 1      |             |            |            | 0.000       |        |                 |
| core/ifu/_1279_:A (BUF_X1)                     |        | 0.001       | 0.000      | 0.005      |             | 0.000  | 1.184f          |
| core/ifu/_1279_:Z (BUF_X1)                     |        | 0.005       | 0.000      | 0.010      |             | 0.032  | 1.216f          |
| core/ifu/_0143_ (net)                          | 3      |             |            |            | 0.000       |        |                 |
| core/ifu/_0743_:B (XOR2_X1)                    |        | 0.002       | 0.000      | 0.010      |             | 0.000  | 1.216f          |
| core/ifu/_0743_:Z (XOR2_X1)                    |        | 0.002       | 0.000      | 0.012      |             | 0.056  | 1.271f          |
| core/ifu/_0294_ (net)                          | 1      |             |            |            | 0.000       |        |                 |
| core/ifu/_0744_:A4 (NOR4_X1)                   |        | 0.002       | 0.000      | 0.012      |             | 0.000  | 1.271f          |
| core/ifu/_0744_:ZN (NOR4_X1)                   |        | 0.002       | 0.000      | 0.045      |             | 0.083  | 1.354r          |
| core/ifu/_0295_ (net)                          | 1      |             |            |            | 0.000       |        |                 |
| core/ifu/_0757_:A2 (NAND4_X1)                  |        | 0.002       | 0.000      | 0.045      |             | 0.000  | 1.354r          |
| core/ifu/_0757_:ZN (NAND4_X1)                  |        | 0.006       | 0.000      | 0.032      |             | 0.060  | 1.414f          |
| core/ifu/_0308_ (net)                          | 1      |             |            |            | 0.000       |        |                 |
| core/ifu/_0789_:A1 (NOR2_X4)                   |        | 0.007       | 0.000      | 0.032      |             | 0.000  | 1.414f          |
| core/ifu/_0789_:ZN (NOR2_X4)                   |        | 0.015       | 0.000      | 0.028      |             | 0.042  | 1.455r          |
| core/ifu/_0340_ (net)                          | 6      |             |            |            | 0.000       |        |                 |
| core/ifu/_0791_:A1 (NOR2_X4)                   |        | 0.007       | 0.000      | 0.028      |             | 0.000  | 1.455r          |
| core/ifu/_0791_:ZN (NOR2_X4)                   |        | 0.017       | 0.000      | 0.013      |             | 0.018  | 1.473f          |
| core/ifu/_0342_ (net)                          | 6      |             |            |            | 0.000       |        |                 |
| core/ifu/_0851_:A1 (NOR2_X4)                   |        | 0.007       | 0.000      | 0.013      |             | 0.000  | 1.473f          |
| core/ifu/_0851_:ZN (NOR2_X4)                   |        | 0.012       | 0.000      | 0.023      |             | 0.030  | 1.503r          |
| core/ifu/_0392_ (net)                          | 7      |             |            |            | 0.000       |        |                 |
| core/ifu/_0939_:A1 (NAND2_X1)                  |        | 0.002       | 0.000      | 0.023      |             | 0.000  | 1.503r          |
| core/ifu/_0939_:ZN (NAND2_X1)                  |        | 0.002       | 0.000      | 0.010      |             | 0.017  | 1.520f          |
| core/ifu/_0458_ (net)                          | 1      |             |            |            | 0.000       |        |                 |
| core/ifu/_0940_:A (INV_X1)                     |        | 0.002       | 0.000      | 0.010      |             | 0.000  | 1.520f          |
| core/ifu/_0940_:ZN (INV_X1)                    |        | 0.004       | 0.000      | 0.014      |             | 0.019  | 1.539r          |
| core/ifu/_0281_ (net)                          | 2      |             |            |            | 0.000       |        |                 |
| core/ifu/_1408_:A (BUF_X1)                     |        | 0.001       | 0.000      | 0.014      |             | 0.000  | 1.539r          |
| core/ifu/_1408_:Z (BUF_X1)                     |        | 0.001       | 0.000      | 0.006      |             | 0.022  | 1.561r          |
| core/_ifu_io_pipe_out_valid (net)              | 1      |             |            |            | 0.000       |        |                 |
| core/_2799_:A (BUF_X1)                         |        | 0.001       | 0.000      | 0.006      |             | 0.000  | 1.561r          |
| core/_2799_:Z (BUF_X1)                         |        | 0.006       | 0.000      | 0.019      |             | 0.034  | 1.595r          |
| core/_0851_ (net)                              | 1      |             |            |            | 0.000       |        |                 |
| core/_1951_:A2 (NAND2_X4)                      |        | 0.006       | 0.000      | 0.019      |             | 0.000  | 1.595r          |
| core/_1951_:ZN (NAND2_X4)                      |        | 0.006       | 0.000      | 0.009      |             | 0.016  | 1.611f          |
| core/_1279_ (net)                              | 2      |             |            |            | 0.000       |        |                 |
| core/_1952_:A (BUF_X4)                         |        | 0.003       | 0.000      | 0.009      |             | 0.000  | 1.611f          |
| core/_1952_:Z (BUF_X4)                         |        | 0.038       | 0.000      | 0.013      |             | 0.037  | 1.648f          |
| core/_1280_ (net)                              | 10     |             |            |            | 0.000       |        |                 |
| core/_1985_:A (BUF_X8)                         |        | 0.007       | 0.000      | 0.013      |             | 0.000  | 1.648f          |
| core/_1985_:Z (BUF_X8)                         |        | 0.018       | 0.000      | 0.006      |             | 0.029  | 1.677f          |
| core/_1284_ (net)                              | 10     |             |            |            | 0.000       |        |                 |
| core/_1988_:S (MUX2_X1)                        |        | 0.002       | 0.000      | 0.006      |             | 0.000  | 1.677f          |
| core/_1988_:Z (MUX2_X1)                        |        | 0.001       | 0.000      | 0.009      |             | 0.044  | 1.721f          |
| core/_0458_ (net)                              | 1      |             |            |            | 0.000       |        |                 |
| core/_2895_:A (BUF_X1)                         |        | 0.001       | 0.000      | 0.009      |             | 0.000  | 1.721f          |
| core/_2895_:Z (BUF_X1)                         |        | 0.001       | 0.000      | 0.006      |             | 0.028  | 1.748f          |
| core/_0137_ (net)                              | 1      |             |            |            | 0.000       |        |                 |
| core/_3063_:D (DFF_X1)                         |        | 0.001       | 0.000      | 0.006      |             | 0.000  | 1.748f          |
|                                                |        |             |            |            |             |        |                 |
| clock (port)                                   |        | 1.472       | 0.000      | 0.000      |             | 0.000  | 0.000r          |
| clock (clock net)                              | 1550   |             |            |            | NA          |        |                 |
| core/_3063_:CK (DFF_X1)                        |        | 0.001       | 0.000      | 0.000      |             | 0.000  | 0.000r          |
| clock core_clock (rise edge)                   |        |             |            |            |             | 2      | 2               |
| clock network delay (ideal)                    |        |             |            |            |             | 0.000  | 2.000           |
| core/_3063_:CK (DFF_X1)                        |        |             |            |            |             |        | 2.000r          |
| library setup time                             |        |             |            |            |             | -0.039 | 1.961           |
| clock reconvergence pessimism                  |        |             |            |            |             | 0.000  | 1.961           |
|                                                |        |             |            |            |             |        |                 |
| path cell delay                                |        |             |            |            |             |        | 1.748(100.000%) |
| path net delay                                 |        |             |            |            |             |        | 0.000(0.000%)   |
|                                                |        |             |            |            |             |        |                 |
| data require time                              |        |             |            |            |             |        | 1.961           |
| data arrival time                              |        |             |            |            |             |        | 1.748           |
| slack (MET)                                    |        |             |            |            |             |        | 0.213           |
+------------------------------------------------+--------+-------------+------------+------------+-------------+--------+-----------------+
+----------------------------------+--------+-------------+------------+------------+-------------+--------+-----------------+
| Point                            | Fanout | Capacitance | Resistance | Transition | Delta Delay | Incr   | Path            |
+----------------------------------+--------+-------------+------------+------------+-------------+--------+-----------------+
| clock (port)                     |        | 1.472       | 0.000      | 0.000      |             | 0.000  | 0.000r          |
| clock (clock net)                | 1550   |             |            |            | NA          |        |                 |
| core/ifu/_1492_:CK (DFF_X1)      |        | 0.001       | 0.000      | 0.000      |             | 0.000  | 0.000r          |
| clock core_clock (rise edge)     |        |             |            |            |             | 0      | 0               |
| clock network delay (ideal)      |        |             |            |            |             | 0.000  | 0.000           |
| core/ifu/_1492_:CK (DFF_X1)      |        | 0.001       | 0.000      | 0.000      |             | 0.000  | 0.000r          |
| core/ifu/_1492_:Q (DFF_X1)       |        | 0.003       | 0.000      | 0.008      |             | 0.081  | 0.081f          |
| core/_ifu_io_pipe_in_ready (net) | 3      |             |            |            | 0.000       |        |                 |
| core/_2998_:D (DFF_X1)           |        | 0.001       | 0.000      | 0.008      |             | 0.000  | 0.081f          |
|                                  |        |             |            |            |             |        |                 |
| clock (port)                     |        | 1.472       | 0.000      | 0.000      |             | 0.000  | 0.000r          |
| clock (clock net)                | 1550   |             |            |            | NA          |        |                 |
| core/_2998_:CK (DFF_X1)          |        | 0.001       | 0.000      | 0.000      |             | 0.000  | 0.000r          |
| clock core_clock (rise edge)     |        |             |            |            |             | 0      | 0               |
| clock network delay (ideal)      |        |             |            |            |             | 0.000  | 0.000           |
| core/_2998_:CK (DFF_X1)          |        |             |            |            |             |        | 0.000r          |
| library hold time                |        |             |            |            |             | 0.002  | 0.002           |
| clock reconvergence pessimism    |        |             |            |            |             | -0.000 | 0.002           |
|                                  |        |             |            |            |             |        |                 |
| path cell delay                  |        |             |            |            |             |        | 0.081(100.000%) |
| path net delay                   |        |             |            |            |             |        | 0.000(0.000%)   |
|                                  |        |             |            |            |             |        |                 |
| data require time                |        |             |            |            |             |        | 0.002           |
| data arrival time                |        |             |            |            |             |        | 0.081           |
| slack (MET)                      |        |             |            |            |             |        | 0.079           |
+----------------------------------+--------+-------------+------------+------------+-------------+--------+-----------------+
+----------------------------------+--------+-------------+------------+------------+-------------+--------+-----------------+
| Point                            | Fanout | Capacitance | Resistance | Transition | Delta Delay | Incr   | Path            |
+----------------------------------+--------+-------------+------------+------------+-------------+--------+-----------------+
| clock (port)                     |        | 1.472       | 0.000      | 0.000      |             | 0.000  | 0.000r          |
| clock (clock net)                | 1550   |             |            |            | NA          |        |                 |
| core/ifu/_1492_:CK (DFF_X1)      |        | 0.001       | 0.000      | 0.000      |             | 0.000  | 0.000r          |
| clock core_clock (rise edge)     |        |             |            |            |             | 0      | 0               |
| clock network delay (ideal)      |        |             |            |            |             | 0.000  | 0.000           |
| core/ifu/_1492_:CK (DFF_X1)      |        | 0.001       | 0.000      | 0.000      |             | 0.000  | 0.000r          |
| core/ifu/_1492_:Q (DFF_X1)       |        | 0.003       | 0.000      | 0.011      |             | 0.088  | 0.088r          |
| core/_ifu_io_pipe_in_ready (net) | 3      |             |            |            | 0.000       |        |                 |
| core/_2998_:D (DFF_X1)           |        | 0.001       | 0.000      | 0.011      |             | 0.000  | 0.088r          |
|                                  |        |             |            |            |             |        |                 |
| clock (port)                     |        | 1.472       | 0.000      | 0.000      |             | 0.000  | 0.000r          |
| clock (clock net)                | 1550   |             |            |            | NA          |        |                 |
| core/_2998_:CK (DFF_X1)          |        | 0.001       | 0.000      | 0.000      |             | 0.000  | 0.000r          |
| clock core_clock (rise edge)     |        |             |            |            |             | 0      | 0               |
| clock network delay (ideal)      |        |             |            |            |             | 0.000  | 0.000           |
| core/_2998_:CK (DFF_X1)          |        |             |            |            |             |        | 0.000r          |
| library hold time                |        |             |            |            |             | 0.006  | 0.006           |
| clock reconvergence pessimism    |        |             |            |            |             | -0.000 | 0.006           |
|                                  |        |             |            |            |             |        |                 |
| path cell delay                  |        |             |            |            |             |        | 0.088(100.000%) |
| path net delay                   |        |             |            |            |             |        | 0.000(0.000%)   |
|                                  |        |             |            |            |             |        |                 |
| data require time                |        |             |            |            |             |        | 0.006           |
| data arrival time                |        |             |            |            |             |        | 0.088           |
| slack (MET)                      |        |             |            |            |             |        | 0.082           |
+----------------------------------+--------+-------------+------------+------------+-------------+--------+-----------------+
+----------------------------------+--------+-------------+------------+------------+-------------+--------+-----------------+
| Point                            | Fanout | Capacitance | Resistance | Transition | Delta Delay | Incr   | Path            |
+----------------------------------+--------+-------------+------------+------------+-------------+--------+-----------------+
| clock (port)                     |        | 1.472       | 0.000      | 0.000      |             | 0.000  | 0.000r          |
| clock (clock net)                | 1550   |             |            |            | NA          |        |                 |
| core/icache/_4624_:CK (DFF_X1)   |        | 0.001       | 0.000      | 0.000      |             | 0.000  | 0.000r          |
| clock core_clock (rise edge)     |        |             |            |            |             | 0      | 0               |
| clock network delay (ideal)      |        |             |            |            |             | 0.000  | 0.000           |
| core/icache/_4624_:CK (DFF_X1)   |        | 0.001       | 0.000      | 0.000      |             | 0.000  | 0.000r          |
| core/icache/_4624_:QN (DFF_X1)   |        | 0.001       | 0.000      | 0.008      |             | 0.060  | 0.060r          |
| core/icache/_0357_ (net)         | 1      |             |            |            | 0.000       |        |                 |
| core/icache/_3974_:A (BUF_X1)    |        | 0.001       | 0.000      | 0.008      |             | 0.000  | 0.060r          |
| core/icache/_3974_:Z (BUF_X1)    |        | 0.003       | 0.000      | 0.010      |             | 0.025  | 0.085r          |
| core/icache/_0886_ (net)         | 2      |             |            |            | 0.000       |        |                 |
| core/icache/_3077_:B1 (AOI21_X1) |        | 0.002       | 0.000      | 0.010      |             | 0.000  | 0.085r          |
| core/icache/_3077_:ZN (AOI21_X1) |        | 0.001       | 0.000      | 0.006      |             | 0.012  | 0.097f          |
| core/icache/_0721_ (net)         | 1      |             |            |            | 0.000       |        |                 |
| core/icache/_4126_:A (BUF_X1)    |        | 0.001       | 0.000      | 0.006      |             | 0.000  | 0.097f          |
| core/icache/_4126_:Z (BUF_X1)    |        | 0.001       | 0.000      | 0.006      |             | 0.026  | 0.123f          |
| core/icache/_0192_ (net)         | 1      |             |            |            | 0.000       |        |                 |
| core/icache/_4624_:D (DFF_X1)    |        | 0.001       | 0.000      | 0.006      |             | 0.000  | 0.123f          |
|                                  |        |             |            |            |             |        |                 |
| clock (port)                     |        | 1.472       | 0.000      | 0.000      |             | 0.000  | 0.000r          |
| clock (clock net)                | 1550   |             |            |            | NA          |        |                 |
| core/icache/_4624_:CK (DFF_X1)   |        | 0.001       | 0.000      | 0.000      |             | 0.000  | 0.000r          |
| clock core_clock (rise edge)     |        |             |            |            |             | 0      | 0               |
| clock network delay (ideal)      |        |             |            |            |             | 0.000  | 0.000           |
| core/icache/_4624_:CK (DFF_X1)   |        |             |            |            |             |        | 0.000r          |
| library hold time                |        |             |            |            |             | 0.002  | 0.002           |
| clock reconvergence pessimism    |        |             |            |            |             | -0.000 | 0.002           |
|                                  |        |             |            |            |             |        |                 |
| path cell delay                  |        |             |            |            |             |        | 0.123(100.000%) |
| path net delay                   |        |             |            |            |             |        | 0.000(0.000%)   |
|                                  |        |             |            |            |             |        |                 |
| data require time                |        |             |            |            |             |        | 0.002           |
| data arrival time                |        |             |            |            |             |        | 0.123           |
| slack (MET)                      |        |             |            |            |             |        | 0.121           |
+----------------------------------+--------+-------------+------------+------------+-------------+--------+-----------------+
